Archive member included to satisfy reference by file (symbol)

.\CortexM0\ARM_GCC_541\Debug\BatteryBalance.a(CyLib.o)
                              .\CortexM0\ARM_GCC_541\Debug\cyfitter_cfg.o (CyIntEnable)
.\CortexM0\ARM_GCC_541\Debug\BatteryBalance.a(CyLFClk.o)
                              .\CortexM0\ARM_GCC_541\Debug\BatteryBalance.a(CyLib.o) (CySysClkWcoEnabled)
.\CortexM0\ARM_GCC_541\Debug\BatteryBalance.a(I2C_Brain.o)
                              .\CortexM0\ARM_GCC_541\Debug\battery.o (I2C_Brain_Start)
.\CortexM0\ARM_GCC_541\Debug\BatteryBalance.a(I2C_Brain_I2C.o)
                              .\CortexM0\ARM_GCC_541\Debug\BatteryBalance.a(I2C_Brain.o) (I2C_Brain_I2CInit)
.\CortexM0\ARM_GCC_541\Debug\BatteryBalance.a(I2C_Brain_I2C_MASTER.o)
                              .\CortexM0\ARM_GCC_541\Debug\battery.o (I2C_Brain_I2CMasterSendStart)
.\CortexM0\ARM_GCC_541\Debug\BatteryBalance.a(Jetty.o)
                              .\CortexM0\ARM_GCC_541\Debug\battery.o (Jetty_Start)
.\CortexM0\ARM_GCC_541\Debug\BatteryBalance.a(Jetty_I2C.o)
                              .\CortexM0\ARM_GCC_541\Debug\BatteryBalance.a(Jetty.o) (Jetty_I2CInit)
.\CortexM0\ARM_GCC_541\Debug\BatteryBalance.a(Jetty_I2C_MASTER.o)
                              .\CortexM0\ARM_GCC_541\Debug\BatteryBalance.a(Jetty_I2C.o) (Jetty_mstrRdBufIndex)
.\CortexM0\ARM_GCC_541\Debug\BatteryBalance.a(INA226_I2C.o)
                              .\CortexM0\ARM_GCC_541\Debug\INA226.o (INA226_I2C_Start)
.\CortexM0\ARM_GCC_541\Debug\BatteryBalance.a(INA226_I2C_I2C.o)
                              .\CortexM0\ARM_GCC_541\Debug\BatteryBalance.a(INA226_I2C.o) (INA226_I2C_I2CInit)
.\CortexM0\ARM_GCC_541\Debug\BatteryBalance.a(INA226_I2C_I2C_MASTER.o)
                              .\CortexM0\ARM_GCC_541\Debug\INA226.o (INA226_I2C_I2CMasterSendStart)
.\CortexM0\ARM_GCC_541\Debug\BatteryBalance.a(DBG_UART_UART.o)
                              .\CortexM0\ARM_GCC_541\Debug\INA226.o (DBG_UART_UartPutString)
.\CortexM0\ARM_GCC_541\Debug\BatteryBalance.a(CyBootAsmGnu.o)
                              .\CortexM0\ARM_GCC_541\Debug\BatteryBalance.a(CyLib.o) (CyDelayCycles)
.\CortexM0\ARM_GCC_541\Debug\BatteryBalance.a(CyFlash.o)
                              .\CortexM0\ARM_GCC_541\Debug\BatteryBalance.a(CyLib.o) (CySysFlashSetWaitCycles)
.\CortexM0\ARM_GCC_541\Debug\BatteryBalance.a(I2C_Brain_I2C_INT.o)
                              .\CortexM0\ARM_GCC_541\Debug\BatteryBalance.a(I2C_Brain_I2C.o) (I2C_Brain_I2C_ISR)
.\CortexM0\ARM_GCC_541\Debug\BatteryBalance.a(Jetty_I2C_INT.o)
                              .\CortexM0\ARM_GCC_541\Debug\BatteryBalance.a(Jetty_I2C.o) (Jetty_I2C_ISR)
.\CortexM0\ARM_GCC_541\Debug\BatteryBalance.a(INA226_I2C_I2C_INT.o)
                              .\CortexM0\ARM_GCC_541\Debug\BatteryBalance.a(INA226_I2C_I2C.o) (INA226_I2C_I2C_ISR)
.\CortexM0\ARM_GCC_541\Debug\BatteryBalance.a(DBG_UART.o)
                              .\CortexM0\ARM_GCC_541\Debug\BatteryBalance.a(DBG_UART_UART.o) (DBG_UART_IntrTxMask)
.\CortexM0\ARM_GCC_541\Debug\BatteryBalance.a(DBG_UART_SPI_UART.o)
                              .\CortexM0\ARM_GCC_541\Debug\BatteryBalance.a(DBG_UART_UART.o) (DBG_UART_SpiUartReadRxData)
c:/program files (x86)/cypress/psoc creator/4.4/psoc creator/import/gnu/arm/5.4.1/bin/../lib/gcc/arm-none-eabi/5.4.1/armv6-m\libgcc.a(_udivsi3.o)
                              .\CortexM0\ARM_GCC_541\Debug\BatteryBalance.a(CyLib.o) (__aeabi_uidiv)
c:/program files (x86)/cypress/psoc creator/4.4/psoc creator/import/gnu/arm/5.4.1/bin/../lib/gcc/arm-none-eabi/5.4.1/armv6-m\libgcc.a(_divsi3.o)
                              .\CortexM0\ARM_GCC_541\Debug\INA226.o (__aeabi_idiv)
c:/program files (x86)/cypress/psoc creator/4.4/psoc creator/import/gnu/arm/5.4.1/bin/../lib/gcc/arm-none-eabi/5.4.1/armv6-m\libgcc.a(_dvmd_tls.o)
                              c:/program files (x86)/cypress/psoc creator/4.4/psoc creator/import/gnu/arm/5.4.1/bin/../lib/gcc/arm-none-eabi/5.4.1/armv6-m\libgcc.a(_udivsi3.o) (__aeabi_idiv0)
c:/program files (x86)/cypress/psoc creator/4.4/psoc creator/import/gnu/arm/5.4.1/bin/../lib/gcc/arm-none-eabi/5.4.1/armv6-m\libgcc.a(_fixunsdfsi.o)
                              .\CortexM0\ARM_GCC_541\Debug\INA226.o (__aeabi_d2uiz)
c:/program files (x86)/cypress/psoc creator/4.4/psoc creator/import/gnu/arm/5.4.1/bin/../lib/gcc/arm-none-eabi/5.4.1/armv6-m\libgcc.a(muldf3.o)
                              .\CortexM0\ARM_GCC_541\Debug\INA226.o (__aeabi_dmul)
c:/program files (x86)/cypress/psoc creator/4.4/psoc creator/import/gnu/arm/5.4.1/bin/../lib/gcc/arm-none-eabi/5.4.1/armv6-m\libgcc.a(subdf3.o)
                              c:/program files (x86)/cypress/psoc creator/4.4/psoc creator/import/gnu/arm/5.4.1/bin/../lib/gcc/arm-none-eabi/5.4.1/armv6-m\libgcc.a(_fixunsdfsi.o) (__aeabi_dsub)
c:/program files (x86)/cypress/psoc creator/4.4/psoc creator/import/gnu/arm/5.4.1/bin/../lib/gcc/arm-none-eabi/5.4.1/armv6-m\libgcc.a(fixdfsi.o)
[...]
Memory Configuration

Name             Origin             Length             Attributes
rom              0x00000000         0x00040000         xr
ram              0x20000000         0x00008000         xrw
*default*        0x00000000         0xffffffff

Linker script and memory map

LOAD c:/program files (x86)/cypress/psoc creator/4.4/psoc creator/import/gnu/arm/5.4.1/bin/../lib/gcc/arm-none-eabi/5.4.1/armv6-m/crti.o
LOAD c:/program files (x86)/cypress/psoc creator/4.4/psoc creator/import/gnu/arm/5.4.1/bin/../lib/gcc/arm-none-eabi/5.4.1/armv6-m/crtbegin.o
LOAD c:/program files (x86)/cypress/psoc creator/4.4/psoc creator/import/gnu/arm/5.4.1/bin/../lib/gcc/arm-none-eabi/5.4.1/../../../../arm-none-eabi/lib/armv6-m/crt0.o
START GROUP
LOAD .\CortexM0\ARM_GCC_541\Debug\main.o
LOAD .\CortexM0\ARM_GCC_541\Debug\battery.o
LOAD .\CortexM0\ARM_GCC_541\Debug\INA226.o
LOAD .\CortexM0\ARM_GCC_541\Debug\cyfitter_cfg.o
LOAD .\CortexM0\ARM_GCC_541\Debug\cymetadata.o
LOAD .\CortexM0\ARM_GCC_541\Debug\Cm0Start.o
LOAD .\CortexM0\ARM_GCC_541\Debug\BatteryBalance.a
END GROUP
START GROUP
LOAD c:/program files (x86)/cypress/psoc creator/4.4/psoc creator/import/gnu/arm/5.4.1/bin/../lib/gcc/arm-none-eabi/5.4.1/armv6-m\libgcc.a
LOAD c:/program files (x86)/cypress/psoc creator/4.4/psoc creator/import/gnu/arm/5.4.1/bin/../lib/gcc/arm-none-eabi/5.4.1/../../../../arm-none-eabi/lib/armv6-m\libg_nano.a
LOAD c:/program files (x86)/cypress/psoc creator/4.4/psoc creator/import/gnu/arm/5.4.1/bin/../lib/gcc/arm-none-eabi/5.4.1/../../../../arm-none-eabi/lib/armv6-m\libc_nano.a
END GROUP
START GROUP
LOAD c:/program files (x86)/cypress/psoc creator/4.4/psoc creator/import/gnu/arm/5.4.1/bin/../lib/gcc/arm-none-eabi/5.4.1/armv6-m\libgcc.a
LOAD c:/program files (x86)/cypress/psoc creator/4.4/psoc creator/import/gnu/arm/5.4.1/bin/../lib/gcc/arm-none-eabi/5.4.1/../../../../arm-none-eabi/lib/armv6-m\libc_nano.a
END GROUP
LOAD c:/program files (x86)/cypress/psoc creator/4.4/psoc creator/import/gnu/arm/5.4.1/bin/../lib/gcc/arm-none-eabi/5.4.1/armv6-m/crtend.o
LOAD c:/program files (x86)/cypress/psoc creator/4.4/psoc creator/import/gnu/arm/5.4.1/bin/../lib/gcc/arm-none-eabi/5.4.1/armv6-m/crtn.o
START GROUP
LOAD c:/program files (x86)/cypress/psoc creator/4.4/psoc creator/import/gnu/arm/5.4.1/bin/../lib/gcc/arm-none-eabi/5.4.1/armv6-m\libgcc.a
LOAD c:/program files (x86)/cypress/psoc creator/4.4/psoc creator/import/gnu/arm/5.4.1/bin/../lib/gcc/arm-none-eabi/5.4.1/../../../../arm-none-eabi/lib/armv6-m\libc.a
LOAD c:/program files (x86)/cypress/psoc creator/4.4/psoc creator/import/gnu/arm/5.4.1/bin/../lib/gcc/arm-none-eabi/5.4.1/../../../../arm-none-eabi/lib/armv6-m\libnosys.a
END GROUP
                0x00000000                CY_APPL_ORIGIN = 0x0
                0x00000100                CY_FLASH_ROW_SIZE = 0x100
                0x00000001                CY_APPL_NUM = 0x1
                0x00000001                CY_APPL_MAX = 0x1
                0x00000040                CY_METADATA_SIZE = 0x40
                0x00000000                CY_APPL_LOADABLE = 0x0
                0x00000000                CY_CHECKSUM_EXCLUDE_SIZE = ALIGN (0x0, CY_FLASH_ROW_SIZE)
                0x00000000                CY_APP_FOR_STACK_AND_COPIER = 0x0
                [!provide]                PROVIDE (__cy_heap_start, _end)
                0x00000001                PROVIDE (__cy_region_num, ((__cy_regions_end - __cy_regions) / 0x10))
                0x20008000                PROVIDE (__cy_stack, (ORIGIN (ram) + LENGTH (ram)))
                [!provide]                PROVIDE (__cy_heap_end, (__cy_stack - 0x800))

.cybootloader   0x00000000        0x0
 *(.cybootloader)
                0x00000000                appl1_start = CY_APPL_ORIGIN?CY_APPL_ORIGIN:ALIGN (CY_FLASH_ROW_SIZE)
                0x0001ff00                appl2_start = (appl1_start + ALIGN ((((LENGTH (rom) - appl1_start) - (0x2 * CY_FLASH_ROW_SIZE)) / 0x2), CY_FLASH_ROW_SIZE))
                0x00000000                appl_start = (CY_APPL_NUM == 0x1)?appl1_start:appl2_start
                0x00000001                cy_project_type_bootloader = (appl_start == 0x0)?0x1:0x0
                0x00000000                cy_project_type_app_for_stack_and_copier = (CY_APP_FOR_STACK_AND_COPIER == 0x1)?0x1:0x0

.text           0x00000000     0x2568
 CREATE_OBJECT_SYMBOLS
                0x00000000                PROVIDE (__cy_interrupt_vector, RomVectors)
 *(.romvectors)
 .romvectors    0x00000000       0x10 .\CortexM0\ARM_GCC_541\Debug\Cm0Start.o
                0x00000000                RomVectors
                0x00000001                ASSERT ((. != __cy_interrupt_vector), No interrupt vector)
                0x00000001                ASSERT (CY_APPL_ORIGIN?(SIZEOF (.cybootloader) <= CY_APPL_ORIGIN):0x1, Wrong image location)
                0x00000010                PROVIDE (__cy_reset, Reset)
 *(.text.Reset)
 .text.Reset    0x00000010        0x8 .\CortexM0\ARM_GCC_541\Debug\Cm0Start.o
                0x00000010                Reset
                0x00000001                ASSERT ((. != __cy_reset), No reset code)
 *(.psocinit)
 .psocinit      0x00000018      0x1d0 .\CortexM0\ARM_GCC_541\Debug\cyfitter_cfg.o
                0x000000e4                cyfitter_cfg
                0x000001e8                . = MAX (., 0x100)
 *(.text .text.* .gnu.linkonce.t.*)
 .text          0x000001e8       0x60 c:/program files (x86)/cypress/psoc creator/4.4/psoc creator/import/gnu/arm/5.4.1/bin/../lib/gcc/arm-none-eabi/5.4.1/armv6-m/crtbegin.o
 .text.main     0x00000248       0x2c .\CortexM0\ARM_GCC_541\Debug\main.o
                0x00000248                main
 .text.JettySend
                0x00000274       0x4c .\CortexM0\ARM_GCC_541\Debug\battery.o
                0x00000274                JettySend
 .text.BatteryBalanceInit
                0x000002c0        0xc .\CortexM0\ARM_GCC_541\Debug\battery.o
                0x000002c0                BatteryBalanceInit
 .text.readRegister
                0x000002cc       0x68 .\CortexM0\ARM_GCC_541\Debug\INA226.o
                0x000002cc                readRegister
 .text.ping     0x00000334       0x18 .\CortexM0\ARM_GCC_541\Debug\INA226.o
                0x00000334                ping
 .text.getCurrent
                0x0000034c       0x20 .\CortexM0\ARM_GCC_541\Debug\INA226.o
                0x0000034c                getCurrent
 .text.writeRegister
                0x0000036c       0x60 .\CortexM0\ARM_GCC_541\Debug\INA226.o
                0x0000036c                writeRegister
 .text.reset    0x000003cc       0x1c .\CortexM0\ARM_GCC_541\Debug\INA226.o
                0x000003cc                reset
 .text.setShuntResistor
                0x000003e8       0x24 .\CortexM0\ARM_GCC_541\Debug\INA226.o
                0x000003e8                setShuntResistor
 .text.init_INA226
                0x0000040c       0x18 .\CortexM0\ARM_GCC_541\Debug\INA226.o
                0x0000040c                init_INA226
 .text.AnalogSetDefault
                0x00000424       0x20 .\CortexM0\ARM_GCC_541\Debug\cyfitter_cfg.o
 .text.CYMEMZERO
                0x00000444        0xc .\CortexM0\ARM_GCC_541\Debug\cyfitter_cfg.o
 .text.IntDefaultHandler
                0x00000450       0x10 .\CortexM0\ARM_GCC_541\Debug\Cm0Start.o
                0x00000450                IntDefaultHandler
 .text.Start_c  0x00000460       0x48 .\CortexM0\ARM_GCC_541\Debug\Cm0Start.o
                0x00000460                Start_c
 .text.initialize_psoc
                0x000004a8       0x4c .\CortexM0\ARM_GCC_541\Debug\Cm0Start.o
                0x000004a8                initialize_psoc
 .text.CySysClkImoSetPwrBgTrim5
                0x000004f4       0x30 .\CortexM0\ARM_GCC_541\Debug\BatteryBalance.a(CyLib.o)
 .text.CySysClkImoSetImoTrims
                0x00000524       0xb0 .\CortexM0\ARM_GCC_541\Debug\BatteryBalance.a(CyLib.o)
 .text.CySysClkImoDisableWcoLock
                0x000005d4       0x54 .\CortexM0\ARM_GCC_541\Debug\BatteryBalance.a(CyLib.o)
                0x000005d4                CySysClkImoDisableWcoLock
 .text.CySysClkImoGetWcoLock
                0x00000628       0x14 .\CortexM0\ARM_GCC_541\Debug\BatteryBalance.a(CyLib.o)
                0x00000628                CySysClkImoGetWcoLock
 .text.CySysClkImoEnableUsbLock
                0x0000063c       0x44 .\CortexM0\ARM_GCC_541\Debug\BatteryBalance.a(CyLib.o)
                0x0000063c                CySysClkImoEnableUsbLock
 .text.CySysClkImoDisableUsbLock
                0x00000680       0x74 .\CortexM0\ARM_GCC_541\Debug\BatteryBalance.a(CyLib.o)
                0x00000680                CySysClkImoDisableUsbLock
 .text.CySysClkImoGetUsbLock
                0x000006f4       0x14 .\CortexM0\ARM_GCC_541\Debug\BatteryBalance.a(CyLib.o)
                0x000006f4                CySysClkImoGetUsbLock
 .text.CyIntEnable
                0x00000708       0x14 .\CortexM0\ARM_GCC_541\Debug\BatteryBalance.a(CyLib.o)
                0x00000708                CyIntEnable
 .text.CyIntDisable
                0x0000071c       0x14 .\CortexM0\ARM_GCC_541\Debug\BatteryBalance.a(CyLib.o)
                0x0000071c                CyIntDisable
 .text.CyHalt   0x00000730        0x4 .\CortexM0\ARM_GCC_541\Debug\BatteryBalance.a(CyLib.o)
                0x00000730                CyHalt
 .text.CyIntSetVector
                0x00000734       0x24 .\CortexM0\ARM_GCC_541\Debug\BatteryBalance.a(CyLib.o)
                0x00000734                CyIntSetVector
 .text.CyIntSetPriority
                0x00000758       0x4c .\CortexM0\ARM_GCC_541\Debug\BatteryBalance.a(CyLib.o)
                0x00000758                CyIntSetPriority
 .text.CyDelay  0x000007a4       0x30 .\CortexM0\ARM_GCC_541\Debug\BatteryBalance.a(CyLib.o)
                0x000007a4                CyDelay
 .text.CySysClkImoEnableWcoLock
                0x000007d4      0x104 .\CortexM0\ARM_GCC_541\Debug\BatteryBalance.a(CyLib.o)
                0x000007d4                CySysClkImoEnableWcoLock
 .text.CyDelayUs
                0x000008d8       0x14 .\CortexM0\ARM_GCC_541\Debug\BatteryBalance.a(CyLib.o)
                0x000008d8                CyDelayUs
 .text.CySysClkWriteImoFreq
                0x000008ec      0x1bc .\CortexM0\ARM_GCC_541\Debug\BatteryBalance.a(CyLib.o)
                0x000008ec                CySysClkWriteImoFreq
 .text.CySysWdtLocked
                0x00000aa8       0x14 .\CortexM0\ARM_GCC_541\Debug\BatteryBalance.a(CyLFClk.o)
 .text.CySysClkWcoEnabled
                0x00000abc       0x14 .\CortexM0\ARM_GCC_541\Debug\BatteryBalance.a(CyLFClk.o)
                0x00000abc                CySysClkWcoEnabled
 .text.CySysWdtLock
                0x00000ad0       0x1c .\CortexM0\ARM_GCC_541\Debug\BatteryBalance.a(CyLFClk.o)
                0x00000ad0                CySysWdtLock
 .text.CySysWdtUnlock
                0x00000aec       0x30 .\CortexM0\ARM_GCC_541\Debug\BatteryBalance.a(CyLFClk.o)
                0x00000aec                CySysWdtUnlock
 .text.CySysWdtClearInterrupt
                0x00000b1c       0x4c .\CortexM0\ARM_GCC_541\Debug\BatteryBalance.a(CyLFClk.o)
                0x00000b1c                CySysWdtClearInterrupt
 .text.CySysWdtIsr
                0x00000b68       0xa4 .\CortexM0\ARM_GCC_541\Debug\BatteryBalance.a(CyLFClk.o)
                0x00000b68                CySysWdtIsr
 .text.I2C_Brain_ScbEnableIntr
                0x00000c0c        0xc .\CortexM0\ARM_GCC_541\Debug\BatteryBalance.a(I2C_Brain.o)
 .text.I2C_Brain_Init
                0x00000c18        0x8 .\CortexM0\ARM_GCC_541\Debug\BatteryBalance.a(I2C_Brain.o)
                0x00000c18                I2C_Brain_Init
 .text.I2C_Brain_Enable
                0x00000c20       0x18 .\CortexM0\ARM_GCC_541\Debug\BatteryBalance.a(I2C_Brain.o)
                0x00000c20                I2C_Brain_Enable
 .text.I2C_Brain_Start
                0x00000c38       0x20 .\CortexM0\ARM_GCC_541\Debug\BatteryBalance.a(I2C_Brain.o)
                0x00000c38                I2C_Brain_Start
 .text.I2C_Brain_I2CInit
                0x00000c58       0xb8 .\CortexM0\ARM_GCC_541\Debug\BatteryBalance.a(I2C_Brain_I2C.o)
                0x00000c58                I2C_Brain_I2CInit
 .text.I2C_Brain_I2CFwBlockReset
                0x00000d10       0x5c .\CortexM0\ARM_GCC_541\Debug\BatteryBalance.a(I2C_Brain_I2C.o)
                0x00000d10                I2C_Brain_I2CFwBlockReset
 .text.I2C_Brain_I2CMasterWaitOneUnit
                0x00000d6c       0x28 .\CortexM0\ARM_GCC_541\Debug\BatteryBalance.a(I2C_Brain_I2C_MASTER.o)
 .text.I2C_Brain_I2CMasterHandleStatus
                0x00000d94       0xc4 .\CortexM0\ARM_GCC_541\Debug\BatteryBalance.a(I2C_Brain_I2C_MASTER.o)
 .text.I2C_Brain_I2CMasterSendStart
                0x00000e58       0xc4 .\CortexM0\ARM_GCC_541\Debug\BatteryBalance.a(I2C_Brain_I2C_MASTER.o)
                0x00000e58                I2C_Brain_I2CMasterSendStart
 .text.I2C_Brain_I2CMasterReadByte
                0x00000f1c       0x7c .\CortexM0\ARM_GCC_541\Debug\BatteryBalance.a(I2C_Brain_I2C_MASTER.o)
                0x00000f1c                I2C_Brain_I2CMasterReadByte
 .text.I2C_Brain_I2CMasterStatus
                0x00000f98       0x30 .\CortexM0\ARM_GCC_541\Debug\BatteryBalance.a(I2C_Brain_I2C_MASTER.o)
                0x00000f98                I2C_Brain_I2CMasterStatus
 .text.Jetty_ScbEnableIntr
                0x00000fc8        0xc .\CortexM0\ARM_GCC_541\Debug\BatteryBalance.a(Jetty.o)
 .text.Jetty_Init
                0x00000fd4        0x8 .\CortexM0\ARM_GCC_541\Debug\BatteryBalance.a(Jetty.o)
                0x00000fd4                Jetty_Init
 .text.Jetty_Enable
                0x00000fdc       0x18 .\CortexM0\ARM_GCC_541\Debug\BatteryBalance.a(Jetty.o)
                0x00000fdc                Jetty_Enable
 .text.Jetty_Start
                0x00000ff4       0x20 .\CortexM0\ARM_GCC_541\Debug\BatteryBalance.a(Jetty.o)
                0x00000ff4                Jetty_Start
 .text.Jetty_I2CInit
                0x00001014       0xb8 .\CortexM0\ARM_GCC_541\Debug\BatteryBalance.a(Jetty_I2C.o)
                0x00001014                Jetty_I2CInit
 .text.Jetty_I2CFwBlockReset
                0x000010cc       0x5c .\CortexM0\ARM_GCC_541\Debug\BatteryBalance.a(Jetty_I2C.o)
                0x000010cc                Jetty_I2CFwBlockReset
 .text.Jetty_I2CMasterStatus
                0x00001128       0x30 .\CortexM0\ARM_GCC_541\Debug\BatteryBalance.a(Jetty_I2C_MASTER.o)
                0x00001128                Jetty_I2CMasterStatus
 .text.INA226_I2C_ScbEnableIntr
                0x00001158        0xc .\CortexM0\ARM_GCC_541\Debug\BatteryBalance.a(INA226_I2C.o)
 .text.INA226_I2C_Init
                0x00001164        0x8 .\CortexM0\ARM_GCC_541\Debug\BatteryBalance.a(INA226_I2C.o)
                0x00001164                INA226_I2C_Init
 .text.INA226_I2C_Enable
                0x0000116c       0x18 .\CortexM0\ARM_GCC_541\Debug\BatteryBalance.a(INA226_I2C.o)
                0x0000116c                INA226_I2C_Enable
 .text.INA226_I2C_Start
                0x00001184       0x20 .\CortexM0\ARM_GCC_541\Debug\BatteryBalance.a(INA226_I2C.o)
                0x00001184                INA226_I2C_Start
 .text.INA226_I2C_I2CInit
                0x000011a4       0xb8 .\CortexM0\ARM_GCC_541\Debug\BatteryBalance.a(INA226_I2C_I2C.o)
                0x000011a4                INA226_I2C_I2CInit
 .text.INA226_I2C_I2CFwBlockReset
                0x0000125c       0x5c .\CortexM0\ARM_GCC_541\Debug\BatteryBalance.a(INA226_I2C_I2C.o)
                0x0000125c                INA226_I2C_I2CFwBlockReset
 .text.INA226_I2C_I2CMasterWaitOneUnit
                0x000012b8       0x28 .\CortexM0\ARM_GCC_541\Debug\BatteryBalance.a(INA226_I2C_I2C_MASTER.o)
 .text.INA226_I2C_I2CMasterHandleStatus
                0x000012e0       0xc4 .\CortexM0\ARM_GCC_541\Debug\BatteryBalance.a(INA226_I2C_I2C_MASTER.o)
 .text.INA226_I2C_I2CMasterSendStart
                0x000013a4       0xc4 .\CortexM0\ARM_GCC_541\Debug\BatteryBalance.a(INA226_I2C_I2C_MASTER.o)
                0x000013a4                INA226_I2C_I2CMasterSendStart
 .text.INA226_I2C_I2CMasterSendStop
                0x00001468       0x58 .\CortexM0\ARM_GCC_541\Debug\BatteryBalance.a(INA226_I2C_I2C_MASTER.o)
                0x00001468                INA226_I2C_I2CMasterSendStop
 .text.INA226_I2C_I2CMasterWriteByte
                0x000014c0       0x48 .\CortexM0\ARM_GCC_541\Debug\BatteryBalance.a(INA226_I2C_I2C_MASTER.o)
                0x000014c0                INA226_I2C_I2CMasterWriteByte
 .text.INA226_I2C_I2CMasterReadByte
                0x00001508       0x7c .\CortexM0\ARM_GCC_541\Debug\BatteryBalance.a(INA226_I2C_I2C_MASTER.o)
                0x00001508                INA226_I2C_I2CMasterReadByte
 .text.INA226_I2C_I2CMasterStatus
                0x00001584       0x30 .\CortexM0\ARM_GCC_541\Debug\BatteryBalance.a(INA226_I2C_I2C_MASTER.o)
                0x00001584                INA226_I2C_I2CMasterStatus
 .text.INA226_I2C_I2CMasterClearStatus
                0x000015b4       0x20 .\CortexM0\ARM_GCC_541\Debug\BatteryBalance.a(INA226_I2C_I2C_MASTER.o)
                0x000015b4                INA226_I2C_I2CMasterClearStatus
 .text.INA226_I2C_I2CReStartGeneration
                0x000015d4       0x20 .\CortexM0\ARM_GCC_541\Debug\BatteryBalance.a(INA226_I2C_I2C_MASTER.o)
                0x000015d4                INA226_I2C_I2CReStartGeneration
 .text.INA226_I2C_I2CMasterWriteBuf
                0x000015f4       0xf8 .\CortexM0\ARM_GCC_541\Debug\BatteryBalance.a(INA226_I2C_I2C_MASTER.o)
                0x000015f4                INA226_I2C_I2CMasterWriteBuf
 .text.DBG_UART_UartPutString
                0x000016ec       0x18 .\CortexM0\ARM_GCC_541\Debug\BatteryBalance.a(DBG_UART_UART.o)
                0x000016ec                DBG_UART_UartPutString
 *fill*         0x00001704        0x4 
 .text          0x00001708       0x20 .\CortexM0\ARM_GCC_541\Debug\BatteryBalance.a(CyBootAsmGnu.o)
                0x00001708                CyDelayCycles
                0x0000171a                CyEnterCriticalSection
                0x00001722                CyExitCriticalSection
 .text.CySysFlashSetWaitCycles
                0x00001728       0x54 .\CortexM0\ARM_GCC_541\Debug\BatteryBalance.a(CyFlash.o)
                0x00001728                CySysFlashSetWaitCycles
 .text.I2C_Brain_I2C_ISR
                0x0000177c      0x340 .\CortexM0\ARM_GCC_541\Debug\BatteryBalance.a(I2C_Brain_I2C_INT.o)
                0x0000177c                I2C_Brain_I2C_ISR
 .text.Jetty_I2C_ISR
                0x00001abc      0x340 .\CortexM0\ARM_GCC_541\Debug\BatteryBalance.a(Jetty_I2C_INT.o)
                0x00001abc                Jetty_I2C_ISR
 .text.INA226_I2C_I2C_ISR
                0x00001dfc      0x340 .\CortexM0\ARM_GCC_541\Debug\BatteryBalance.a(INA226_I2C_I2C_INT.o)
                0x00001dfc                INA226_I2C_I2C_ISR
 .text.DBG_UART_SpiUartWriteTxData
                0x0000213c       0x1c .\CortexM0\ARM_GCC_541\Debug\BatteryBalance.a(DBG_UART_SPI_UART.o)
                0x0000213c                DBG_UART_SpiUartWriteTxData
 .text          0x00002158      0x114 c:/program files (x86)/cypress/psoc creator/4.4/psoc creator/import/gnu/arm/5.4.1/bin/../lib/gcc/arm-none-eabi/5.4.1/armv6-m\libgcc.a(_udivsi3.o)
                0x00002158                __aeabi_uidiv
                0x00002158                __udivsi3
                0x00002264                __aeabi_uidivmod
 .text          0x0000226c      0x1d4 c:/program files (x86)/cypress/psoc creator/4.4/psoc creator/import/gnu/arm/5.4.1/bin/../lib/gcc/arm-none-eabi/5.4.1/armv6-m\libgcc.a(_divsi3.o)
                0x0000226c                __divsi3
                0x0000226c                __aeabi_idiv
                0x00002438                __aeabi_idivmod
 .text          0x00002440        0x4 c:/program files (x86)/cypress/psoc creator/4.4/psoc creator/import/gnu/arm/5.4.1/bin/../lib/gcc/arm-none-eabi/5.4.1/armv6-m\libgcc.a(_dvmd_tls.o)
                0x00002440                __aeabi_idiv0
                0x00002440                __aeabi_ldiv0
 .text.__errno  0x00002444        0xc c:/program files (x86)/cypress/psoc creator/4.4/psoc creator/import/gnu/arm/5.4.1/bin/../lib/gcc/arm-none-eabi/5.4.1/../../../../arm-none-eabi/lib/armv6-m\libg_nano.a(lib_a-errno.o)
                0x00002444                __errno
 .text.__libc_init_array
                0x00002450       0x4c c:/program files (x86)/cypress/psoc creator/4.4/psoc creator/import/gnu/arm/5.4.1/bin/../lib/gcc/arm-none-eabi/5.4.1/../../../../arm-none-eabi/lib/armv6-m\libg_nano.a(lib_a-init.o)
                0x00002450                __libc_init_array
 .text.__itoa   0x0000249c       0x2e c:/program files (x86)/cypress/psoc creator/4.4/psoc creator/import/gnu/arm/5.4.1/bin/../lib/gcc/arm-none-eabi/5.4.1/../../../../arm-none-eabi/lib/armv6-m\libg_nano.a(lib_a-itoa.o)
                0x0000249c                __itoa
 .text.itoa     0x000024ca        0x8 c:/program files (x86)/cypress/psoc creator/4.4/psoc creator/import/gnu/arm/5.4.1/bin/../lib/gcc/arm-none-eabi/5.4.1/../../../../arm-none-eabi/lib/armv6-m\libg_nano.a(lib_a-itoa.o)
                0x000024ca                itoa
 .text.memcpy   0x000024d2       0x12 c:/program files (x86)/cypress/psoc creator/4.4/psoc creator/import/gnu/arm/5.4.1/bin/../lib/gcc/arm-none-eabi/5.4.1/../../../../arm-none-eabi/lib/armv6-m\libg_nano.a(lib_a-memcpy-stub.o)
                0x000024d2                memcpy
 .text.memset   0x000024e4       0x10 c:/program files (x86)/cypress/psoc creator/4.4/psoc creator/import/gnu/arm/5.4.1/bin/../lib/gcc/arm-none-eabi/5.4.1/../../../../arm-none-eabi/lib/armv6-m\libg_nano.a(lib_a-memset.o)
                0x000024e4                memset
 .text.__utoa   0x000024f4       0x74 c:/program files (x86)/cypress/psoc creator/4.4/psoc creator/import/gnu/arm/5.4.1/bin/../lib/gcc/arm-none-eabi/5.4.1/../../../../arm-none-eabi/lib/armv6-m\libg_nano.a(lib_a-utoa.o)
                0x000024f4                __utoa
 *(.plt)
 *(.gnu.warning)
 *(.glue_7t)
 .glue_7t       0x00002568        0x0 linker stubs
 *(.glue_7)
 .glue_7        0x00002568        0x0 linker stubs
 *(.vfp11_veneer)
 .vfp11_veneer  0x00002568        0x0 linker stubs
 *(.bootloader)
 *(.ARM.extab* .gnu.linkonce.armextab.*)
 *(.gcc_except_table)

.v4_bx          0x00002568        0x0
 .v4_bx         0x00002568        0x0 linker stubs

.iplt           0x00002568        0x0
 .iplt          0x00002568        0x0 c:/program files (x86)/cypress/psoc creator/4.4/psoc creator/import/gnu/arm/5.4.1/bin/../lib/gcc/arm-none-eabi/5.4.1/armv6-m/crtbegin.o

.eh_frame_hdr
 *(.eh_frame_hdr)

.eh_frame       0x00002568        0x4
 *(.eh_frame)
 .eh_frame      0x00002568        0x0 c:/program files (x86)/cypress/psoc creator/4.4/psoc creator/import/gnu/arm/5.4.1/bin/../lib/gcc/arm-none-eabi/5.4.1/armv6-m/crtbegin.o
 .eh_frame      0x00002568        0x4 c:/program files (x86)/cypress/psoc creator/4.4/psoc creator/import/gnu/arm/5.4.1/bin/../lib/gcc/arm-none-eabi/5.4.1/armv6-m/crtend.o
                [!provide]                PROVIDE (__exidx_start, .)

.ARM.exidx
 *(.ARM.exidx* .gnu.linkonce.armexidx.*)
                0x0000256c                __exidx_end = .

.rodata         0x0000256c       0xac
 *(.rodata .rodata.* .gnu.linkonce.r.*)
 .rodata.str1.4
                0x0000256c       0x10 .\CortexM0\ARM_GCC_541\Debug\INA226.o
                                  0xf (size before relaxing)
 .rodata        0x0000257c        0xc .\CortexM0\ARM_GCC_541\Debug\cyfitter_cfg.o
 .rodata        0x00002588       0x2e .\CortexM0\ARM_GCC_541\Debug\BatteryBalance.a(CyLib.o)
                0x00002588                cyImoFreqMhz2Reg
 .rodata.str1.1
                0x000025b6        0x2 c:/program files (x86)/cypress/psoc creator/4.4/psoc creator/import/gnu/arm/5.4.1/bin/../lib/gcc/arm-none-eabi/5.4.1/../../../../arm-none-eabi/lib/armv6-m\libg_nano.a(lib_a-impure.o)
 .rodata.str1.1
                0x000025b8       0x25 c:/program files (x86)/cypress/psoc creator/4.4/psoc creator/import/gnu/arm/5.4.1/bin/../lib/gcc/arm-none-eabi/5.4.1/../../../../arm-none-eabi/lib/armv6-m\libg_nano.a(lib_a-utoa.o)
                0x000025e0                . = ALIGN (0x4)
 *fill*         0x000025dd        0x3 
 *(.init)
 .init          0x000025e0        0x4 c:/program files (x86)/cypress/psoc creator/4.4/psoc creator/import/gnu/arm/5.4.1/bin/../lib/gcc/arm-none-eabi/5.4.1/armv6-m/crti.o
                0x000025e0                _init
 .init          0x000025e4        0x8 c:/program files (x86)/cypress/psoc creator/4.4/psoc creator/import/gnu/arm/5.4.1/bin/../lib/gcc/arm-none-eabi/5.4.1/armv6-m/crtn.o
                0x000025ec                . = ALIGN (0x4)
                0x000025ec                __preinit_array_start = .
 *(.preinit_array)
                0x000025ec                __preinit_array_end = .
                0x000025ec                . = ALIGN (0x4)
                0x000025ec                __init_array_start = .
 *(SORT(.init_array.*))
 *(.init_array)
 .init_array    0x000025ec        0x4 c:/program files (x86)/cypress/psoc creator/4.4/psoc creator/import/gnu/arm/5.4.1/bin/../lib/gcc/arm-none-eabi/5.4.1/armv6-m/crtbegin.o
 .init_array    0x000025f0        0x4 .\CortexM0\ARM_GCC_541\Debug\Cm0Start.o
                0x000025f4                __init_array_end = .
                0x000025f4                . = ALIGN (0x4)
 *(.fini)
 .fini          0x000025f4        0x4 c:/program files (x86)/cypress/psoc creator/4.4/psoc creator/import/gnu/arm/5.4.1/bin/../lib/gcc/arm-none-eabi/5.4.1/armv6-m/crti.o
                0x000025f4                _fini
 .fini          0x000025f8        0x8 c:/program files (x86)/cypress/psoc creator/4.4/psoc creator/import/gnu/arm/5.4.1/bin/../lib/gcc/arm-none-eabi/5.4.1/armv6-m/crtn.o
                0x00002600                . = ALIGN (0x4)
                0x00002600                __fini_array_start = .
 *(.fini_array)
 .fini_array    0x00002600        0x4 c:/program files (x86)/cypress/psoc creator/4.4/psoc creator/import/gnu/arm/5.4.1/bin/../lib/gcc/arm-none-eabi/5.4.1/armv6-m/crtbegin.o
 *(SORT(.fini_array.*))
                0x00002604                __fini_array_end = .
                0x00002604                . = ALIGN (0x4)
 *crtbegin.o(.ctors)
 *(EXCLUDE_FILE(*crtend.o) .ctors)
 *(SORT(.ctors.*))
 *crtend.o(.ctors)
                0x00002604                . = ALIGN (0x4)
 *crtbegin.o(.dtors)
 *(EXCLUDE_FILE(*crtend.o) .dtors)
 *(SORT(.dtors.*))
 *crtend.o(.dtors)
                0x00002604                . = ALIGN (0x4)
                0x00002604                __cy_regions = .
                0x00002604        0x4 LONG 0x2618 __cy_region_init_ram
                0x00002608        0x4 LONG 0x200000c0 __cy_region_start_data
                0x0000260c        0x4 LONG 0x88 __cy_region_init_size_ram
                0x00002610        0x4 LONG 0x118 __cy_region_zero_size_ram
                0x00002614                __cy_regions_end = .
                0x00002618                . = ALIGN (0x8)
 *fill*         0x00002614        0x4 
                0x00002618                _etext = .

.cy_checksum_exclude
                0x00002618        0x0
 *(.cy_checksum_exclude)

.ramvectors     0x20000000       0xc0
                0x20000000                __cy_region_start_ram = .
 *(.ramvectors)
 .ramvectors    0x20000000       0xc0 .\CortexM0\ARM_GCC_541\Debug\Cm0Start.o
                0x20000000                CyRamVectors

.noinit
 *(.noinit)

.data           0x200000c0       0x88 load address 0x00002618
                0x200000c0                __cy_region_start_data = .
 *(.jcr)
 .jcr           0x200000c0        0x0 c:/program files (x86)/cypress/psoc creator/4.4/psoc creator/import/gnu/arm/5.4.1/bin/../lib/gcc/arm-none-eabi/5.4.1/armv6-m/crtbegin.o
 .jcr           0x200000c0        0x4 c:/program files (x86)/cypress/psoc creator/4.4/psoc creator/import/gnu/arm/5.4.1/bin/../lib/gcc/arm-none-eabi/5.4.1/armv6-m/crtend.o
 *(.got.plt)
 *(.got)
 *(.shdata)
 *(.data .data.* .gnu.linkonce.d.*)
 .data          0x200000c4       0x14 .\CortexM0\ARM_GCC_541\Debug\BatteryBalance.a(CyLib.o)
                0x200000c4                CySysClkPumpConfig
                0x200000c8                cydelay32kMs
                0x200000cc                cydelayFreqKhz
                0x200000d0                cydelayFreqMhz
                0x200000d4                cydelayFreqHz
 .data          0x200000d8        0x8 .\CortexM0\ARM_GCC_541\Debug\BatteryBalance.a(CyLFClk.o)
 .data.impure_data
                0x200000e0       0x60 c:/program files (x86)/cypress/psoc creator/4.4/psoc creator/import/gnu/arm/5.4.1/bin/../lib/gcc/arm-none-eabi/5.4.1/../../../../arm-none-eabi/lib/armv6-m\libg_nano.a(lib_a-impure.o)
 .data._impure_ptr
                0x20000140        0x4 c:/program files (x86)/cypress/psoc creator/4.4/psoc creator/import/gnu/arm/5.4.1/bin/../lib/gcc/arm-none-eabi/5.4.1/../../../../arm-none-eabi/lib/armv6-m\libg_nano.a(lib_a-impure.o)
                0x20000140                _impure_ptr
                0x20000148                . = ALIGN (0x8)
 *fill*         0x20000144        0x4 
 *(.ram)
                0x20000148                _edata = .

.igot.plt       0x20000148        0x0 load address 0x000026a0
 .igot.plt      0x20000148        0x0 c:/program files (x86)/cypress/psoc creator/4.4/psoc creator/import/gnu/arm/5.4.1/bin/../lib/gcc/arm-none-eabi/5.4.1/armv6-m/crtbegin.o

.bss            0x20000148      0x118 load address 0x000026a0
                0x20000148                PROVIDE (__bss_start__, .)
 *(.shbss)
 *(.bss .bss.* .gnu.linkonce.b.*)
 .bss           0x20000148       0x1c c:/program files (x86)/cypress/psoc creator/4.4/psoc creator/import/gnu/arm/5.4.1/bin/../lib/gcc/arm-none-eabi/5.4.1/armv6-m/crtbegin.o
 .bss           0x20000164       0x20 .\CortexM0\ARM_GCC_541\Debug\BatteryBalance.a(CyLib.o)
                0x20000164                CySysClkImoTrim4
                0x20000168                CySysClkImoTrim5
                0x20000180                CySysTickInitVar
 .bss           0x20000184       0x28 .\CortexM0\ARM_GCC_541\Debug\BatteryBalance.a(CyLFClk.o)
 .bss           0x200001ac        0x8 .\CortexM0\ARM_GCC_541\Debug\BatteryBalance.a(I2C_Brain.o)
                0x200001ac                I2C_Brain_initVar
                0x200001b0                I2C_Brain_customIntrHandler
 .bss           0x200001b4        0x8 .\CortexM0\ARM_GCC_541\Debug\BatteryBalance.a(Jetty.o)
                0x200001b4                Jetty_initVar
                0x200001b8                Jetty_customIntrHandler
 .bss           0x200001bc        0x8 .\CortexM0\ARM_GCC_541\Debug\BatteryBalance.a(INA226_I2C.o)
                0x200001bc                INA226_I2C_initVar
                0x200001c0                INA226_I2C_customIntrHandler
 *(COMMON)
 COMMON         0x200001c4       0x24 .\CortexM0\ARM_GCC_541\Debug\main.o
                0x200001c4                address
                0x200001c8                debugOutput
 COMMON         0x200001e8        0x1 .\CortexM0\ARM_GCC_541\Debug\BatteryBalance.a(I2C_Brain_I2C.o)
                0x200001e8                I2C_Brain_state
 *fill*         0x200001e9        0x3 
 COMMON         0x200001ec       0x22 .\CortexM0\ARM_GCC_541\Debug\BatteryBalance.a(I2C_Brain_I2C_MASTER.o)
                0x200001ec                I2C_Brain_mstrControl
                0x200001f0                I2C_Brain_mstrWrBufIndexTmp
                0x200001f4                I2C_Brain_mstrRdBufPtr
                0x200001f8                I2C_Brain_mstrRdBufSize
                0x200001fc                I2C_Brain_mstrWrBufSize
                0x20000200                I2C_Brain_mstrWrBufPtr
                0x20000204                I2C_Brain_mstrWrBufIndex
                0x20000208                I2C_Brain_mstrRdBufIndex
                0x2000020c                I2C_Brain_mstrStatus
 COMMON         0x2000020e        0x1 .\CortexM0\ARM_GCC_541\Debug\BatteryBalance.a(Jetty_I2C.o)
                0x2000020e                Jetty_state
 *fill*         0x2000020f        0x1 
 COMMON         0x20000210       0x24 .\CortexM0\ARM_GCC_541\Debug\BatteryBalance.a(Jetty_I2C_MASTER.o)
                0x20000210                Jetty_mstrRdBufSize
                0x20000214                Jetty_mstrStatus
                0x20000218                Jetty_mstrWrBufSize
                0x2000021c                Jetty_mstrRdBufPtr
                0x20000220                Jetty_mstrWrBufIndex
                0x20000224                Jetty_mstrRdBufIndex
                0x20000228                Jetty_mstrControl
                0x2000022c                Jetty_mstrWrBufPtr
                0x20000230                Jetty_mstrWrBufIndexTmp
 COMMON         0x20000234        0x1 .\CortexM0\ARM_GCC_541\Debug\BatteryBalance.a(INA226_I2C_I2C.o)
                0x20000234                INA226_I2C_state
 *fill*         0x20000235        0x3 
 COMMON         0x20000238       0x24 .\CortexM0\ARM_GCC_541\Debug\BatteryBalance.a(INA226_I2C_I2C_MASTER.o)
                0x20000238                INA226_I2C_mstrControl
                0x2000023c                INA226_I2C_mstrWrBufIndexTmp
                0x20000240                INA226_I2C_mstrRdBufIndex
                0x20000244                INA226_I2C_mstrRdBufSize
                0x20000248                INA226_I2C_mstrRdBufPtr
                0x2000024c                INA226_I2C_mstrWrBufIndex
                0x20000250                INA226_I2C_mstrWrBufPtr
                0x20000254                INA226_I2C_mstrStatus
                0x20000258                INA226_I2C_mstrWrBufSize
                0x20000260                . = ALIGN (0x8)
 *fill*         0x2000025c        0x4 
 *(.ram.b)
                0x20000260                _end = .
                0x20000260                __end = .
                0x20000260                PROVIDE (end, .)
                0x20000260                PROVIDE (__bss_end__, .)
                0x00002618                __cy_region_init_ram = LOADADDR (.data)
                0x00000088                __cy_region_init_size_ram = (_edata - ADDR (.data))
                0x00000118                __cy_region_zero_size_ram = (_end - _edata)

.heap           0x20000260       0x80 load address 0x000026a0
                0x20000260                . = _end
                0x200002e0                . = (. + 0x80)
 *fill*         0x20000260       0x80 
                0x200002e0                __cy_heap_limit = .

.stack          0x20007800      0x800
                0x20007800                __cy_stack_limit = .
                0x20008000                . = (. + 0x800)
 *fill*         0x20007800      0x800 
                0x00000001                ASSERT ((__cy_stack_limit >= __cy_heap_limit), region RAM overflowed with stack)
                0x00000000                cy_checksum_exclude_size = (CY_APPL_LOADABLE == 0x1)?SIZEOF (.cy_checksum_exclude):0x0
                0x00000001                ASSERT ((cy_checksum_exclude_size <= CY_CHECKSUM_EXCLUDE_SIZE), CY_BOOT: Section .cy_checksum_exclude size exceedes specified limit.)
                0x0003ffc0                cyloadermeta_start = (cy_project_type_bootloader || cy_project_type_app_for_stack_and_copier)?(LENGTH (rom) - CY_METADATA_SIZE):0xf0000000

.cyloadermeta
 *(.cyloadermeta)
                0x0003ffc0                cyloadablemeta_start = cy_project_type_app_for_stack_and_copier?((LENGTH (rom) - CY_FLASH_ROW_SIZE) - CY_METADATA_SIZE):((LENGTH (rom) - (CY_FLASH_ROW_SIZE * (CY_APPL_NUM - 0x1))) - CY_METADATA_SIZE)

.cyloadablemeta
 *(.cyloadablemeta)

.cyflashprotect
                0x90400000       0x80
 *(.cyflashprotect)
 .cyflashprotect
                0x90400000       0x80 .\CortexM0\ARM_GCC_541\Debug\cymetadata.o
                0x90400000                cy_meta_flashprotect

.cymeta         0x90500000        0xc
 *(.cymeta)
 .cymeta        0x90500000        0xc .\CortexM0\ARM_GCC_541\Debug\cymetadata.o
                0x90500000                cy_metadata

.cychipprotect  0x90600000        0x1
 *(.cychipprotect)
 .cychipprotect
                0x90600000        0x1 .\CortexM0\ARM_GCC_541\Debug\cymetadata.o
                0x90600000                cy_meta_chipprotect

.rel.dyn        0x000026a0        0x0 load address 0x90600004
 .rel.iplt      0x000026a0        0x0 c:/program files (x86)/cypress/psoc creator/4.4/psoc creator/import/gnu/arm/5.4.1/bin/../lib/gcc/arm-none-eabi/5.4.1/armv6-m/crtbegin.o

.stab
 *(.stab)

.stabstr
 *(.stabstr)

.debug
 *(.debug)

.line
 *(.line)

.debug_srcinfo
 *(.debug_srcinfo)

.debug_sfnames
 *(.debug_sfnames)

.debug_aranges  0x00000000      0xae8
 *(.debug_aranges)
 .debug_aranges
                0x00000000       0x20 .\CortexM0\ARM_GCC_541\Debug\main.o
 .debug_aranges
                0x00000020       0x40 .\CortexM0\ARM_GCC_541\Debug\battery.o
 .debug_aranges
                0x00000060       0x78 .\CortexM0\ARM_GCC_541\Debug\INA226.o
 .debug_aranges
                0x000000d8       0x38 .\CortexM0\ARM_GCC_541\Debug\cyfitter_cfg.o
 .debug_aranges
                0x00000110       0x18 .\CortexM0\ARM_GCC_541\Debug\cymetadata.o
 .debug_aranges
                0x00000128       0x48 .\CortexM0\ARM_GCC_541\Debug\Cm0Start.o
 .debug_aranges
                0x00000170      0x270 .\CortexM0\ARM_GCC_541\Debug\BatteryBalance.a(CyLib.o)
 .debug_aranges
                0x000003e0      0x188 .\CortexM0\ARM_GCC_541\Debug\BatteryBalance.a(CyLFClk.o)
 .debug_aranges
                0x00000568       0x60 .\CortexM0\ARM_GCC_541\Debug\BatteryBalance.a(I2C_Brain.o)
 .debug_aranges
                0x000005c8       0x30 .\CortexM0\ARM_GCC_541\Debug\BatteryBalance.a(I2C_Brain_I2C.o)
 .debug_aranges
                0x000005f8       0x98 .\CortexM0\ARM_GCC_541\Debug\BatteryBalance.a(I2C_Brain_I2C_MASTER.o)
 .debug_aranges
                0x00000690       0x60 .\CortexM0\ARM_GCC_541\Debug\BatteryBalance.a(Jetty.o)
 .debug_aranges
                0x000006f0       0x30 .\CortexM0\ARM_GCC_541\Debug\BatteryBalance.a(Jetty_I2C.o)
 .debug_aranges
                0x00000720       0x98 .\CortexM0\ARM_GCC_541\Debug\BatteryBalance.a(Jetty_I2C_MASTER.o)
 .debug_aranges
                0x000007b8       0x60 .\CortexM0\ARM_GCC_541\Debug\BatteryBalance.a(INA226_I2C.o)
 .debug_aranges
                0x00000818       0x30 .\CortexM0\ARM_GCC_541\Debug\BatteryBalance.a(INA226_I2C_I2C.o)
 .debug_aranges
                0x00000848       0x98 .\CortexM0\ARM_GCC_541\Debug\BatteryBalance.a(INA226_I2C_I2C_MASTER.o)
 .debug_aranges
                0x000008e0       0x90 .\CortexM0\ARM_GCC_541\Debug\BatteryBalance.a(DBG_UART_UART.o)
 .debug_aranges
                0x00000970       0x20 .\CortexM0\ARM_GCC_541\Debug\BatteryBalance.a(CyBootAsmGnu.o)
 .debug_aranges
                0x00000990       0x40 .\CortexM0\ARM_GCC_541\Debug\BatteryBalance.a(CyFlash.o)
 .debug_aranges
                0x000009d0       0x20 .\CortexM0\ARM_GCC_541\Debug\BatteryBalance.a(I2C_Brain_I2C_INT.o)
 .debug_aranges
                0x000009f0       0x20 .\CortexM0\ARM_GCC_541\Debug\BatteryBalance.a(Jetty_I2C_INT.o)
 .debug_aranges
                0x00000a10       0x20 .\CortexM0\ARM_GCC_541\Debug\BatteryBalance.a(INA226_I2C_I2C_INT.o)
 .debug_aranges
                0x00000a30       0x58 .\CortexM0\ARM_GCC_541\Debug\BatteryBalance.a(DBG_UART.o)
 .debug_aranges
                0x00000a88       0x60 .\CortexM0\ARM_GCC_541\Debug\BatteryBalance.a(DBG_UART_SPI_UART.o)

.debug_pubnames
 *(.debug_pubnames)

.debug_info     0x00000000     0x70ae
 *(.debug_info .gnu.linkonce.wi.*)
 .debug_info    0x00000000      0x19c .\CortexM0\ARM_GCC_541\Debug\main.o
 .debug_info    0x0000019c      0x328 .\CortexM0\ARM_GCC_541\Debug\battery.o
 .debug_info    0x000004c4      0x6b0 .\CortexM0\ARM_GCC_541\Debug\INA226.o
 .debug_info    0x00000b74      0x299 .\CortexM0\ARM_GCC_541\Debug\cyfitter_cfg.o
 .debug_info    0x00000e0d       0xf8 .\CortexM0\ARM_GCC_541\Debug\cymetadata.o
 .debug_info    0x00000f05      0x3a2 .\CortexM0\ARM_GCC_541\Debug\Cm0Start.o
 .debug_info    0x000012a7     0x17e4 .\CortexM0\ARM_GCC_541\Debug\BatteryBalance.a(CyLib.o)
 .debug_info    0x00002a8b     0x1058 .\CortexM0\ARM_GCC_541\Debug\BatteryBalance.a(CyLFClk.o)
 .debug_info    0x00003ae3      0x298 .\CortexM0\ARM_GCC_541\Debug\BatteryBalance.a(I2C_Brain.o)
 .debug_info    0x00003d7b      0x195 .\CortexM0\ARM_GCC_541\Debug\BatteryBalance.a(I2C_Brain_I2C.o)
 .debug_info    0x00003f10      0x813 .\CortexM0\ARM_GCC_541\Debug\BatteryBalance.a(I2C_Brain_I2C_MASTER.o)
 .debug_info    0x00004723      0x298 .\CortexM0\ARM_GCC_541\Debug\BatteryBalance.a(Jetty.o)
 .debug_info    0x000049bb      0x195 .\CortexM0\ARM_GCC_541\Debug\BatteryBalance.a(Jetty_I2C.o)
 .debug_info    0x00004b50      0x813 .\CortexM0\ARM_GCC_541\Debug\BatteryBalance.a(Jetty_I2C_MASTER.o)
 .debug_info    0x00005363      0x298 .\CortexM0\ARM_GCC_541\Debug\BatteryBalance.a(INA226_I2C.o)
 .debug_info    0x000055fb      0x195 .\CortexM0\ARM_GCC_541\Debug\BatteryBalance.a(INA226_I2C_I2C.o)
 .debug_info    0x00005790      0x813 .\CortexM0\ARM_GCC_541\Debug\BatteryBalance.a(INA226_I2C_I2C_MASTER.o)
 .debug_info    0x00005fa3      0x3b5 .\CortexM0\ARM_GCC_541\Debug\BatteryBalance.a(DBG_UART_UART.o)
 .debug_info    0x00006358       0xb2 .\CortexM0\ARM_GCC_541\Debug\BatteryBalance.a(CyBootAsmGnu.o)
 .debug_info    0x0000640a      0x352 .\CortexM0\ARM_GCC_541\Debug\BatteryBalance.a(CyFlash.o)
 .debug_info    0x0000675c      0x1a8 .\CortexM0\ARM_GCC_541\Debug\BatteryBalance.a(I2C_Brain_I2C_INT.o)
 .debug_info    0x00006904      0x1a8 .\CortexM0\ARM_GCC_541\Debug\BatteryBalance.a(Jetty_I2C_INT.o)
 .debug_info    0x00006aac      0x1a8 .\CortexM0\ARM_GCC_541\Debug\BatteryBalance.a(INA226_I2C_I2C_INT.o)
 .debug_info    0x00006c54      0x23a .\CortexM0\ARM_GCC_541\Debug\BatteryBalance.a(DBG_UART.o)
 .debug_info    0x00006e8e      0x220 .\CortexM0\ARM_GCC_541\Debug\BatteryBalance.a(DBG_UART_SPI_UART.o)

.debug_abbrev   0x00000000     0x1dbd
 *(.debug_abbrev)
 .debug_abbrev  0x00000000       0xe4 .\CortexM0\ARM_GCC_541\Debug\main.o
 .debug_abbrev  0x000000e4      0x112 .\CortexM0\ARM_GCC_541\Debug\battery.o
 .debug_abbrev  0x000001f6      0x197 .\CortexM0\ARM_GCC_541\Debug\INA226.o
 .debug_abbrev  0x0000038d      0x166 .\CortexM0\ARM_GCC_541\Debug\cyfitter_cfg.o
 .debug_abbrev  0x000004f3       0x5d .\CortexM0\ARM_GCC_541\Debug\cymetadata.o
 .debug_abbrev  0x00000550      0x1d7 .\CortexM0\ARM_GCC_541\Debug\Cm0Start.o
 .debug_abbrev  0x00000727      0x293 .\CortexM0\ARM_GCC_541\Debug\BatteryBalance.a(CyLib.o)
 .debug_abbrev  0x000009ba      0x248 .\CortexM0\ARM_GCC_541\Debug\BatteryBalance.a(CyLFClk.o)
 .debug_abbrev  0x00000c02      0x118 .\CortexM0\ARM_GCC_541\Debug\BatteryBalance.a(I2C_Brain.o)
 .debug_abbrev  0x00000d1a       0xc7 .\CortexM0\ARM_GCC_541\Debug\BatteryBalance.a(I2C_Brain_I2C.o)
 .debug_abbrev  0x00000de1      0x1c2 .\CortexM0\ARM_GCC_541\Debug\BatteryBalance.a(I2C_Brain_I2C_MASTER.o)
 .debug_abbrev  0x00000fa3      0x118 .\CortexM0\ARM_GCC_541\Debug\BatteryBalance.a(Jetty.o)
 .debug_abbrev  0x000010bb       0xc7 .\CortexM0\ARM_GCC_541\Debug\BatteryBalance.a(Jetty_I2C.o)
 .debug_abbrev  0x00001182      0x1c2 .\CortexM0\ARM_GCC_541\Debug\BatteryBalance.a(Jetty_I2C_MASTER.o)
 .debug_abbrev  0x00001344      0x118 .\CortexM0\ARM_GCC_541\Debug\BatteryBalance.a(INA226_I2C.o)
 .debug_abbrev  0x0000145c       0xc7 .\CortexM0\ARM_GCC_541\Debug\BatteryBalance.a(INA226_I2C_I2C.o)
 .debug_abbrev  0x00001523      0x1c2 .\CortexM0\ARM_GCC_541\Debug\BatteryBalance.a(INA226_I2C_I2C_MASTER.o)
 .debug_abbrev  0x000016e5      0x132 .\CortexM0\ARM_GCC_541\Debug\BatteryBalance.a(DBG_UART_UART.o)
 .debug_abbrev  0x00001817       0x14 .\CortexM0\ARM_GCC_541\Debug\BatteryBalance.a(CyBootAsmGnu.o)
 .debug_abbrev  0x0000182b      0x182 .\CortexM0\ARM_GCC_541\Debug\BatteryBalance.a(CyFlash.o)
 .debug_abbrev  0x000019ad       0xa4 .\CortexM0\ARM_GCC_541\Debug\BatteryBalance.a(I2C_Brain_I2C_INT.o)
 .debug_abbrev  0x00001a51       0xa4 .\CortexM0\ARM_GCC_541\Debug\BatteryBalance.a(Jetty_I2C_INT.o)
 .debug_abbrev  0x00001af5       0xa4 .\CortexM0\ARM_GCC_541\Debug\BatteryBalance.a(INA226_I2C_I2C_INT.o)
 .debug_abbrev  0x00001b99       0xd5 .\CortexM0\ARM_GCC_541\Debug\BatteryBalance.a(DBG_UART.o)
 .debug_abbrev  0x00001c6e      0x14f .\CortexM0\ARM_GCC_541\Debug\BatteryBalance.a(DBG_UART_SPI_UART.o)

.debug_line     0x00000000     0x338e
 *(.debug_line)
 .debug_line    0x00000000      0x182 .\CortexM0\ARM_GCC_541\Debug\main.o
 .debug_line    0x00000182      0x239 .\CortexM0\ARM_GCC_541\Debug\battery.o
 .debug_line    0x000003bb      0x31b .\CortexM0\ARM_GCC_541\Debug\INA226.o
 .debug_line    0x000006d6      0x15c .\CortexM0\ARM_GCC_541\Debug\cyfitter_cfg.o
 .debug_line    0x00000832      0x141 .\CortexM0\ARM_GCC_541\Debug\cymetadata.o
 .debug_line    0x00000973      0x236 .\CortexM0\ARM_GCC_541\Debug\Cm0Start.o
 .debug_line    0x00000ba9      0x8ef .\CortexM0\ARM_GCC_541\Debug\BatteryBalance.a(CyLib.o)
 .debug_line    0x00001498      0x5d1 .\CortexM0\ARM_GCC_541\Debug\BatteryBalance.a(CyLFClk.o)
 .debug_line    0x00001a69      0x130 .\CortexM0\ARM_GCC_541\Debug\BatteryBalance.a(I2C_Brain.o)
 .debug_line    0x00001b99       0xce .\CortexM0\ARM_GCC_541\Debug\BatteryBalance.a(I2C_Brain_I2C.o)
 .debug_line    0x00001c67      0x308 .\CortexM0\ARM_GCC_541\Debug\BatteryBalance.a(I2C_Brain_I2C_MASTER.o)
 .debug_line    0x00001f6f      0x128 .\CortexM0\ARM_GCC_541\Debug\BatteryBalance.a(Jetty.o)
 .debug_line    0x00002097       0xc6 .\CortexM0\ARM_GCC_541\Debug\BatteryBalance.a(Jetty_I2C.o)
 .debug_line    0x0000215d      0x300 .\CortexM0\ARM_GCC_541\Debug\BatteryBalance.a(Jetty_I2C_MASTER.o)
 .debug_line    0x0000245d      0x132 .\CortexM0\ARM_GCC_541\Debug\BatteryBalance.a(INA226_I2C.o)
 .debug_line    0x0000258f       0xd0 .\CortexM0\ARM_GCC_541\Debug\BatteryBalance.a(INA226_I2C_I2C.o)
 .debug_line    0x0000265f      0x30a .\CortexM0\ARM_GCC_541\Debug\BatteryBalance.a(INA226_I2C_I2C_MASTER.o)
 .debug_line    0x00002969      0x1db .\CortexM0\ARM_GCC_541\Debug\BatteryBalance.a(DBG_UART_UART.o)
 .debug_line    0x00002b44       0x68 .\CortexM0\ARM_GCC_541\Debug\BatteryBalance.a(CyBootAsmGnu.o)
 .debug_line    0x00002bac      0x173 .\CortexM0\ARM_GCC_541\Debug\BatteryBalance.a(CyFlash.o)
 .debug_line    0x00002d1f      0x16e .\CortexM0\ARM_GCC_541\Debug\BatteryBalance.a(I2C_Brain_I2C_INT.o)
 .debug_line    0x00002e8d      0x162 .\CortexM0\ARM_GCC_541\Debug\BatteryBalance.a(Jetty_I2C_INT.o)
 .debug_line    0x00002fef      0x171 .\CortexM0\ARM_GCC_541\Debug\BatteryBalance.a(INA226_I2C_I2C_INT.o)
 .debug_line    0x00003160      0x110 .\CortexM0\ARM_GCC_541\Debug\BatteryBalance.a(DBG_UART.o)
 .debug_line    0x00003270      0x11e .\CortexM0\ARM_GCC_541\Debug\BatteryBalance.a(DBG_UART_SPI_UART.o)

.debug_frame    0x00000000     0x1f68
 *(.debug_frame)
 .debug_frame   0x00000000       0x2c .\CortexM0\ARM_GCC_541\Debug\main.o
 .debug_frame   0x0000002c       0x8c .\CortexM0\ARM_GCC_541\Debug\battery.o
 .debug_frame   0x000000b8      0x178 .\CortexM0\ARM_GCC_541\Debug\INA226.o
 .debug_frame   0x00000230       0x74 .\CortexM0\ARM_GCC_541\Debug\cyfitter_cfg.o
 .debug_frame   0x000002a4       0xbc .\CortexM0\ARM_GCC_541\Debug\Cm0Start.o
 .debug_frame   0x00000360      0x718 .\CortexM0\ARM_GCC_541\Debug\BatteryBalance.a(CyLib.o)
 .debug_frame   0x00000a78      0x4a4 .\CortexM0\ARM_GCC_541\Debug\BatteryBalance.a(CyLFClk.o)
 .debug_frame   0x00000f1c       0xe8 .\CortexM0\ARM_GCC_541\Debug\BatteryBalance.a(I2C_Brain.o)
 .debug_frame   0x00001004       0x58 .\CortexM0\ARM_GCC_541\Debug\BatteryBalance.a(I2C_Brain_I2C.o)
 .debug_frame   0x0000105c      0x1d8 .\CortexM0\ARM_GCC_541\Debug\BatteryBalance.a(I2C_Brain_I2C_MASTER.o)
 .debug_frame   0x00001234       0xe8 .\CortexM0\ARM_GCC_541\Debug\BatteryBalance.a(Jetty.o)
 .debug_frame   0x0000131c       0x58 .\CortexM0\ARM_GCC_541\Debug\BatteryBalance.a(Jetty_I2C.o)
 .debug_frame   0x00001374      0x1d8 .\CortexM0\ARM_GCC_541\Debug\BatteryBalance.a(Jetty_I2C_MASTER.o)
 .debug_frame   0x0000154c       0xe8 .\CortexM0\ARM_GCC_541\Debug\BatteryBalance.a(INA226_I2C.o)
 .debug_frame   0x00001634       0x58 .\CortexM0\ARM_GCC_541\Debug\BatteryBalance.a(INA226_I2C_I2C.o)
 .debug_frame   0x0000168c      0x1d8 .\CortexM0\ARM_GCC_541\Debug\BatteryBalance.a(INA226_I2C_I2C_MASTER.o)
 .debug_frame   0x00001864      0x144 .\CortexM0\ARM_GCC_541\Debug\BatteryBalance.a(DBG_UART_UART.o)
 .debug_frame   0x000019a8       0x90 .\CortexM0\ARM_GCC_541\Debug\BatteryBalance.a(CyFlash.o)
 .debug_frame   0x00001a38       0x2c .\CortexM0\ARM_GCC_541\Debug\BatteryBalance.a(I2C_Brain_I2C_INT.o)
 .debug_frame   0x00001a64       0x2c .\CortexM0\ARM_GCC_541\Debug\BatteryBalance.a(Jetty_I2C_INT.o)
 .debug_frame   0x00001a90       0x2c .\CortexM0\ARM_GCC_541\Debug\BatteryBalance.a(INA226_I2C_I2C_INT.o)
 .debug_frame   0x00001abc       0xd8 .\CortexM0\ARM_GCC_541\Debug\BatteryBalance.a(DBG_UART.o)
 .debug_frame   0x00001b94       0xb0 .\CortexM0\ARM_GCC_541\Debug\BatteryBalance.a(DBG_UART_SPI_UART.o)
 .debug_frame   0x00001c44       0x20 c:/program files (x86)/cypress/psoc creator/4.4/psoc creator/import/gnu/arm/5.4.1/bin/../lib/gcc/arm-none-eabi/5.4.1/armv6-m\libgcc.a(_udivsi3.o)
 .debug_frame   0x00001c64       0x20 c:/program files (x86)/cypress/psoc creator/4.4/psoc creator/import/gnu/arm/5.4.1/bin/../lib/gcc/arm-none-eabi/5.4.1/armv6-m\libgcc.a(_divsi3.o)
 .debug_frame   0x00001c84       0x2c c:/program files (x86)/cypress/psoc creator/4.4/psoc creator/import/gnu/arm/5.4.1/bin/../lib/gcc/arm-none-eabi/5.4.1/armv6-m\libgcc.a(_fixunsdfsi.o)
 .debug_frame   0x00001cb0       0x3c c:/program files (x86)/cypress/psoc creator/4.4/psoc creator/import/gnu/arm/5.4.1/bin/../lib/gcc/arm-none-eabi/5.4.1/armv6-m\libgcc.a(muldf3.o)
 .debug_frame   0x00001cec       0x38 c:/program files (x86)/cypress/psoc creator/4.4/psoc creator/import/gnu/arm/5.4.1/bin/../lib/gcc/arm-none-eabi/5.4.1/armv6-m\libgcc.a(subdf3.o)
 .debug_frame   0x00001d24       0x2c c:/program files (x86)/cypress/psoc creator/4.4/psoc creator/import/gnu/arm/5.4.1/bin/../lib/gcc/arm-none-eabi/5.4.1/armv6-m\libgcc.a(fixdfsi.o)
 .debug_frame   0x00001d50       0x2c c:/program files (x86)/cypress/psoc creator/4.4/psoc creator/import/gnu/arm/5.4.1/bin/../lib/gcc/arm-none-eabi/5.4.1/armv6-m\libgcc.a(floatsidf.o)
 .debug_frame   0x00001d7c       0x38 c:/program files (x86)/cypress/psoc creator/4.4/psoc creator/import/gnu/arm/5.4.1/bin/../lib/gcc/arm-none-eabi/5.4.1/armv6-m\libgcc.a(eqdf2.o)
 .debug_frame   0x00001db4       0x38 c:/program files (x86)/cypress/psoc creator/4.4/psoc creator/import/gnu/arm/5.4.1/bin/../lib/gcc/arm-none-eabi/5.4.1/armv6-m\libgcc.a(gedf2.o)
 .debug_frame   0x00001dec       0x38 c:/program files (x86)/cypress/psoc creator/4.4/psoc creator/import/gnu/arm/5.4.1/bin/../lib/gcc/arm-none-eabi/5.4.1/armv6-m\libgcc.a(ledf2.o)
 .debug_frame   0x00001e24       0x20 c:/program files (x86)/cypress/psoc creator/4.4/psoc creator/import/gnu/arm/5.4.1/bin/../lib/gcc/arm-none-eabi/5.4.1/../../../../arm-none-eabi/lib/armv6-m\libg_nano.a(lib_a-errno.o)
 .debug_frame   0x00001e44       0x28 c:/program files (x86)/cypress/psoc creator/4.4/psoc creator/import/gnu/arm/5.4.1/bin/../lib/gcc/arm-none-eabi/5.4.1/../../../../arm-none-eabi/lib/armv6-m\libg_nano.a(lib_a-exit.o)
 .debug_frame   0x00001e6c       0x2c c:/program files (x86)/cypress/psoc creator/4.4/psoc creator/import/gnu/arm/5.4.1/bin/../lib/gcc/arm-none-eabi/5.4.1/../../../../arm-none-eabi/lib/armv6-m\libg_nano.a(lib_a-init.o)
 .debug_frame   0x00001e98       0x40 c:/program files (x86)/cypress/psoc creator/4.4/psoc creator/import/gnu/arm/5.4.1/bin/../lib/gcc/arm-none-eabi/5.4.1/../../../../arm-none-eabi/lib/armv6-m\libg_nano.a(lib_a-itoa.o)
 .debug_frame   0x00001ed8       0x28 c:/program files (x86)/cypress/psoc creator/4.4/psoc creator/import/gnu/arm/5.4.1/bin/../lib/gcc/arm-none-eabi/5.4.1/../../../../arm-none-eabi/lib/armv6-m\libg_nano.a(lib_a-memcpy-stub.o)
 .debug_frame   0x00001f00       0x20 c:/program files (x86)/cypress/psoc creator/4.4/psoc creator/import/gnu/arm/5.4.1/bin/../lib/gcc/arm-none-eabi/5.4.1/../../../../arm-none-eabi/lib/armv6-m\libg_nano.a(lib_a-memset.o)
 .debug_frame   0x00001f20       0x48 c:/program files (x86)/cypress/psoc creator/4.4/psoc creator/import/gnu/arm/5.4.1/bin/../lib/gcc/arm-none-eabi/5.4.1/../../../../arm-none-eabi/lib/armv6-m\libg_nano.a(lib_a-utoa.o)

.debug_str      0x00000000     0x28b3
 *(.debug_str)
 .debug_str     0x00000000      0x1d0 .\CortexM0\ARM_GCC_541\Debug\main.o
                                0x227 (size before relaxing)
 .debug_str     0x000001d0      0x107 .\CortexM0\ARM_GCC_541\Debug\battery.o
                                0x2f5 (size before relaxing)
 .debug_str     0x000002d7      0x1b3 .\CortexM0\ARM_GCC_541\Debug\INA226.o
                                0x3c4 (size before relaxing)
 .debug_str     0x0000048a       0xbf .\CortexM0\ARM_GCC_541\Debug\cyfitter_cfg.o
                                0x27d (size before relaxing)
 .debug_str     0x00000549       0x59 .\CortexM0\ARM_GCC_541\Debug\cymetadata.o
                                0x1ea (size before relaxing)
 .debug_str     0x000005a2      0x13a .\CortexM0\ARM_GCC_541\Debug\Cm0Start.o
                                0x323 (size before relaxing)
 .debug_str     0x000006dc      0x933 .\CortexM0\ARM_GCC_541\Debug\BatteryBalance.a(CyLib.o)
                                0xb6a (size before relaxing)
 .debug_str     0x0000100f      0x6e7 .\CortexM0\ARM_GCC_541\Debug\BatteryBalance.a(CyLFClk.o)
                                0x93f (size before relaxing)
 .debug_str     0x000016f6      0x149 .\CortexM0\ARM_GCC_541\Debug\BatteryBalance.a(I2C_Brain.o)
                                0x334 (size before relaxing)
 .debug_str     0x0000183f       0x98 .\CortexM0\ARM_GCC_541\Debug\BatteryBalance.a(I2C_Brain_I2C.o)
                                0x2a0 (size before relaxing)
 .debug_str     0x000018d7      0x2ce .\CortexM0\ARM_GCC_541\Debug\BatteryBalance.a(I2C_Brain_I2C_MASTER.o)
                                0x580 (size before relaxing)
 .debug_str     0x00001ba5       0xf4 .\CortexM0\ARM_GCC_541\Debug\BatteryBalance.a(Jetty.o)
                                0x2fc (size before relaxing)
 .debug_str     0x00001c99       0x80 .\CortexM0\ARM_GCC_541\Debug\BatteryBalance.a(Jetty_I2C.o)
                                0x280 (size before relaxing)
 .debug_str     0x00001d19      0x231 .\CortexM0\ARM_GCC_541\Debug\BatteryBalance.a(Jetty_I2C_MASTER.o)
                                0x510 (size before relaxing)
 .debug_str     0x00001f4a      0x135 .\CortexM0\ARM_GCC_541\Debug\BatteryBalance.a(INA226_I2C.o)
                                0x342 (size before relaxing)
 .debug_str     0x0000207f       0x9e .\CortexM0\ARM_GCC_541\Debug\BatteryBalance.a(INA226_I2C_I2C.o)
                                0x2a8 (size before relaxing)
 .debug_str     0x0000211d      0x1ec .\CortexM0\ARM_GCC_541\Debug\BatteryBalance.a(INA226_I2C_I2C_MASTER.o)
                                0x59c (size before relaxing)
 .debug_str     0x00002309      0x264 .\CortexM0\ARM_GCC_541\Debug\BatteryBalance.a(DBG_UART_UART.o)
                                0x43a (size before relaxing)
 .debug_str     0x0000256d       0xb2 .\CortexM0\ARM_GCC_541\Debug\BatteryBalance.a(CyFlash.o)
                                0x2d2 (size before relaxing)
 .debug_str     0x0000261f       0x53 .\CortexM0\ARM_GCC_541\Debug\BatteryBalance.a(I2C_Brain_I2C_INT.o)
                                0x334 (size before relaxing)
 .debug_str     0x00002672       0x35 .\CortexM0\ARM_GCC_541\Debug\BatteryBalance.a(Jetty_I2C_INT.o)
                                0x2fc (size before relaxing)
 .debug_str     0x000026a7       0x3f .\CortexM0\ARM_GCC_541\Debug\BatteryBalance.a(INA226_I2C_I2C_INT.o)
                                0x342 (size before relaxing)
 .debug_str     0x000026e6       0xce .\CortexM0\ARM_GCC_541\Debug\BatteryBalance.a(DBG_UART.o)
                                0x2f1 (size before relaxing)
 .debug_str     0x000027b4       0xff .\CortexM0\ARM_GCC_541\Debug\BatteryBalance.a(DBG_UART_SPI_UART.o)
                                0x318 (size before relaxing)

.debug_loc      0x00000000     0x54cc
 *(.debug_loc)
 .debug_loc     0x00000000       0x13 .\CortexM0\ARM_GCC_541\Debug\main.o
 .debug_loc     0x00000013      0x156 .\CortexM0\ARM_GCC_541\Debug\battery.o
 .debug_loc     0x00000169      0x2af .\CortexM0\ARM_GCC_541\Debug\INA226.o
 .debug_loc     0x00000418       0xa9 .\CortexM0\ARM_GCC_541\Debug\cyfitter_cfg.o
 .debug_loc     0x000004c1      0x14f .\CortexM0\ARM_GCC_541\Debug\Cm0Start.o
 .debug_loc     0x00000610     0x18f5 .\CortexM0\ARM_GCC_541\Debug\BatteryBalance.a(CyLib.o)
 .debug_loc     0x00001f05      0xdb7 .\CortexM0\ARM_GCC_541\Debug\BatteryBalance.a(CyLFClk.o)
 .debug_loc     0x00002cbc       0x7e .\CortexM0\ARM_GCC_541\Debug\BatteryBalance.a(I2C_Brain.o)
 .debug_loc     0x00002d3a      0xa49 .\CortexM0\ARM_GCC_541\Debug\BatteryBalance.a(I2C_Brain_I2C_MASTER.o)
 .debug_loc     0x00003783       0x7e .\CortexM0\ARM_GCC_541\Debug\BatteryBalance.a(Jetty.o)
 .debug_loc     0x00003801      0xa49 .\CortexM0\ARM_GCC_541\Debug\BatteryBalance.a(Jetty_I2C_MASTER.o)
 .debug_loc     0x0000424a       0x7e .\CortexM0\ARM_GCC_541\Debug\BatteryBalance.a(INA226_I2C.o)
 .debug_loc     0x000042c8      0xa49 .\CortexM0\ARM_GCC_541\Debug\BatteryBalance.a(INA226_I2C_I2C_MASTER.o)
 .debug_loc     0x00004d11      0x223 .\CortexM0\ARM_GCC_541\Debug\BatteryBalance.a(DBG_UART_UART.o)
 .debug_loc     0x00004f34      0x160 .\CortexM0\ARM_GCC_541\Debug\BatteryBalance.a(CyFlash.o)
 .debug_loc     0x00005094      0x10c .\CortexM0\ARM_GCC_541\Debug\BatteryBalance.a(I2C_Brain_I2C_INT.o)
 .debug_loc     0x000051a0      0x10c .\CortexM0\ARM_GCC_541\Debug\BatteryBalance.a(Jetty_I2C_INT.o)
 .debug_loc     0x000052ac      0x10c .\CortexM0\ARM_GCC_541\Debug\BatteryBalance.a(INA226_I2C_I2C_INT.o)
 .debug_loc     0x000053b8       0x7e .\CortexM0\ARM_GCC_541\Debug\BatteryBalance.a(DBG_UART.o)
 .debug_loc     0x00005436       0x96 .\CortexM0\ARM_GCC_541\Debug\BatteryBalance.a(DBG_UART_SPI_UART.o)

.debug_macinfo
 *(.debug_macinfo)

.debug_ranges   0x00000000      0x940
 *(.debug_ranges)
 .debug_ranges  0x00000000       0x10 .\CortexM0\ARM_GCC_541\Debug\main.o
 .debug_ranges  0x00000010       0x30 .\CortexM0\ARM_GCC_541\Debug\battery.o
 .debug_ranges  0x00000040       0x68 .\CortexM0\ARM_GCC_541\Debug\INA226.o
 .debug_ranges  0x000000a8       0x28 .\CortexM0\ARM_GCC_541\Debug\cyfitter_cfg.o
 .debug_ranges  0x000000d0       0x38 .\CortexM0\ARM_GCC_541\Debug\Cm0Start.o
 .debug_ranges  0x00000108      0x260 .\CortexM0\ARM_GCC_541\Debug\BatteryBalance.a(CyLib.o)
 .debug_ranges  0x00000368      0x178 .\CortexM0\ARM_GCC_541\Debug\BatteryBalance.a(CyLFClk.o)
 .debug_ranges  0x000004e0       0x50 .\CortexM0\ARM_GCC_541\Debug\BatteryBalance.a(I2C_Brain.o)
 .debug_ranges  0x00000530       0x20 .\CortexM0\ARM_GCC_541\Debug\BatteryBalance.a(I2C_Brain_I2C.o)
 .debug_ranges  0x00000550       0x88 .\CortexM0\ARM_GCC_541\Debug\BatteryBalance.a(I2C_Brain_I2C_MASTER.o)
 .debug_ranges  0x000005d8       0x50 .\CortexM0\ARM_GCC_541\Debug\BatteryBalance.a(Jetty.o)
 .debug_ranges  0x00000628       0x20 .\CortexM0\ARM_GCC_541\Debug\BatteryBalance.a(Jetty_I2C.o)
 .debug_ranges  0x00000648       0x88 .\CortexM0\ARM_GCC_541\Debug\BatteryBalance.a(Jetty_I2C_MASTER.o)
 .debug_ranges  0x000006d0       0x50 .\CortexM0\ARM_GCC_541\Debug\BatteryBalance.a(INA226_I2C.o)
 .debug_ranges  0x00000720       0x20 .\CortexM0\ARM_GCC_541\Debug\BatteryBalance.a(INA226_I2C_I2C.o)
 .debug_ranges  0x00000740       0x88 .\CortexM0\ARM_GCC_541\Debug\BatteryBalance.a(INA226_I2C_I2C_MASTER.o)
 .debug_ranges  0x000007c8       0x80 .\CortexM0\ARM_GCC_541\Debug\BatteryBalance.a(DBG_UART_UART.o)
 .debug_ranges  0x00000848       0x30 .\CortexM0\ARM_GCC_541\Debug\BatteryBalance.a(CyFlash.o)
 .debug_ranges  0x00000878       0x10 .\CortexM0\ARM_GCC_541\Debug\BatteryBalance.a(I2C_Brain_I2C_INT.o)
 .debug_ranges  0x00000888       0x10 .\CortexM0\ARM_GCC_541\Debug\BatteryBalance.a(Jetty_I2C_INT.o)
 .debug_ranges  0x00000898       0x10 .\CortexM0\ARM_GCC_541\Debug\BatteryBalance.a(INA226_I2C_I2C_INT.o)
 .debug_ranges  0x000008a8       0x48 .\CortexM0\ARM_GCC_541\Debug\BatteryBalance.a(DBG_UART.o)
 .debug_ranges  0x000008f0       0x50 .\CortexM0\ARM_GCC_541\Debug\BatteryBalance.a(DBG_UART_SPI_UART.o)

.comment        0x00000000       0x6e
 .comment       0x00000000       0x6e .\CortexM0\ARM_GCC_541\Debug\main.o
                                 0x6f (size before relaxing)
 .comment       0x0000006e       0x6f .\CortexM0\ARM_GCC_541\Debug\battery.o
 .comment       0x0000006e       0x6f .\CortexM0\ARM_GCC_541\Debug\INA226.o
 .comment       0x0000006e       0x6f .\CortexM0\ARM_GCC_541\Debug\cyfitter_cfg.o
 .comment       0x0000006e       0x6f .\CortexM0\ARM_GCC_541\Debug\cymetadata.o
 .comment       0x0000006e       0x6f .\CortexM0\ARM_GCC_541\Debug\Cm0Start.o
 .comment       0x0000006e       0x6f .\CortexM0\ARM_GCC_541\Debug\BatteryBalance.a(CyLib.o)
 .comment       0x0000006e       0x6f .\CortexM0\ARM_GCC_541\Debug\BatteryBalance.a(CyLFClk.o)
 .comment       0x0000006e       0x6f .\CortexM0\ARM_GCC_541\Debug\BatteryBalance.a(I2C_Brain.o)
 .comment       0x0000006e       0x6f .\CortexM0\ARM_GCC_541\Debug\BatteryBalance.a(I2C_Brain_I2C.o)
 .comment       0x0000006e       0x6f .\CortexM0\ARM_GCC_541\Debug\BatteryBalance.a(I2C_Brain_I2C_MASTER.o)
 .comment       0x0000006e       0x6f .\CortexM0\ARM_GCC_541\Debug\BatteryBalance.a(Jetty.o)
 .comment       0x0000006e       0x6f .\CortexM0\ARM_GCC_541\Debug\BatteryBalance.a(Jetty_I2C.o)
 .comment       0x0000006e       0x6f .\CortexM0\ARM_GCC_541\Debug\BatteryBalance.a(Jetty_I2C_MASTER.o)
 .comment       0x0000006e       0x6f .\CortexM0\ARM_GCC_541\Debug\BatteryBalance.a(INA226_I2C.o)
 .comment       0x0000006e       0x6f .\CortexM0\ARM_GCC_541\Debug\BatteryBalance.a(INA226_I2C_I2C.o)
 .comment       0x0000006e       0x6f .\CortexM0\ARM_GCC_541\Debug\BatteryBalance.a(INA226_I2C_I2C_MASTER.o)
 .comment       0x0000006e       0x6f .\CortexM0\ARM_GCC_541\Debug\BatteryBalance.a(DBG_UART_UART.o)
 .comment       0x0000006e       0x6f .\CortexM0\ARM_GCC_541\Debug\BatteryBalance.a(CyFlash.o)
 .comment       0x0000006e       0x6f .\CortexM0\ARM_GCC_541\Debug\BatteryBalance.a(I2C_Brain_I2C_INT.o)
 .comment       0x0000006e       0x6f .\CortexM0\ARM_GCC_541\Debug\BatteryBalance.a(Jetty_I2C_INT.o)
 .comment       0x0000006e       0x6f .\CortexM0\ARM_GCC_541\Debug\BatteryBalance.a(INA226_I2C_I2C_INT.o)
 .comment       0x0000006e       0x6f .\CortexM0\ARM_GCC_541\Debug\BatteryBalance.a(DBG_UART.o)
 .comment       0x0000006e       0x6f .\CortexM0\ARM_GCC_541\Debug\BatteryBalance.a(DBG_UART_SPI_UART.o)

.debug_weaknames
 *(.debug_weaknames)

.debug_funcnames
 *(.debug_funcnames)

.debug_typenames
 *(.debug_typenames)

.debug_varnames
 *(.debug_varnames)

.note.gnu.arm.ident
 *(.note.gnu.arm.ident)

.ARM.attributes
                0x00000000       0x28
 *(.ARM.attributes)
 .ARM.attributes
                0x00000000       0x1e c:/program files (x86)/cypress/psoc creator/4.4/psoc creator/import/gnu/arm/5.4.1/bin/../lib/gcc/arm-none-eabi/5.4.1/armv6-m/crti.o
 .ARM.attributes
                0x0000001e       0x2c c:/program files (x86)/cypress/psoc creator/4.4/psoc creator/import/gnu/arm/5.4.1/bin/../lib/gcc/arm-none-eabi/5.4.1/armv6-m/crtbegin.o
 .ARM.attributes
                0x0000004a       0x1b c:/program files (x86)/cypress/psoc creator/4.4/psoc creator/import/gnu/arm/5.4.1/bin/../lib/gcc/arm-none-eabi/5.4.1/../../../../arm-none-eabi/lib/armv6-m/crt0.o
 .ARM.attributes
                0x00000065       0x31 .\CortexM0\ARM_GCC_541\Debug\main.o
 .ARM.attributes
                0x00000096       0x31 .\CortexM0\ARM_GCC_541\Debug\battery.o
 .ARM.attributes
                0x000000c7       0x31 .\CortexM0\ARM_GCC_541\Debug\INA226.o
 .ARM.attributes
                0x000000f8       0x31 .\CortexM0\ARM_GCC_541\Debug\cyfitter_cfg.o
 .ARM.attributes
                0x00000129       0x31 .\CortexM0\ARM_GCC_541\Debug\cymetadata.o
 .ARM.attributes
                0x0000015a       0x31 .\CortexM0\ARM_GCC_541\Debug\Cm0Start.o
 .ARM.attributes
                0x0000018b       0x31 .\CortexM0\ARM_GCC_541\Debug\BatteryBalance.a(CyLib.o)
 .ARM.attributes
                0x000001bc       0x31 .\CortexM0\ARM_GCC_541\Debug\BatteryBalance.a(CyLFClk.o)
 .ARM.attributes
                0x000001ed       0x31 .\CortexM0\ARM_GCC_541\Debug\BatteryBalance.a(I2C_Brain.o)
 .ARM.attributes
                0x0000021e       0x31 .\CortexM0\ARM_GCC_541\Debug\BatteryBalance.a(I2C_Brain_I2C.o)
 .ARM.attributes
                0x0000024f       0x31 .\CortexM0\ARM_GCC_541\Debug\BatteryBalance.a(I2C_Brain_I2C_MASTER.o)
 .ARM.attributes
                0x00000280       0x31 .\CortexM0\ARM_GCC_541\Debug\BatteryBalance.a(Jetty.o)
 .ARM.attributes
                0x000002b1       0x31 .\CortexM0\ARM_GCC_541\Debug\BatteryBalance.a(Jetty_I2C.o)
 .ARM.attributes
                0x000002e2       0x31 .\CortexM0\ARM_GCC_541\Debug\BatteryBalance.a(Jetty_I2C_MASTER.o)
 .ARM.attributes
                0x00000313       0x31 .\CortexM0\ARM_GCC_541\Debug\BatteryBalance.a(INA226_I2C.o)
 .ARM.attributes
                0x00000344       0x31 .\CortexM0\ARM_GCC_541\Debug\BatteryBalance.a(INA226_I2C_I2C.o)
 .ARM.attributes
                0x00000375       0x31 .\CortexM0\ARM_GCC_541\Debug\BatteryBalance.a(INA226_I2C_I2C_MASTER.o)
 .ARM.attributes
                0x000003a6       0x31 .\CortexM0\ARM_GCC_541\Debug\BatteryBalance.a(DBG_UART_UART.o)
 .ARM.attributes
                0x000003d7       0x21 .\CortexM0\ARM_GCC_541\Debug\BatteryBalance.a(CyBootAsmGnu.o)
 .ARM.attributes
                0x000003f8       0x31 .\CortexM0\ARM_GCC_541\Debug\BatteryBalance.a(CyFlash.o)
 .ARM.attributes
                0x00000429       0x31 .\CortexM0\ARM_GCC_541\Debug\BatteryBalance.a(I2C_Brain_I2C_INT.o)
 .ARM.attributes
                0x0000045a       0x31 .\CortexM0\ARM_GCC_541\Debug\BatteryBalance.a(Jetty_I2C_INT.o)
 .ARM.attributes
                0x0000048b       0x31 .\CortexM0\ARM_GCC_541\Debug\BatteryBalance.a(INA226_I2C_I2C_INT.o)
 .ARM.attributes
                0x000004bc       0x31 .\CortexM0\ARM_GCC_541\Debug\BatteryBalance.a(DBG_UART.o)
 .ARM.attributes
                0x000004ed       0x31 .\CortexM0\ARM_GCC_541\Debug\BatteryBalance.a(DBG_UART_SPI_UART.o)
 .ARM.attributes
                0x0000051e       0x1e c:/program files (x86)/cypress/psoc creator/4.4/psoc creator/import/gnu/arm/5.4.1/bin/../lib/gcc/arm-none-eabi/5.4.1/armv6-m\libgcc.a(_udivsi3.o)
 .ARM.attributes
                0x0000053c       0x1e c:/program files (x86)/cypress/psoc creator/4.4/psoc creator/import/gnu/arm/5.4.1/bin/../lib/gcc/arm-none-eabi/5.4.1/armv6-m\libgcc.a(_divsi3.o)
 .ARM.attributes
                0x0000055a       0x1e c:/program files (x86)/cypress/psoc creator/4.4/psoc creator/import/gnu/arm/5.4.1/bin/../lib/gcc/arm-none-eabi/5.4.1/armv6-m\libgcc.a(_dvmd_tls.o)
 .ARM.attributes
                0x00000578       0x2c c:/program files (x86)/cypress/psoc creator/4.4/psoc creator/import/gnu/arm/5.4.1/bin/../lib/gcc/arm-none-eabi/5.4.1/armv6-m\libgcc.a(_fixunsdfsi.o)
 .ARM.attributes
                0x000005a4       0x2c c:/program files (x86)/cypress/psoc creator/4.4/psoc creator/import/gnu/arm/5.4.1/bin/../lib/gcc/arm-none-eabi/5.4.1/armv6-m\libgcc.a(muldf3.o)
 .ARM.attributes
                0x000005d0       0x2c c:/program files (x86)/cypress/psoc creator/4.4/psoc creator/import/gnu/arm/5.4.1/bin/../lib/gcc/arm-none-eabi/5.4.1/armv6-m\libgcc.a(subdf3.o)
 .ARM.attributes
                0x000005fc       0x2c c:/program files (x86)/cypress/psoc creator/4.4/psoc creator/import/gnu/arm/5.4.1/bin/../lib/gcc/arm-none-eabi/5.4.1/armv6-m\libgcc.a(fixdfsi.o)
 .ARM.attributes
                0x00000628       0x2c c:/program files (x86)/cypress/psoc creator/4.4/psoc creator/import/gnu/arm/5.4.1/bin/../lib/gcc/arm-none-eabi/5.4.1/armv6-m\libgcc.a(floatsidf.o)
 .ARM.attributes
                0x00000654       0x1e c:/program files (x86)/cypress/psoc creator/4.4/psoc creator/import/gnu/arm/5.4.1/bin/../lib/gcc/arm-none-eabi/5.4.1/armv6-m\libgcc.a(_arm_cmpdf2.o)
 .ARM.attributes
                0x00000672       0x1e c:/program files (x86)/cypress/psoc creator/4.4/psoc creator/import/gnu/arm/5.4.1/bin/../lib/gcc/arm-none-eabi/5.4.1/armv6-m\libgcc.a(_clzsi2.o)
 .ARM.attributes
                0x00000690       0x2c c:/program files (x86)/cypress/psoc creator/4.4/psoc creator/import/gnu/arm/5.4.1/bin/../lib/gcc/arm-none-eabi/5.4.1/armv6-m\libgcc.a(eqdf2.o)
 .ARM.attributes
                0x000006bc       0x2c c:/program files (x86)/cypress/psoc creator/4.4/psoc creator/import/gnu/arm/5.4.1/bin/../lib/gcc/arm-none-eabi/5.4.1/armv6-m\libgcc.a(gedf2.o)
 .ARM.attributes
                0x000006e8       0x2c c:/program files (x86)/cypress/psoc creator/4.4/psoc creator/import/gnu/arm/5.4.1/bin/../lib/gcc/arm-none-eabi/5.4.1/armv6-m\libgcc.a(ledf2.o)
 .ARM.attributes
                0x00000714       0x2c c:/program files (x86)/cypress/psoc creator/4.4/psoc creator/import/gnu/arm/5.4.1/bin/../lib/gcc/arm-none-eabi/5.4.1/../../../../arm-none-eabi/lib/armv6-m\libg_nano.a(lib_a-errno.o)
 .ARM.attributes
                0x00000740       0x2c c:/program files (x86)/cypress/psoc creator/4.4/psoc creator/import/gnu/arm/5.4.1/bin/../lib/gcc/arm-none-eabi/5.4.1/../../../../arm-none-eabi/lib/armv6-m\libg_nano.a(lib_a-exit.o)
 .ARM.attributes
                0x0000076c       0x2c c:/program files (x86)/cypress/psoc creator/4.4/psoc creator/import/gnu/arm/5.4.1/bin/../lib/gcc/arm-none-eabi/5.4.1/../../../../arm-none-eabi/lib/armv6-m\libg_nano.a(lib_a-impure.o)
 .ARM.attributes
                0x00000798       0x2c c:/program files (x86)/cypress/psoc creator/4.4/psoc creator/import/gnu/arm/5.4.1/bin/../lib/gcc/arm-none-eabi/5.4.1/../../../../arm-none-eabi/lib/armv6-m\libg_nano.a(lib_a-init.o)
 .ARM.attributes
                0x000007c4       0x2c c:/program files (x86)/cypress/psoc creator/4.4/psoc creator/import/gnu/arm/5.4.1/bin/../lib/gcc/arm-none-eabi/5.4.1/../../../../arm-none-eabi/lib/armv6-m\libg_nano.a(lib_a-itoa.o)
 .ARM.attributes
                0x000007f0       0x2c c:/program files (x86)/cypress/psoc creator/4.4/psoc creator/import/gnu/arm/5.4.1/bin/../lib/gcc/arm-none-eabi/5.4.1/../../../../arm-none-eabi/lib/armv6-m\libg_nano.a(lib_a-memcpy-stub.o)
 .ARM.attributes
                0x0000081c       0x2c c:/program files (x86)/cypress/psoc creator/4.4/psoc creator/import/gnu/arm/5.4.1/bin/../lib/gcc/arm-none-eabi/5.4.1/../../../../arm-none-eabi/lib/armv6-m\libg_nano.a(lib_a-memset.o)
 .ARM.attributes
                0x00000848       0x2c c:/program files (x86)/cypress/psoc creator/4.4/psoc creator/import/gnu/arm/5.4.1/bin/../lib/gcc/arm-none-eabi/5.4.1/../../../../arm-none-eabi/lib/armv6-m\libg_nano.a(lib_a-utoa.o)
 .ARM.attributes
                0x00000874       0x2c c:/program files (x86)/cypress/psoc creator/4.4/psoc creator/import/gnu/arm/5.4.1/bin/../lib/gcc/arm-none-eabi/5.4.1/armv6-m/crtend.o
 .ARM.attributes
                0x000008a0       0x1e c:/program files (x86)/cypress/psoc creator/4.4/psoc creator/import/gnu/arm/5.4.1/bin/../lib/gcc/arm-none-eabi/5.4.1/armv6-m/crtn.o

/DISCARD/
 *(.note.GNU-stack)
OUTPUT(C:\Users\tsien\Documents\GitHub\Battery_Management_Board_PY2023\BatteryBalance\BatteryBalance.cydsn\CortexM0\ARM_GCC_541\Debug\BatteryBalance.elf elf32-littlearm)
