Archive member included to satisfy reference by file (symbol)

.\CortexM0\ARM_GCC_541\Debug\BatteryBalance.a(CyLib.o)
                              .\CortexM0\ARM_GCC_541\Debug\cyfitter_cfg.o (CyIntEnable)
.\CortexM0\ARM_GCC_541\Debug\BatteryBalance.a(CyLFClk.o)
                              .\CortexM0\ARM_GCC_541\Debug\BatteryBalance.a(CyLib.o) (CySysClkWcoEnabled)
.\CortexM0\ARM_GCC_541\Debug\BatteryBalance.a(INA226_I2C.o)
                              .\CortexM0\ARM_GCC_541\Debug\INA226.o (INA226_I2C_Start)
.\CortexM0\ARM_GCC_541\Debug\BatteryBalance.a(INA226_I2C_I2C.o)
                              .\CortexM0\ARM_GCC_541\Debug\BatteryBalance.a(INA226_I2C.o) (INA226_I2C_I2CInit)
.\CortexM0\ARM_GCC_541\Debug\BatteryBalance.a(INA226_I2C_I2C_MASTER.o)
                              .\CortexM0\ARM_GCC_541\Debug\INA226.o (INA226_I2C_I2CMasterSendStart)
.\CortexM0\ARM_GCC_541\Debug\BatteryBalance.a(DBG_UART.o)
                              .\CortexM0\ARM_GCC_541\Debug\main.o (DBG_UART_Start)
.\CortexM0\ARM_GCC_541\Debug\BatteryBalance.a(DBG_UART_UART.o)
                              .\CortexM0\ARM_GCC_541\Debug\BatteryBalance.a(DBG_UART.o) (DBG_UART_UartInit)
.\CortexM0\ARM_GCC_541\Debug\BatteryBalance.a(CyBootAsmGnu.o)
                              .\CortexM0\ARM_GCC_541\Debug\BatteryBalance.a(CyLib.o) (CyDelayCycles)
.\CortexM0\ARM_GCC_541\Debug\BatteryBalance.a(CyFlash.o)
                              .\CortexM0\ARM_GCC_541\Debug\BatteryBalance.a(CyLib.o) (CySysFlashSetWaitCycles)
.\CortexM0\ARM_GCC_541\Debug\BatteryBalance.a(INA226_I2C_I2C_INT.o)
                              .\CortexM0\ARM_GCC_541\Debug\BatteryBalance.a(INA226_I2C_I2C.o) (INA226_I2C_I2C_ISR)
.\CortexM0\ARM_GCC_541\Debug\BatteryBalance.a(DBG_UART_SPI_UART.o)
                              .\CortexM0\ARM_GCC_541\Debug\BatteryBalance.a(DBG_UART_UART.o) (DBG_UART_SpiUartReadRxData)
c:/program files (x86)/cypress/psoc creator/4.4/psoc creator/import/gnu/arm/5.4.1/bin/../lib/gcc/arm-none-eabi/5.4.1/armv6-m\libgcc.a(_udivsi3.o)
                              .\CortexM0\ARM_GCC_541\Debug\BatteryBalance.a(CyLib.o) (__aeabi_uidiv)
c:/program files (x86)/cypress/psoc creator/4.4/psoc creator/import/gnu/arm/5.4.1/bin/../lib/gcc/arm-none-eabi/5.4.1/armv6-m\libgcc.a(_divsi3.o)
                              .\CortexM0\ARM_GCC_541\Debug\INA226.o (__aeabi_idiv)
c:/program files (x86)/cypress/psoc creator/4.4/psoc creator/import/gnu/arm/5.4.1/bin/../lib/gcc/arm-none-eabi/5.4.1/armv6-m\libgcc.a(_dvmd_tls.o)
                              c:/program files (x86)/cypress/psoc creator/4.4/psoc creator/import/gnu/arm/5.4.1/bin/../lib/gcc/arm-none-eabi/5.4.1/armv6-m\libgcc.a(_udivsi3.o) (__aeabi_idiv0)
c:/program files (x86)/cypress/psoc creator/4.4/psoc creator/import/gnu/arm/5.4.1/bin/../lib/gcc/arm-none-eabi/5.4.1/armv6-m\libgcc.a(_fixunsdfsi.o)
                              .\CortexM0\ARM_GCC_541\Debug\INA226.o (__aeabi_d2uiz)
c:/program files (x86)/cypress/psoc creator/4.4/psoc creator/import/gnu/arm/5.4.1/bin/../lib/gcc/arm-none-eabi/5.4.1/armv6-m\libgcc.a(muldf3.o)
                              .\CortexM0\ARM_GCC_541\Debug\INA226.o (__aeabi_dmul)
c:/program files (x86)/cypress/psoc creator/4.4/psoc creator/import/gnu/arm/5.4.1/bin/../lib/gcc/arm-none-eabi/5.4.1/armv6-m\libgcc.a(subdf3.o)
                              c:/program files (x86)/cypress/psoc creator/4.4/psoc creator/import/gnu/arm/5.4.1/bin/../lib/gcc/arm-none-eabi/5.4.1/armv6-m\libgcc.a(_fixunsdfsi.o) (__aeabi_dsub)
c:/program files (x86)/cypress/psoc creator/4.4/psoc creator/import/gnu/arm/5.4.1/bin/../lib/gcc/arm-none-eabi/5.4.1/armv6-m\libgcc.a(fixdfsi.o)
                              c:/program files (x86)/cypress/psoc creator/4.4/psoc creator/import/gnu/arm/5.4.1/bin/../lib/gcc/arm-none-eabi/5.4.1/armv6-m\libgcc.a(_fixunsdfsi.o) (__aeabi_d2iz)
c:/program files (x86)/cypress/psoc creator/4.4/psoc creator/import/gnu/arm/5.4.1/bin/../lib/gcc/arm-none-eabi/5.4.1/armv6-m\libgcc.a(floatsidf.o)
                              .\CortexM0\ARM_GCC_541\Debug\INA226.o (__aeabi_i2d)
c:/program files (x86)/cypress/psoc creator/4.4/psoc creator/import/gnu/arm/5.4.1/bin/../lib/gcc/arm-none-eabi/5.4.1/armv6-m\libgcc.a(_arm_cmpdf2.o)
                              c:/program files (x86)/cypress/psoc creator/4.4/psoc creator/import/gnu/arm/5.4.1/bin/../lib/gcc/arm-none-eabi/5.4.1/armv6-m\libgcc.a(_fixunsdfsi.o) (__aeabi_dcmpge)
c:/program files (x86)/cypress/psoc creator/4.4/psoc creator/import/gnu/arm/5.4.1/bin/../lib/gcc/arm-none-eabi/5.4.1/armv6-m\libgcc.a(_clzsi2.o)
                              c:/program files (x86)/cypress/psoc creator/4.4/psoc creator/import/gnu/arm/5.4.1/bin/../lib/gcc/arm-none-eabi/5.4.1/armv6-m\libgcc.a(muldf3.o) (__clzsi2)
c:/program files (x86)/cypress/psoc creator/4.4/psoc creator/import/gnu/arm/5.4.1/bin/../lib/gcc/arm-none-eabi/5.4.1/armv6-m\libgcc.a(eqdf2.o)
[...]
Memory Configuration

Name             Origin             Length             Attributes
rom              0x00000000         0x00020000         xr
ram              0x20000000         0x00004000         xrw
*default*        0x00000000         0xffffffff

Linker script and memory map

LOAD c:/program files (x86)/cypress/psoc creator/4.4/psoc creator/import/gnu/arm/5.4.1/bin/../lib/gcc/arm-none-eabi/5.4.1/armv6-m/crti.o
LOAD c:/program files (x86)/cypress/psoc creator/4.4/psoc creator/import/gnu/arm/5.4.1/bin/../lib/gcc/arm-none-eabi/5.4.1/armv6-m/crtbegin.o
LOAD c:/program files (x86)/cypress/psoc creator/4.4/psoc creator/import/gnu/arm/5.4.1/bin/../lib/gcc/arm-none-eabi/5.4.1/../../../../arm-none-eabi/lib/armv6-m/crt0.o
START GROUP
LOAD .\CortexM0\ARM_GCC_541\Debug\main.o
LOAD .\CortexM0\ARM_GCC_541\Debug\battery.o
LOAD .\CortexM0\ARM_GCC_541\Debug\INA226.o
LOAD .\CortexM0\ARM_GCC_541\Debug\CANCommon.o
LOAD .\CortexM0\ARM_GCC_541\Debug\CANGPIO.o
LOAD .\CortexM0\ARM_GCC_541\Debug\CANLocalization.o
LOAD .\CortexM0\ARM_GCC_541\Debug\CANMotorUnit.o
LOAD .\CortexM0\ARM_GCC_541\Debug\CANPower.o
LOAD .\CortexM0\ARM_GCC_541\Debug\CANScience.o
LOAD .\CortexM0\ARM_GCC_541\Debug\PortTemplate.o
LOAD .\CortexM0\ARM_GCC_541\Debug\CANPacket.o
LOAD .\CortexM0\ARM_GCC_541\Debug\cyfitter_cfg.o
LOAD .\CortexM0\ARM_GCC_541\Debug\cymetadata.o
LOAD .\CortexM0\ARM_GCC_541\Debug\Cm0Start.o
LOAD .\CortexM0\ARM_GCC_541\Debug\BatteryBalance.a
END GROUP
START GROUP
LOAD c:/program files (x86)/cypress/psoc creator/4.4/psoc creator/import/gnu/arm/5.4.1/bin/../lib/gcc/arm-none-eabi/5.4.1/armv6-m\libgcc.a
LOAD c:/program files (x86)/cypress/psoc creator/4.4/psoc creator/import/gnu/arm/5.4.1/bin/../lib/gcc/arm-none-eabi/5.4.1/../../../../arm-none-eabi/lib/armv6-m\libg_nano.a
LOAD c:/program files (x86)/cypress/psoc creator/4.4/psoc creator/import/gnu/arm/5.4.1/bin/../lib/gcc/arm-none-eabi/5.4.1/../../../../arm-none-eabi/lib/armv6-m\libc_nano.a
END GROUP
START GROUP
LOAD c:/program files (x86)/cypress/psoc creator/4.4/psoc creator/import/gnu/arm/5.4.1/bin/../lib/gcc/arm-none-eabi/5.4.1/armv6-m\libgcc.a
LOAD c:/program files (x86)/cypress/psoc creator/4.4/psoc creator/import/gnu/arm/5.4.1/bin/../lib/gcc/arm-none-eabi/5.4.1/../../../../arm-none-eabi/lib/armv6-m\libc_nano.a
END GROUP
LOAD c:/program files (x86)/cypress/psoc creator/4.4/psoc creator/import/gnu/arm/5.4.1/bin/../lib/gcc/arm-none-eabi/5.4.1/armv6-m/crtend.o
LOAD c:/program files (x86)/cypress/psoc creator/4.4/psoc creator/import/gnu/arm/5.4.1/bin/../lib/gcc/arm-none-eabi/5.4.1/armv6-m/crtn.o
START GROUP
LOAD c:/program files (x86)/cypress/psoc creator/4.4/psoc creator/import/gnu/arm/5.4.1/bin/../lib/gcc/arm-none-eabi/5.4.1/armv6-m\libgcc.a
LOAD c:/program files (x86)/cypress/psoc creator/4.4/psoc creator/import/gnu/arm/5.4.1/bin/../lib/gcc/arm-none-eabi/5.4.1/../../../../arm-none-eabi/lib/armv6-m\libc.a
LOAD c:/program files (x86)/cypress/psoc creator/4.4/psoc creator/import/gnu/arm/5.4.1/bin/../lib/gcc/arm-none-eabi/5.4.1/../../../../arm-none-eabi/lib/armv6-m\libnosys.a
END GROUP
                0x00000000                CY_APPL_ORIGIN = 0x0
                0x00000080                CY_FLASH_ROW_SIZE = 0x80
                0x00000001                CY_APPL_NUM = 0x1
                0x00000001                CY_APPL_MAX = 0x1
                0x00000040                CY_METADATA_SIZE = 0x40
                0x00000000                CY_APPL_LOADABLE = 0x0
                0x00000000                CY_CHECKSUM_EXCLUDE_SIZE = ALIGN (0x0, CY_FLASH_ROW_SIZE)
                0x00000000                CY_APP_FOR_STACK_AND_COPIER = 0x0
                [!provide]                PROVIDE (__cy_heap_start, _end)
                0x00000001                PROVIDE (__cy_region_num, ((__cy_regions_end - __cy_regions) / 0x10))
                0x20004000                PROVIDE (__cy_stack, (ORIGIN (ram) + LENGTH (ram)))
                [!provide]                PROVIDE (__cy_heap_end, (__cy_stack - 0x800))

.cybootloader   0x00000000        0x0
 *(.cybootloader)
                0x00000000                appl1_start = CY_APPL_ORIGIN?CY_APPL_ORIGIN:ALIGN (CY_FLASH_ROW_SIZE)
                0x0000ff80                appl2_start = (appl1_start + ALIGN ((((LENGTH (rom) - appl1_start) - (0x2 * CY_FLASH_ROW_SIZE)) / 0x2), CY_FLASH_ROW_SIZE))
                0x00000000                appl_start = (CY_APPL_NUM == 0x1)?appl1_start:appl2_start
                0x00000001                cy_project_type_bootloader = (appl_start == 0x0)?0x1:0x0
                0x00000000                cy_project_type_app_for_stack_and_copier = (CY_APP_FOR_STACK_AND_COPIER == 0x1)?0x1:0x0

.text           0x00000000     0x1738
 CREATE_OBJECT_SYMBOLS
                0x00000000                PROVIDE (__cy_interrupt_vector, RomVectors)
 *(.romvectors)
 .romvectors    0x00000000       0x10 .\CortexM0\ARM_GCC_541\Debug\Cm0Start.o
                0x00000000                RomVectors
                0x00000001                ASSERT ((. != __cy_interrupt_vector), No interrupt vector)
                0x00000001                ASSERT (CY_APPL_ORIGIN?(SIZEOF (.cybootloader) <= CY_APPL_ORIGIN):0x1, Wrong image location)
                0x00000010                PROVIDE (__cy_reset, Reset)
 *(.text.Reset)
 .text.Reset    0x00000010        0x8 .\CortexM0\ARM_GCC_541\Debug\Cm0Start.o
                0x00000010                Reset
                0x00000001                ASSERT ((. != __cy_reset), No reset code)
 *(.psocinit)
 .psocinit      0x00000018      0x154 .\CortexM0\ARM_GCC_541\Debug\cyfitter_cfg.o
                0x000000b0                cyfitter_cfg
                0x0000016c                . = MAX (., 0x100)
 *(.text .text.* .gnu.linkonce.t.*)
 .text          0x0000016c       0x60 c:/program files (x86)/cypress/psoc creator/4.4/psoc creator/import/gnu/arm/5.4.1/bin/../lib/gcc/arm-none-eabi/5.4.1/armv6-m/crtbegin.o
 .text.main     0x000001cc       0x60 .\CortexM0\ARM_GCC_541\Debug\main.o
                0x000001cc                main
 .text.BatteryBalanceInit
                0x0000022c        0x4 .\CortexM0\ARM_GCC_541\Debug\battery.o
                0x0000022c                BatteryBalanceInit
 .text.readRegister
                0x00000230       0x68 .\CortexM0\ARM_GCC_541\Debug\INA226.o
                0x00000230                readRegister
 .text.ping     0x00000298       0x18 .\CortexM0\ARM_GCC_541\Debug\INA226.o
                0x00000298                ping
 .text.getVoltage
                0x000002b0       0x20 .\CortexM0\ARM_GCC_541\Debug\INA226.o
                0x000002b0                getVoltage
 .text.writeRegister
                0x000002d0       0x60 .\CortexM0\ARM_GCC_541\Debug\INA226.o
                0x000002d0                writeRegister
 .text.reset    0x00000330       0x1c .\CortexM0\ARM_GCC_541\Debug\INA226.o
                0x00000330                reset
 .text.setShuntResistor
                0x0000034c       0x24 .\CortexM0\ARM_GCC_541\Debug\INA226.o
                0x0000034c                setShuntResistor
 .text.init_INA226
                0x00000370       0x18 .\CortexM0\ARM_GCC_541\Debug\INA226.o
                0x00000370                init_INA226
 .text.ConstructCANID
                0x00000388       0x1c .\CortexM0\ARM_GCC_541\Debug\CANPacket.o
                0x00000388                ConstructCANID
 .text.AnalogSetDefault
                0x000003a4       0x20 .\CortexM0\ARM_GCC_541\Debug\cyfitter_cfg.o
 .text.CYMEMZERO
                0x000003c4        0xc .\CortexM0\ARM_GCC_541\Debug\cyfitter_cfg.o
 .text.IntDefaultHandler
                0x000003d0       0x10 .\CortexM0\ARM_GCC_541\Debug\Cm0Start.o
                0x000003d0                IntDefaultHandler
 .text.Start_c  0x000003e0       0x48 .\CortexM0\ARM_GCC_541\Debug\Cm0Start.o
                0x000003e0                Start_c
 .text.initialize_psoc
                0x00000428       0x4c .\CortexM0\ARM_GCC_541\Debug\Cm0Start.o
                0x00000428                initialize_psoc
 .text.CySysClkImoDisableWcoLock
                0x00000474       0x54 .\CortexM0\ARM_GCC_541\Debug\BatteryBalance.a(CyLib.o)
                0x00000474                CySysClkImoDisableWcoLock
 .text.CySysClkImoGetWcoLock
                0x000004c8       0x14 .\CortexM0\ARM_GCC_541\Debug\BatteryBalance.a(CyLib.o)
                0x000004c8                CySysClkImoGetWcoLock
 .text.CyIntEnable
                0x000004dc       0x14 .\CortexM0\ARM_GCC_541\Debug\BatteryBalance.a(CyLib.o)
                0x000004dc                CyIntEnable
 .text.CyIntDisable
                0x000004f0       0x14 .\CortexM0\ARM_GCC_541\Debug\BatteryBalance.a(CyLib.o)
                0x000004f0                CyIntDisable
 .text.CyHalt   0x00000504        0x4 .\CortexM0\ARM_GCC_541\Debug\BatteryBalance.a(CyLib.o)
                0x00000504                CyHalt
 .text.CyIntSetVector
                0x00000508       0x24 .\CortexM0\ARM_GCC_541\Debug\BatteryBalance.a(CyLib.o)
                0x00000508                CyIntSetVector
 .text.CyIntSetPriority
                0x0000052c       0x4c .\CortexM0\ARM_GCC_541\Debug\BatteryBalance.a(CyLib.o)
                0x0000052c                CyIntSetPriority
 .text.CyDelay  0x00000578       0x30 .\CortexM0\ARM_GCC_541\Debug\BatteryBalance.a(CyLib.o)
                0x00000578                CyDelay
 .text.CySysClkImoEnableWcoLock
                0x000005a8       0xf4 .\CortexM0\ARM_GCC_541\Debug\BatteryBalance.a(CyLib.o)
                0x000005a8                CySysClkImoEnableWcoLock
 .text.CySysClkWriteImoFreq
                0x0000069c       0x80 .\CortexM0\ARM_GCC_541\Debug\BatteryBalance.a(CyLib.o)
                0x0000069c                CySysClkWriteImoFreq
 .text.CyDelayUs
                0x0000071c       0x14 .\CortexM0\ARM_GCC_541\Debug\BatteryBalance.a(CyLib.o)
                0x0000071c                CyDelayUs
 .text.CySysWdtLocked
                0x00000730       0x14 .\CortexM0\ARM_GCC_541\Debug\BatteryBalance.a(CyLFClk.o)
 .text.CySysClkWcoEnabled
                0x00000744       0x14 .\CortexM0\ARM_GCC_541\Debug\BatteryBalance.a(CyLFClk.o)
                0x00000744                CySysClkWcoEnabled
 .text.CySysWdtLock
                0x00000758       0x1c .\CortexM0\ARM_GCC_541\Debug\BatteryBalance.a(CyLFClk.o)
                0x00000758                CySysWdtLock
 .text.CySysWdtUnlock
                0x00000774       0x30 .\CortexM0\ARM_GCC_541\Debug\BatteryBalance.a(CyLFClk.o)
                0x00000774                CySysWdtUnlock
 .text.CySysWdtClearInterrupt
                0x000007a4       0x4c .\CortexM0\ARM_GCC_541\Debug\BatteryBalance.a(CyLFClk.o)
                0x000007a4                CySysWdtClearInterrupt
 .text.CySysWdtIsr
                0x000007f0       0xa4 .\CortexM0\ARM_GCC_541\Debug\BatteryBalance.a(CyLFClk.o)
                0x000007f0                CySysWdtIsr
 .text.INA226_I2C_ScbEnableIntr
                0x00000894        0xc .\CortexM0\ARM_GCC_541\Debug\BatteryBalance.a(INA226_I2C.o)
 .text.INA226_I2C_Init
                0x000008a0        0x8 .\CortexM0\ARM_GCC_541\Debug\BatteryBalance.a(INA226_I2C.o)
                0x000008a0                INA226_I2C_Init
 .text.INA226_I2C_Enable
                0x000008a8       0x18 .\CortexM0\ARM_GCC_541\Debug\BatteryBalance.a(INA226_I2C.o)
                0x000008a8                INA226_I2C_Enable
 .text.INA226_I2C_Start
                0x000008c0       0x20 .\CortexM0\ARM_GCC_541\Debug\BatteryBalance.a(INA226_I2C.o)
                0x000008c0                INA226_I2C_Start
 .text.INA226_I2C_I2CInit
                0x000008e0       0xb8 .\CortexM0\ARM_GCC_541\Debug\BatteryBalance.a(INA226_I2C_I2C.o)
                0x000008e0                INA226_I2C_I2CInit
 .text.INA226_I2C_I2CFwBlockReset
                0x00000998       0x5c .\CortexM0\ARM_GCC_541\Debug\BatteryBalance.a(INA226_I2C_I2C.o)
                0x00000998                INA226_I2C_I2CFwBlockReset
 .text.INA226_I2C_I2CMasterWaitOneUnit
                0x000009f4       0x28 .\CortexM0\ARM_GCC_541\Debug\BatteryBalance.a(INA226_I2C_I2C_MASTER.o)
 .text.INA226_I2C_I2CMasterHandleStatus
                0x00000a1c       0xc4 .\CortexM0\ARM_GCC_541\Debug\BatteryBalance.a(INA226_I2C_I2C_MASTER.o)
 .text.INA226_I2C_I2CMasterSendStart
                0x00000ae0       0xc4 .\CortexM0\ARM_GCC_541\Debug\BatteryBalance.a(INA226_I2C_I2C_MASTER.o)
                0x00000ae0                INA226_I2C_I2CMasterSendStart
 .text.INA226_I2C_I2CMasterSendStop
                0x00000ba4       0x58 .\CortexM0\ARM_GCC_541\Debug\BatteryBalance.a(INA226_I2C_I2C_MASTER.o)
                0x00000ba4                INA226_I2C_I2CMasterSendStop
 .text.INA226_I2C_I2CMasterWriteByte
                0x00000bfc       0x48 .\CortexM0\ARM_GCC_541\Debug\BatteryBalance.a(INA226_I2C_I2C_MASTER.o)
                0x00000bfc                INA226_I2C_I2CMasterWriteByte
 .text.INA226_I2C_I2CMasterReadByte
                0x00000c44       0x7c .\CortexM0\ARM_GCC_541\Debug\BatteryBalance.a(INA226_I2C_I2C_MASTER.o)
                0x00000c44                INA226_I2C_I2CMasterReadByte
 .text.INA226_I2C_I2CMasterStatus
                0x00000cc0       0x30 .\CortexM0\ARM_GCC_541\Debug\BatteryBalance.a(INA226_I2C_I2C_MASTER.o)
                0x00000cc0                INA226_I2C_I2CMasterStatus
 .text.INA226_I2C_I2CMasterClearStatus
                0x00000cf0       0x20 .\CortexM0\ARM_GCC_541\Debug\BatteryBalance.a(INA226_I2C_I2C_MASTER.o)
                0x00000cf0                INA226_I2C_I2CMasterClearStatus
 .text.INA226_I2C_I2CReStartGeneration
                0x00000d10       0x20 .\CortexM0\ARM_GCC_541\Debug\BatteryBalance.a(INA226_I2C_I2C_MASTER.o)
                0x00000d10                INA226_I2C_I2CReStartGeneration
 .text.INA226_I2C_I2CMasterWriteBuf
                0x00000d30       0xf8 .\CortexM0\ARM_GCC_541\Debug\BatteryBalance.a(INA226_I2C_I2C_MASTER.o)
                0x00000d30                INA226_I2C_I2CMasterWriteBuf
 .text.DBG_UART_ScbModePostEnable
                0x00000e28        0x8 .\CortexM0\ARM_GCC_541\Debug\BatteryBalance.a(DBG_UART.o)
 .text.DBG_UART_Init
                0x00000e30        0x8 .\CortexM0\ARM_GCC_541\Debug\BatteryBalance.a(DBG_UART.o)
                0x00000e30                DBG_UART_Init
 .text.DBG_UART_Enable
                0x00000e38       0x18 .\CortexM0\ARM_GCC_541\Debug\BatteryBalance.a(DBG_UART.o)
                0x00000e38                DBG_UART_Enable
 .text.DBG_UART_Start
                0x00000e50       0x20 .\CortexM0\ARM_GCC_541\Debug\BatteryBalance.a(DBG_UART.o)
                0x00000e50                DBG_UART_Start
 .text.DBG_UART_UartInit
                0x00000e70       0xa8 .\CortexM0\ARM_GCC_541\Debug\BatteryBalance.a(DBG_UART_UART.o)
                0x00000e70                DBG_UART_UartInit
 .text.DBG_UART_UartPostEnable
                0x00000f18       0x24 .\CortexM0\ARM_GCC_541\Debug\BatteryBalance.a(DBG_UART_UART.o)
                0x00000f18                DBG_UART_UartPostEnable
 .text.DBG_UART_UartPutString
                0x00000f3c       0x18 .\CortexM0\ARM_GCC_541\Debug\BatteryBalance.a(DBG_UART_UART.o)
                0x00000f3c                DBG_UART_UartPutString
 *fill*         0x00000f54        0x4 
 .text          0x00000f58       0x20 .\CortexM0\ARM_GCC_541\Debug\BatteryBalance.a(CyBootAsmGnu.o)
                0x00000f58                CyDelayCycles
                0x00000f6a                CyEnterCriticalSection
                0x00000f72                CyExitCriticalSection
 .text.CySysFlashSetWaitCycles
                0x00000f78       0x54 .\CortexM0\ARM_GCC_541\Debug\BatteryBalance.a(CyFlash.o)
                0x00000f78                CySysFlashSetWaitCycles
 .text.INA226_I2C_I2C_ISR
                0x00000fcc      0x340 .\CortexM0\ARM_GCC_541\Debug\BatteryBalance.a(INA226_I2C_I2C_INT.o)
                0x00000fcc                INA226_I2C_I2C_ISR
 .text.DBG_UART_SpiUartWriteTxData
                0x0000130c       0x1c .\CortexM0\ARM_GCC_541\Debug\BatteryBalance.a(DBG_UART_SPI_UART.o)
                0x0000130c                DBG_UART_SpiUartWriteTxData
 .text          0x00001328      0x114 c:/program files (x86)/cypress/psoc creator/4.4/psoc creator/import/gnu/arm/5.4.1/bin/../lib/gcc/arm-none-eabi/5.4.1/armv6-m\libgcc.a(_udivsi3.o)
                0x00001328                __aeabi_uidiv
                0x00001328                __udivsi3
                0x00001434                __aeabi_uidivmod
 .text          0x0000143c      0x1d4 c:/program files (x86)/cypress/psoc creator/4.4/psoc creator/import/gnu/arm/5.4.1/bin/../lib/gcc/arm-none-eabi/5.4.1/armv6-m\libgcc.a(_divsi3.o)
                0x0000143c                __divsi3
                0x0000143c                __aeabi_idiv
                0x00001608                __aeabi_idivmod
 .text          0x00001610        0x4 c:/program files (x86)/cypress/psoc creator/4.4/psoc creator/import/gnu/arm/5.4.1/bin/../lib/gcc/arm-none-eabi/5.4.1/armv6-m\libgcc.a(_dvmd_tls.o)
                0x00001610                __aeabi_idiv0
                0x00001610                __aeabi_ldiv0
 .text.__errno  0x00001614        0xc c:/program files (x86)/cypress/psoc creator/4.4/psoc creator/import/gnu/arm/5.4.1/bin/../lib/gcc/arm-none-eabi/5.4.1/../../../../arm-none-eabi/lib/armv6-m\libg_nano.a(lib_a-errno.o)
                0x00001614                __errno
 .text.__libc_init_array
                0x00001620       0x4c c:/program files (x86)/cypress/psoc creator/4.4/psoc creator/import/gnu/arm/5.4.1/bin/../lib/gcc/arm-none-eabi/5.4.1/../../../../arm-none-eabi/lib/armv6-m\libg_nano.a(lib_a-init.o)
                0x00001620                __libc_init_array
 .text.__itoa   0x0000166c       0x2e c:/program files (x86)/cypress/psoc creator/4.4/psoc creator/import/gnu/arm/5.4.1/bin/../lib/gcc/arm-none-eabi/5.4.1/../../../../arm-none-eabi/lib/armv6-m\libg_nano.a(lib_a-itoa.o)
                0x0000166c                __itoa
 .text.itoa     0x0000169a        0x8 c:/program files (x86)/cypress/psoc creator/4.4/psoc creator/import/gnu/arm/5.4.1/bin/../lib/gcc/arm-none-eabi/5.4.1/../../../../arm-none-eabi/lib/armv6-m\libg_nano.a(lib_a-itoa.o)
                0x0000169a                itoa
 .text.memcpy   0x000016a2       0x12 c:/program files (x86)/cypress/psoc creator/4.4/psoc creator/import/gnu/arm/5.4.1/bin/../lib/gcc/arm-none-eabi/5.4.1/../../../../arm-none-eabi/lib/armv6-m\libg_nano.a(lib_a-memcpy-stub.o)
                0x000016a2                memcpy
 .text.memset   0x000016b4       0x10 c:/program files (x86)/cypress/psoc creator/4.4/psoc creator/import/gnu/arm/5.4.1/bin/../lib/gcc/arm-none-eabi/5.4.1/../../../../arm-none-eabi/lib/armv6-m\libg_nano.a(lib_a-memset.o)
                0x000016b4                memset
 .text.__utoa   0x000016c4       0x74 c:/program files (x86)/cypress/psoc creator/4.4/psoc creator/import/gnu/arm/5.4.1/bin/../lib/gcc/arm-none-eabi/5.4.1/../../../../arm-none-eabi/lib/armv6-m\libg_nano.a(lib_a-utoa.o)
                0x000016c4                __utoa
 *(.plt)
 *(.gnu.warning)
 *(.glue_7t)
 .glue_7t       0x00001738        0x0 linker stubs
 *(.glue_7)
 .glue_7        0x00001738        0x0 linker stubs
 *(.vfp11_veneer)
 .vfp11_veneer  0x00001738        0x0 linker stubs
 *(.bootloader)
 *(.ARM.extab* .gnu.linkonce.armextab.*)
 *(.gcc_except_table)

.v4_bx          0x00001738        0x0
 .v4_bx         0x00001738        0x0 linker stubs

.iplt           0x00001738        0x0
 .iplt          0x00001738        0x0 c:/program files (x86)/cypress/psoc creator/4.4/psoc creator/import/gnu/arm/5.4.1/bin/../lib/gcc/arm-none-eabi/5.4.1/armv6-m/crtbegin.o

.eh_frame_hdr
 *(.eh_frame_hdr)

.eh_frame       0x00001738        0x4
 *(.eh_frame)
 .eh_frame      0x00001738        0x0 c:/program files (x86)/cypress/psoc creator/4.4/psoc creator/import/gnu/arm/5.4.1/bin/../lib/gcc/arm-none-eabi/5.4.1/armv6-m/crtbegin.o
 .eh_frame      0x00001738        0x4 c:/program files (x86)/cypress/psoc creator/4.4/psoc creator/import/gnu/arm/5.4.1/bin/../lib/gcc/arm-none-eabi/5.4.1/armv6-m/crtend.o
                [!provide]                PROVIDE (__exidx_start, .)

.ARM.exidx
 *(.ARM.exidx* .gnu.linkonce.armexidx.*)
                0x0000173c                __exidx_end = .

.rodata         0x0000173c       0xbc
 *(.rodata .rodata.* .gnu.linkonce.r.*)
 .rodata.str1.4
                0x0000173c        0xd .\CortexM0\ARM_GCC_541\Debug\main.o
 *fill*         0x00001749        0x3 
 .rodata.str1.4
                0x0000174c       0x10 .\CortexM0\ARM_GCC_541\Debug\INA226.o
                                  0xf (size before relaxing)
 .rodata        0x0000175c        0xc .\CortexM0\ARM_GCC_541\Debug\cyfitter_cfg.o
 .rodata        0x00001768       0x2e .\CortexM0\ARM_GCC_541\Debug\BatteryBalance.a(CyLib.o)
                0x00001768                cyImoFreqMhz2Reg
 .rodata.str1.1
                0x00001796        0x2 c:/program files (x86)/cypress/psoc creator/4.4/psoc creator/import/gnu/arm/5.4.1/bin/../lib/gcc/arm-none-eabi/5.4.1/../../../../arm-none-eabi/lib/armv6-m\libg_nano.a(lib_a-impure.o)
 .rodata.str1.1
                0x00001798       0x25 c:/program files (x86)/cypress/psoc creator/4.4/psoc creator/import/gnu/arm/5.4.1/bin/../lib/gcc/arm-none-eabi/5.4.1/../../../../arm-none-eabi/lib/armv6-m\libg_nano.a(lib_a-utoa.o)
                0x000017c0                . = ALIGN (0x4)
 *fill*         0x000017bd        0x3 
 *(.init)
 .init          0x000017c0        0x4 c:/program files (x86)/cypress/psoc creator/4.4/psoc creator/import/gnu/arm/5.4.1/bin/../lib/gcc/arm-none-eabi/5.4.1/armv6-m/crti.o
                0x000017c0                _init
 .init          0x000017c4        0x8 c:/program files (x86)/cypress/psoc creator/4.4/psoc creator/import/gnu/arm/5.4.1/bin/../lib/gcc/arm-none-eabi/5.4.1/armv6-m/crtn.o
                0x000017cc                . = ALIGN (0x4)
                0x000017cc                __preinit_array_start = .
 *(.preinit_array)
                0x000017cc                __preinit_array_end = .
                0x000017cc                . = ALIGN (0x4)
                0x000017cc                __init_array_start = .
 *(SORT(.init_array.*))
 *(.init_array)
 .init_array    0x000017cc        0x4 c:/program files (x86)/cypress/psoc creator/4.4/psoc creator/import/gnu/arm/5.4.1/bin/../lib/gcc/arm-none-eabi/5.4.1/armv6-m/crtbegin.o
 .init_array    0x000017d0        0x4 .\CortexM0\ARM_GCC_541\Debug\Cm0Start.o
                0x000017d4                __init_array_end = .
                0x000017d4                . = ALIGN (0x4)
 *(.fini)
 .fini          0x000017d4        0x4 c:/program files (x86)/cypress/psoc creator/4.4/psoc creator/import/gnu/arm/5.4.1/bin/../lib/gcc/arm-none-eabi/5.4.1/armv6-m/crti.o
                0x000017d4                _fini
 .fini          0x000017d8        0x8 c:/program files (x86)/cypress/psoc creator/4.4/psoc creator/import/gnu/arm/5.4.1/bin/../lib/gcc/arm-none-eabi/5.4.1/armv6-m/crtn.o
                0x000017e0                . = ALIGN (0x4)
                0x000017e0                __fini_array_start = .
 *(.fini_array)
 .fini_array    0x000017e0        0x4 c:/program files (x86)/cypress/psoc creator/4.4/psoc creator/import/gnu/arm/5.4.1/bin/../lib/gcc/arm-none-eabi/5.4.1/armv6-m/crtbegin.o
 *(SORT(.fini_array.*))
                0x000017e4                __fini_array_end = .
                0x000017e4                . = ALIGN (0x4)
 *crtbegin.o(.ctors)
 *(EXCLUDE_FILE(*crtend.o) .ctors)
 *(SORT(.ctors.*))
 *crtend.o(.ctors)
                0x000017e4                . = ALIGN (0x4)
 *crtbegin.o(.dtors)
 *(EXCLUDE_FILE(*crtend.o) .dtors)
 *(SORT(.dtors.*))
 *crtend.o(.dtors)
                0x000017e4                . = ALIGN (0x4)
                0x000017e4                __cy_regions = .
                0x000017e4        0x4 LONG 0x17f8 __cy_region_init_ram
                0x000017e8        0x4 LONG 0x200000c0 __cy_region_start_data
                0x000017ec        0x4 LONG 0x88 __cy_region_init_size_ram
                0x000017f0        0x4 LONG 0xa0 __cy_region_zero_size_ram
                0x000017f4                __cy_regions_end = .
                0x000017f8                . = ALIGN (0x8)
 *fill*         0x000017f4        0x4 
                0x000017f8                _etext = .

.cy_checksum_exclude
                0x000017f8        0x0
 *(.cy_checksum_exclude)

.ramvectors     0x20000000       0xc0
                0x20000000                __cy_region_start_ram = .
 *(.ramvectors)
 .ramvectors    0x20000000       0xc0 .\CortexM0\ARM_GCC_541\Debug\Cm0Start.o
                0x20000000                CyRamVectors

.noinit
 *(.noinit)

.data           0x200000c0       0x88 load address 0x000017f8
                0x200000c0                __cy_region_start_data = .
 *(.jcr)
 .jcr           0x200000c0        0x0 c:/program files (x86)/cypress/psoc creator/4.4/psoc creator/import/gnu/arm/5.4.1/bin/../lib/gcc/arm-none-eabi/5.4.1/armv6-m/crtbegin.o
 .jcr           0x200000c0        0x4 c:/program files (x86)/cypress/psoc creator/4.4/psoc creator/import/gnu/arm/5.4.1/bin/../lib/gcc/arm-none-eabi/5.4.1/armv6-m/crtend.o
 *(.got.plt)
 *(.got)
 *(.shdata)
 *(.data .data.* .gnu.linkonce.d.*)
 .data          0x200000c4       0x14 .\CortexM0\ARM_GCC_541\Debug\BatteryBalance.a(CyLib.o)
                0x200000c4                CySysClkPumpConfig
                0x200000c8                cydelay32kMs
                0x200000cc                cydelayFreqKhz
                0x200000d0                cydelayFreqMhz
                0x200000d4                cydelayFreqHz
 .data          0x200000d8        0x8 .\CortexM0\ARM_GCC_541\Debug\BatteryBalance.a(CyLFClk.o)
 .data.impure_data
                0x200000e0       0x60 c:/program files (x86)/cypress/psoc creator/4.4/psoc creator/import/gnu/arm/5.4.1/bin/../lib/gcc/arm-none-eabi/5.4.1/../../../../arm-none-eabi/lib/armv6-m\libg_nano.a(lib_a-impure.o)
 .data._impure_ptr
                0x20000140        0x4 c:/program files (x86)/cypress/psoc creator/4.4/psoc creator/import/gnu/arm/5.4.1/bin/../lib/gcc/arm-none-eabi/5.4.1/../../../../arm-none-eabi/lib/armv6-m\libg_nano.a(lib_a-impure.o)
                0x20000140                _impure_ptr
                0x20000148                . = ALIGN (0x8)
 *fill*         0x20000144        0x4 
 *(.ram)
                0x20000148                _edata = .

.igot.plt       0x20000148        0x0 load address 0x00001880
 .igot.plt      0x20000148        0x0 c:/program files (x86)/cypress/psoc creator/4.4/psoc creator/import/gnu/arm/5.4.1/bin/../lib/gcc/arm-none-eabi/5.4.1/armv6-m/crtbegin.o

.bss            0x20000148       0xa0 load address 0x00001880
                0x20000148                PROVIDE (__bss_start__, .)
 *(.shbss)
 *(.bss .bss.* .gnu.linkonce.b.*)
 .bss           0x20000148       0x1c c:/program files (x86)/cypress/psoc creator/4.4/psoc creator/import/gnu/arm/5.4.1/bin/../lib/gcc/arm-none-eabi/5.4.1/armv6-m/crtbegin.o
 .bss           0x20000164       0x28 .\CortexM0\ARM_GCC_541\Debug\BatteryBalance.a(CyLFClk.o)
 .bss           0x2000018c        0x8 .\CortexM0\ARM_GCC_541\Debug\BatteryBalance.a(INA226_I2C.o)
                0x2000018c                INA226_I2C_initVar
                0x20000190                INA226_I2C_customIntrHandler
 .bss           0x20000194        0x4 .\CortexM0\ARM_GCC_541\Debug\BatteryBalance.a(DBG_UART.o)
                0x20000194                DBG_UART_initVar
                0x20000196                DBG_UART_IntrTxMask
 *(COMMON)
 COMMON         0x20000198       0x24 .\CortexM0\ARM_GCC_541\Debug\main.o
                0x20000198                address
                0x2000019c                debugOutput
 COMMON         0x200001bc        0x1 .\CortexM0\ARM_GCC_541\Debug\BatteryBalance.a(INA226_I2C_I2C.o)
                0x200001bc                INA226_I2C_state
 *fill*         0x200001bd        0x3 
 COMMON         0x200001c0       0x24 .\CortexM0\ARM_GCC_541\Debug\BatteryBalance.a(INA226_I2C_I2C_MASTER.o)
                0x200001c0                INA226_I2C_mstrControl
                0x200001c4                INA226_I2C_mstrWrBufIndexTmp
                0x200001c8                INA226_I2C_mstrRdBufIndex
                0x200001cc                INA226_I2C_mstrRdBufSize
                0x200001d0                INA226_I2C_mstrRdBufPtr
                0x200001d4                INA226_I2C_mstrWrBufIndex
                0x200001d8                INA226_I2C_mstrWrBufPtr
                0x200001dc                INA226_I2C_mstrStatus
                0x200001e0                INA226_I2C_mstrWrBufSize
                0x200001e8                . = ALIGN (0x8)
 *fill*         0x200001e4        0x4 
 *(.ram.b)
                0x200001e8                _end = .
                0x200001e8                __end = .
                0x200001e8                PROVIDE (end, .)
                0x200001e8                PROVIDE (__bss_end__, .)
                0x000017f8                __cy_region_init_ram = LOADADDR (.data)
                0x00000088                __cy_region_init_size_ram = (_edata - ADDR (.data))
                0x000000a0                __cy_region_zero_size_ram = (_end - _edata)

.heap           0x200001e8       0x80 load address 0x00001880
                0x200001e8                . = _end
                0x20000268                . = (. + 0x80)
 *fill*         0x200001e8       0x80 
                0x20000268                __cy_heap_limit = .

.stack          0x20003800      0x800
                0x20003800                __cy_stack_limit = .
                0x20004000                . = (. + 0x800)
 *fill*         0x20003800      0x800 
                0x00000001                ASSERT ((__cy_stack_limit >= __cy_heap_limit), region RAM overflowed with stack)
                0x00000000                cy_checksum_exclude_size = (CY_APPL_LOADABLE == 0x1)?SIZEOF (.cy_checksum_exclude):0x0
                0x00000001                ASSERT ((cy_checksum_exclude_size <= CY_CHECKSUM_EXCLUDE_SIZE), CY_BOOT: Section .cy_checksum_exclude size exceedes specified limit.)
                0x0001ffc0                cyloadermeta_start = (cy_project_type_bootloader || cy_project_type_app_for_stack_and_copier)?(LENGTH (rom) - CY_METADATA_SIZE):0xf0000000

.cyloadermeta
 *(.cyloadermeta)
                0x0001ffc0                cyloadablemeta_start = cy_project_type_app_for_stack_and_copier?((LENGTH (rom) - CY_FLASH_ROW_SIZE) - CY_METADATA_SIZE):((LENGTH (rom) - (CY_FLASH_ROW_SIZE * (CY_APPL_NUM - 0x1))) - CY_METADATA_SIZE)

.cyloadablemeta
 *(.cyloadablemeta)

.cyflashprotect
                0x90400000       0x80
 *(.cyflashprotect)
 .cyflashprotect
                0x90400000       0x80 .\CortexM0\ARM_GCC_541\Debug\cymetadata.o
                0x90400000                cy_meta_flashprotect

.cymeta         0x90500000        0xc
 *(.cymeta)
 .cymeta        0x90500000        0xc .\CortexM0\ARM_GCC_541\Debug\cymetadata.o
                0x90500000                cy_metadata

.cychipprotect  0x90600000        0x1
 *(.cychipprotect)
 .cychipprotect
                0x90600000        0x1 .\CortexM0\ARM_GCC_541\Debug\cymetadata.o
                0x90600000                cy_meta_chipprotect

.rel.dyn        0x00001880        0x0 load address 0x90600004
 .rel.iplt      0x00001880        0x0 c:/program files (x86)/cypress/psoc creator/4.4/psoc creator/import/gnu/arm/5.4.1/bin/../lib/gcc/arm-none-eabi/5.4.1/armv6-m/crtbegin.o

.stab
 *(.stab)

.stabstr
 *(.stabstr)

.debug
 *(.debug)

.line
 *(.line)

.debug_srcinfo
 *(.debug_srcinfo)

.debug_sfnames
 *(.debug_sfnames)

.debug_aranges  0x00000000      0xbc0
 *(.debug_aranges)
 .debug_aranges
                0x00000000       0x20 .\CortexM0\ARM_GCC_541\Debug\main.o
 .debug_aranges
                0x00000020       0x30 .\CortexM0\ARM_GCC_541\Debug\battery.o
 .debug_aranges
                0x00000050       0x78 .\CortexM0\ARM_GCC_541\Debug\INA226.o
 .debug_aranges
                0x000000c8       0xc0 .\CortexM0\ARM_GCC_541\Debug\CANCommon.o
 .debug_aranges
                0x00000188       0x88 .\CortexM0\ARM_GCC_541\Debug\CANGPIO.o
 .debug_aranges
                0x00000210       0x18 .\CortexM0\ARM_GCC_541\Debug\CANLocalization.o
 .debug_aranges
                0x00000228      0x140 .\CortexM0\ARM_GCC_541\Debug\CANMotorUnit.o
 .debug_aranges
                0x00000368       0x40 .\CortexM0\ARM_GCC_541\Debug\CANPower.o
 .debug_aranges
                0x000003a8       0x50 .\CortexM0\ARM_GCC_541\Debug\CANScience.o
 .debug_aranges
                0x000003f8       0x48 .\CortexM0\ARM_GCC_541\Debug\PortTemplate.o
 .debug_aranges
                0x00000440       0xa8 .\CortexM0\ARM_GCC_541\Debug\CANPacket.o
 .debug_aranges
                0x000004e8       0x38 .\CortexM0\ARM_GCC_541\Debug\cyfitter_cfg.o
 .debug_aranges
                0x00000520       0x18 .\CortexM0\ARM_GCC_541\Debug\cymetadata.o
 .debug_aranges
                0x00000538       0x48 .\CortexM0\ARM_GCC_541\Debug\Cm0Start.o
 .debug_aranges
                0x00000580      0x1c8 .\CortexM0\ARM_GCC_541\Debug\BatteryBalance.a(CyLib.o)
 .debug_aranges
                0x00000748      0x188 .\CortexM0\ARM_GCC_541\Debug\BatteryBalance.a(CyLFClk.o)
 .debug_aranges
                0x000008d0       0x60 .\CortexM0\ARM_GCC_541\Debug\BatteryBalance.a(INA226_I2C.o)
 .debug_aranges
                0x00000930       0x30 .\CortexM0\ARM_GCC_541\Debug\BatteryBalance.a(INA226_I2C_I2C.o)
 .debug_aranges
                0x00000960       0x98 .\CortexM0\ARM_GCC_541\Debug\BatteryBalance.a(INA226_I2C_I2C_MASTER.o)
 .debug_aranges
                0x000009f8       0x58 .\CortexM0\ARM_GCC_541\Debug\BatteryBalance.a(DBG_UART.o)
 .debug_aranges
                0x00000a50       0x90 .\CortexM0\ARM_GCC_541\Debug\BatteryBalance.a(DBG_UART_UART.o)
 .debug_aranges
                0x00000ae0       0x20 .\CortexM0\ARM_GCC_541\Debug\BatteryBalance.a(CyBootAsmGnu.o)
 .debug_aranges
                0x00000b00       0x40 .\CortexM0\ARM_GCC_541\Debug\BatteryBalance.a(CyFlash.o)
 .debug_aranges
                0x00000b40       0x20 .\CortexM0\ARM_GCC_541\Debug\BatteryBalance.a(INA226_I2C_I2C_INT.o)
 .debug_aranges
                0x00000b60       0x60 .\CortexM0\ARM_GCC_541\Debug\BatteryBalance.a(DBG_UART_SPI_UART.o)

.debug_pubnames
 *(.debug_pubnames)

.debug_info     0x00000000     0x791f
 *(.debug_info .gnu.linkonce.wi.*)
 .debug_info    0x00000000      0x2a1 .\CortexM0\ARM_GCC_541\Debug\main.o
 .debug_info    0x000002a1      0x137 .\CortexM0\ARM_GCC_541\Debug\battery.o
 .debug_info    0x000003d8      0x6b0 .\CortexM0\ARM_GCC_541\Debug\INA226.o
 .debug_info    0x00000a88      0xa46 .\CortexM0\ARM_GCC_541\Debug\CANCommon.o
 .debug_info    0x000014ce      0x60d .\CortexM0\ARM_GCC_541\Debug\CANGPIO.o
 .debug_info    0x00001adb       0x6b .\CortexM0\ARM_GCC_541\Debug\CANLocalization.o
 .debug_info    0x00001b46     0x10ba .\CortexM0\ARM_GCC_541\Debug\CANMotorUnit.o
 .debug_info    0x00002c00      0x2ff .\CortexM0\ARM_GCC_541\Debug\CANPower.o
 .debug_info    0x00002eff      0x353 .\CortexM0\ARM_GCC_541\Debug\CANScience.o
 .debug_info    0x00003252      0x1c9 .\CortexM0\ARM_GCC_541\Debug\PortTemplate.o
 .debug_info    0x0000341b      0x641 .\CortexM0\ARM_GCC_541\Debug\CANPacket.o
 .debug_info    0x00003a5c      0x298 .\CortexM0\ARM_GCC_541\Debug\cyfitter_cfg.o
 .debug_info    0x00003cf4       0xf8 .\CortexM0\ARM_GCC_541\Debug\cymetadata.o
 .debug_info    0x00003dec      0x3a2 .\CortexM0\ARM_GCC_541\Debug\Cm0Start.o
 .debug_info    0x0000418e      0xd40 .\CortexM0\ARM_GCC_541\Debug\BatteryBalance.a(CyLib.o)
 .debug_info    0x00004ece     0x1058 .\CortexM0\ARM_GCC_541\Debug\BatteryBalance.a(CyLFClk.o)
 .debug_info    0x00005f26      0x298 .\CortexM0\ARM_GCC_541\Debug\BatteryBalance.a(INA226_I2C.o)
 .debug_info    0x000061be      0x195 .\CortexM0\ARM_GCC_541\Debug\BatteryBalance.a(INA226_I2C_I2C.o)
 .debug_info    0x00006353      0x813 .\CortexM0\ARM_GCC_541\Debug\BatteryBalance.a(INA226_I2C_I2C_MASTER.o)
 .debug_info    0x00006b66      0x23a .\CortexM0\ARM_GCC_541\Debug\BatteryBalance.a(DBG_UART.o)
 .debug_info    0x00006da0      0x3b5 .\CortexM0\ARM_GCC_541\Debug\BatteryBalance.a(DBG_UART_UART.o)
 .debug_info    0x00007155       0xb2 .\CortexM0\ARM_GCC_541\Debug\BatteryBalance.a(CyBootAsmGnu.o)
 .debug_info    0x00007207      0x350 .\CortexM0\ARM_GCC_541\Debug\BatteryBalance.a(CyFlash.o)
 .debug_info    0x00007557      0x1a8 .\CortexM0\ARM_GCC_541\Debug\BatteryBalance.a(INA226_I2C_I2C_INT.o)
 .debug_info    0x000076ff      0x220 .\CortexM0\ARM_GCC_541\Debug\BatteryBalance.a(DBG_UART_SPI_UART.o)

.debug_abbrev   0x00000000     0x1d20
 *(.debug_abbrev)
 .debug_abbrev  0x00000000      0x145 .\CortexM0\ARM_GCC_541\Debug\main.o
 .debug_abbrev  0x00000145       0x9a .\CortexM0\ARM_GCC_541\Debug\battery.o
 .debug_abbrev  0x000001df      0x197 .\CortexM0\ARM_GCC_541\Debug\INA226.o
 .debug_abbrev  0x00000376      0x149 .\CortexM0\ARM_GCC_541\Debug\CANCommon.o
 .debug_abbrev  0x000004bf      0x106 .\CortexM0\ARM_GCC_541\Debug\CANGPIO.o
 .debug_abbrev  0x000005c5       0x26 .\CortexM0\ARM_GCC_541\Debug\CANLocalization.o
 .debug_abbrev  0x000005eb      0x19d .\CortexM0\ARM_GCC_541\Debug\CANMotorUnit.o
 .debug_abbrev  0x00000788      0x124 .\CortexM0\ARM_GCC_541\Debug\CANPower.o
 .debug_abbrev  0x000008ac       0xfe .\CortexM0\ARM_GCC_541\Debug\CANScience.o
 .debug_abbrev  0x000009aa       0xe9 .\CortexM0\ARM_GCC_541\Debug\PortTemplate.o
 .debug_abbrev  0x00000a93      0x16f .\CortexM0\ARM_GCC_541\Debug\CANPacket.o
 .debug_abbrev  0x00000c02      0x166 .\CortexM0\ARM_GCC_541\Debug\cyfitter_cfg.o
 .debug_abbrev  0x00000d68       0x5d .\CortexM0\ARM_GCC_541\Debug\cymetadata.o
 .debug_abbrev  0x00000dc5      0x1d7 .\CortexM0\ARM_GCC_541\Debug\Cm0Start.o
 .debug_abbrev  0x00000f9c      0x20b .\CortexM0\ARM_GCC_541\Debug\BatteryBalance.a(CyLib.o)
 .debug_abbrev  0x000011a7      0x248 .\CortexM0\ARM_GCC_541\Debug\BatteryBalance.a(CyLFClk.o)
 .debug_abbrev  0x000013ef      0x118 .\CortexM0\ARM_GCC_541\Debug\BatteryBalance.a(INA226_I2C.o)
 .debug_abbrev  0x00001507       0xc7 .\CortexM0\ARM_GCC_541\Debug\BatteryBalance.a(INA226_I2C_I2C.o)
 .debug_abbrev  0x000015ce      0x1c2 .\CortexM0\ARM_GCC_541\Debug\BatteryBalance.a(INA226_I2C_I2C_MASTER.o)
 .debug_abbrev  0x00001790       0xd5 .\CortexM0\ARM_GCC_541\Debug\BatteryBalance.a(DBG_UART.o)
 .debug_abbrev  0x00001865      0x132 .\CortexM0\ARM_GCC_541\Debug\BatteryBalance.a(DBG_UART_UART.o)
 .debug_abbrev  0x00001997       0x14 .\CortexM0\ARM_GCC_541\Debug\BatteryBalance.a(CyBootAsmGnu.o)
 .debug_abbrev  0x000019ab      0x182 .\CortexM0\ARM_GCC_541\Debug\BatteryBalance.a(CyFlash.o)
 .debug_abbrev  0x00001b2d       0xa4 .\CortexM0\ARM_GCC_541\Debug\BatteryBalance.a(INA226_I2C_I2C_INT.o)
 .debug_abbrev  0x00001bd1      0x14f .\CortexM0\ARM_GCC_541\Debug\BatteryBalance.a(DBG_UART_SPI_UART.o)

.debug_line     0x00000000     0x33dd
 *(.debug_line)
 .debug_line    0x00000000      0x23d .\CortexM0\ARM_GCC_541\Debug\main.o
 .debug_line    0x0000023d       0x92 .\CortexM0\ARM_GCC_541\Debug\battery.o
 .debug_line    0x000002cf      0x31b .\CortexM0\ARM_GCC_541\Debug\INA226.o
 .debug_line    0x000005ea      0x2f6 .\CortexM0\ARM_GCC_541\Debug\CANCommon.o
 .debug_line    0x000008e0      0x251 .\CortexM0\ARM_GCC_541\Debug\CANGPIO.o
 .debug_line    0x00000b31       0x1d .\CortexM0\ARM_GCC_541\Debug\CANLocalization.o
 .debug_line    0x00000b4e      0x41a .\CortexM0\ARM_GCC_541\Debug\CANMotorUnit.o
 .debug_line    0x00000f68      0x1a0 .\CortexM0\ARM_GCC_541\Debug\CANPower.o
 .debug_line    0x00001108      0x1c8 .\CortexM0\ARM_GCC_541\Debug\CANScience.o
 .debug_line    0x000012d0      0x1cc .\CortexM0\ARM_GCC_541\Debug\PortTemplate.o
 .debug_line    0x0000149c      0x2e8 .\CortexM0\ARM_GCC_541\Debug\CANPacket.o
 .debug_line    0x00001784      0x14d .\CortexM0\ARM_GCC_541\Debug\cyfitter_cfg.o
 .debug_line    0x000018d1      0x141 .\CortexM0\ARM_GCC_541\Debug\cymetadata.o
 .debug_line    0x00001a12      0x236 .\CortexM0\ARM_GCC_541\Debug\Cm0Start.o
 .debug_line    0x00001c48      0x563 .\CortexM0\ARM_GCC_541\Debug\BatteryBalance.a(CyLib.o)
 .debug_line    0x000021ab      0x5d1 .\CortexM0\ARM_GCC_541\Debug\BatteryBalance.a(CyLFClk.o)
 .debug_line    0x0000277c      0x132 .\CortexM0\ARM_GCC_541\Debug\BatteryBalance.a(INA226_I2C.o)
 .debug_line    0x000028ae       0xd0 .\CortexM0\ARM_GCC_541\Debug\BatteryBalance.a(INA226_I2C_I2C.o)
 .debug_line    0x0000297e      0x30a .\CortexM0\ARM_GCC_541\Debug\BatteryBalance.a(INA226_I2C_I2C_MASTER.o)
 .debug_line    0x00002c88      0x110 .\CortexM0\ARM_GCC_541\Debug\BatteryBalance.a(DBG_UART.o)
 .debug_line    0x00002d98      0x1db .\CortexM0\ARM_GCC_541\Debug\BatteryBalance.a(DBG_UART_UART.o)
 .debug_line    0x00002f73       0x68 .\CortexM0\ARM_GCC_541\Debug\BatteryBalance.a(CyBootAsmGnu.o)
 .debug_line    0x00002fdb      0x173 .\CortexM0\ARM_GCC_541\Debug\BatteryBalance.a(CyFlash.o)
 .debug_line    0x0000314e      0x171 .\CortexM0\ARM_GCC_541\Debug\BatteryBalance.a(INA226_I2C_I2C_INT.o)
 .debug_line    0x000032bf      0x11e .\CortexM0\ARM_GCC_541\Debug\BatteryBalance.a(DBG_UART_SPI_UART.o)

.debug_frame    0x00000000     0x2144
 *(.debug_frame)
 .debug_frame   0x00000000       0x2c .\CortexM0\ARM_GCC_541\Debug\main.o
 .debug_frame   0x0000002c       0x40 .\CortexM0\ARM_GCC_541\Debug\battery.o
 .debug_frame   0x0000006c      0x178 .\CortexM0\ARM_GCC_541\Debug\INA226.o
 .debug_frame   0x000001e4      0x27c .\CortexM0\ARM_GCC_541\Debug\CANCommon.o
 .debug_frame   0x00000460      0x178 .\CortexM0\ARM_GCC_541\Debug\CANGPIO.o
 .debug_frame   0x000005d8      0x3f8 .\CortexM0\ARM_GCC_541\Debug\CANMotorUnit.o
 .debug_frame   0x000009d0       0x8c .\CortexM0\ARM_GCC_541\Debug\CANPower.o
 .debug_frame   0x00000a5c       0xb0 .\CortexM0\ARM_GCC_541\Debug\CANScience.o
 .debug_frame   0x00000b0c       0x70 .\CortexM0\ARM_GCC_541\Debug\PortTemplate.o
 .debug_frame   0x00000b7c      0x1a4 .\CortexM0\ARM_GCC_541\Debug\CANPacket.o
 .debug_frame   0x00000d20       0x74 .\CortexM0\ARM_GCC_541\Debug\cyfitter_cfg.o
 .debug_frame   0x00000d94       0xbc .\CortexM0\ARM_GCC_541\Debug\Cm0Start.o
 .debug_frame   0x00000e50      0x48c .\CortexM0\ARM_GCC_541\Debug\BatteryBalance.a(CyLib.o)
 .debug_frame   0x000012dc      0x4a4 .\CortexM0\ARM_GCC_541\Debug\BatteryBalance.a(CyLFClk.o)
 .debug_frame   0x00001780       0xe8 .\CortexM0\ARM_GCC_541\Debug\BatteryBalance.a(INA226_I2C.o)
 .debug_frame   0x00001868       0x58 .\CortexM0\ARM_GCC_541\Debug\BatteryBalance.a(INA226_I2C_I2C.o)
 .debug_frame   0x000018c0      0x1d8 .\CortexM0\ARM_GCC_541\Debug\BatteryBalance.a(INA226_I2C_I2C_MASTER.o)
 .debug_frame   0x00001a98       0xd8 .\CortexM0\ARM_GCC_541\Debug\BatteryBalance.a(DBG_UART.o)
 .debug_frame   0x00001b70      0x144 .\CortexM0\ARM_GCC_541\Debug\BatteryBalance.a(DBG_UART_UART.o)
 .debug_frame   0x00001cb4       0x90 .\CortexM0\ARM_GCC_541\Debug\BatteryBalance.a(CyFlash.o)
 .debug_frame   0x00001d44       0x2c .\CortexM0\ARM_GCC_541\Debug\BatteryBalance.a(INA226_I2C_I2C_INT.o)
 .debug_frame   0x00001d70       0xb0 .\CortexM0\ARM_GCC_541\Debug\BatteryBalance.a(DBG_UART_SPI_UART.o)
 .debug_frame   0x00001e20       0x20 c:/program files (x86)/cypress/psoc creator/4.4/psoc creator/import/gnu/arm/5.4.1/bin/../lib/gcc/arm-none-eabi/5.4.1/armv6-m\libgcc.a(_udivsi3.o)
 .debug_frame   0x00001e40       0x20 c:/program files (x86)/cypress/psoc creator/4.4/psoc creator/import/gnu/arm/5.4.1/bin/../lib/gcc/arm-none-eabi/5.4.1/armv6-m\libgcc.a(_divsi3.o)
 .debug_frame   0x00001e60       0x2c c:/program files (x86)/cypress/psoc creator/4.4/psoc creator/import/gnu/arm/5.4.1/bin/../lib/gcc/arm-none-eabi/5.4.1/armv6-m\libgcc.a(_fixunsdfsi.o)
 .debug_frame   0x00001e8c       0x3c c:/program files (x86)/cypress/psoc creator/4.4/psoc creator/import/gnu/arm/5.4.1/bin/../lib/gcc/arm-none-eabi/5.4.1/armv6-m\libgcc.a(muldf3.o)
 .debug_frame   0x00001ec8       0x38 c:/program files (x86)/cypress/psoc creator/4.4/psoc creator/import/gnu/arm/5.4.1/bin/../lib/gcc/arm-none-eabi/5.4.1/armv6-m\libgcc.a(subdf3.o)
 .debug_frame   0x00001f00       0x2c c:/program files (x86)/cypress/psoc creator/4.4/psoc creator/import/gnu/arm/5.4.1/bin/../lib/gcc/arm-none-eabi/5.4.1/armv6-m\libgcc.a(fixdfsi.o)
 .debug_frame   0x00001f2c       0x2c c:/program files (x86)/cypress/psoc creator/4.4/psoc creator/import/gnu/arm/5.4.1/bin/../lib/gcc/arm-none-eabi/5.4.1/armv6-m\libgcc.a(floatsidf.o)
 .debug_frame   0x00001f58       0x38 c:/program files (x86)/cypress/psoc creator/4.4/psoc creator/import/gnu/arm/5.4.1/bin/../lib/gcc/arm-none-eabi/5.4.1/armv6-m\libgcc.a(eqdf2.o)
 .debug_frame   0x00001f90       0x38 c:/program files (x86)/cypress/psoc creator/4.4/psoc creator/import/gnu/arm/5.4.1/bin/../lib/gcc/arm-none-eabi/5.4.1/armv6-m\libgcc.a(gedf2.o)
 .debug_frame   0x00001fc8       0x38 c:/program files (x86)/cypress/psoc creator/4.4/psoc creator/import/gnu/arm/5.4.1/bin/../lib/gcc/arm-none-eabi/5.4.1/armv6-m\libgcc.a(ledf2.o)
 .debug_frame   0x00002000       0x20 c:/program files (x86)/cypress/psoc creator/4.4/psoc creator/import/gnu/arm/5.4.1/bin/../lib/gcc/arm-none-eabi/5.4.1/../../../../arm-none-eabi/lib/armv6-m\libg_nano.a(lib_a-errno.o)
 .debug_frame   0x00002020       0x28 c:/program files (x86)/cypress/psoc creator/4.4/psoc creator/import/gnu/arm/5.4.1/bin/../lib/gcc/arm-none-eabi/5.4.1/../../../../arm-none-eabi/lib/armv6-m\libg_nano.a(lib_a-exit.o)
 .debug_frame   0x00002048       0x2c c:/program files (x86)/cypress/psoc creator/4.4/psoc creator/import/gnu/arm/5.4.1/bin/../lib/gcc/arm-none-eabi/5.4.1/../../../../arm-none-eabi/lib/armv6-m\libg_nano.a(lib_a-init.o)
 .debug_frame   0x00002074       0x40 c:/program files (x86)/cypress/psoc creator/4.4/psoc creator/import/gnu/arm/5.4.1/bin/../lib/gcc/arm-none-eabi/5.4.1/../../../../arm-none-eabi/lib/armv6-m\libg_nano.a(lib_a-itoa.o)
 .debug_frame   0x000020b4       0x28 c:/program files (x86)/cypress/psoc creator/4.4/psoc creator/import/gnu/arm/5.4.1/bin/../lib/gcc/arm-none-eabi/5.4.1/../../../../arm-none-eabi/lib/armv6-m\libg_nano.a(lib_a-memcpy-stub.o)
 .debug_frame   0x000020dc       0x20 c:/program files (x86)/cypress/psoc creator/4.4/psoc creator/import/gnu/arm/5.4.1/bin/../lib/gcc/arm-none-eabi/5.4.1/../../../../arm-none-eabi/lib/armv6-m\libg_nano.a(lib_a-memset.o)
 .debug_frame   0x000020fc       0x48 c:/program files (x86)/cypress/psoc creator/4.4/psoc creator/import/gnu/arm/5.4.1/bin/../lib/gcc/arm-none-eabi/5.4.1/../../../../arm-none-eabi/lib/armv6-m\libg_nano.a(lib_a-utoa.o)

.debug_str      0x00000000     0x2b4b
 *(.debug_str)
 .debug_str     0x00000000      0x204 .\CortexM0\ARM_GCC_541\Debug\main.o
                                0x273 (size before relaxing)
 .debug_str     0x00000204       0x5c .\CortexM0\ARM_GCC_541\Debug\battery.o
                                0x212 (size before relaxing)
 .debug_str     0x00000260      0x1b9 .\CortexM0\ARM_GCC_541\Debug\INA226.o
                                0x3c4 (size before relaxing)
 .debug_str     0x00000419      0x3e9 .\CortexM0\ARM_GCC_541\Debug\CANCommon.o
                                0x5c8 (size before relaxing)
 .debug_str     0x00000802      0x1ff .\CortexM0\ARM_GCC_541\Debug\CANGPIO.o
                                0x451 (size before relaxing)
 .debug_str     0x00000a01       0x1f .\CortexM0\ARM_GCC_541\Debug\CANLocalization.o
                                0x19e (size before relaxing)
 .debug_str     0x00000a20      0x460 .\CortexM0\ARM_GCC_541\Debug\CANMotorUnit.o
                                0x6f7 (size before relaxing)
 .debug_str     0x00000e80       0xbf .\CortexM0\ARM_GCC_541\Debug\CANPower.o
                                0x336 (size before relaxing)
 .debug_str     0x00000f3f      0x126 .\CortexM0\ARM_GCC_541\Debug\CANScience.o
                                0x358 (size before relaxing)
 .debug_str     0x00001065       0xb3 .\CortexM0\ARM_GCC_541\Debug\PortTemplate.o
                                0x291 (size before relaxing)
 .debug_str     0x00001118      0x17a .\CortexM0\ARM_GCC_541\Debug\CANPacket.o
                                0x459 (size before relaxing)
 .debug_str     0x00001292       0xbf .\CortexM0\ARM_GCC_541\Debug\cyfitter_cfg.o
                                0x27d (size before relaxing)
 .debug_str     0x00001351       0x59 .\CortexM0\ARM_GCC_541\Debug\cymetadata.o
                                0x1ea (size before relaxing)
 .debug_str     0x000013aa      0x13a .\CortexM0\ARM_GCC_541\Debug\Cm0Start.o
                                0x323 (size before relaxing)
 .debug_str     0x000014e4      0x600 .\CortexM0\ARM_GCC_541\Debug\BatteryBalance.a(CyLib.o)
                                0x81f (size before relaxing)
 .debug_str     0x00001ae4      0x6eb .\CortexM0\ARM_GCC_541\Debug\BatteryBalance.a(CyLFClk.o)
                                0x93f (size before relaxing)
 .debug_str     0x000021cf      0x156 .\CortexM0\ARM_GCC_541\Debug\BatteryBalance.a(INA226_I2C.o)
                                0x342 (size before relaxing)
 .debug_str     0x00002325       0x9e .\CortexM0\ARM_GCC_541\Debug\BatteryBalance.a(INA226_I2C_I2C.o)
                                0x2a8 (size before relaxing)
 .debug_str     0x000023c3      0x26a .\CortexM0\ARM_GCC_541\Debug\BatteryBalance.a(INA226_I2C_I2C_MASTER.o)
                                0x59c (size before relaxing)
 .debug_str     0x0000262d      0x10f .\CortexM0\ARM_GCC_541\Debug\BatteryBalance.a(DBG_UART.o)
                                0x2f1 (size before relaxing)
 .debug_str     0x0000273c      0x214 .\CortexM0\ARM_GCC_541\Debug\BatteryBalance.a(DBG_UART_UART.o)
                                0x43a (size before relaxing)
 .debug_str     0x00002950       0xa7 .\CortexM0\ARM_GCC_541\Debug\BatteryBalance.a(CyFlash.o)
                                0x2d2 (size before relaxing)
 .debug_str     0x000029f7       0x55 .\CortexM0\ARM_GCC_541\Debug\BatteryBalance.a(INA226_I2C_I2C_INT.o)
                                0x342 (size before relaxing)
 .debug_str     0x00002a4c       0xff .\CortexM0\ARM_GCC_541\Debug\BatteryBalance.a(DBG_UART_SPI_UART.o)
                                0x318 (size before relaxing)

.debug_loc      0x00000000     0x538c
 *(.debug_loc)
 .debug_loc     0x00000000       0x1e .\CortexM0\ARM_GCC_541\Debug\main.o
 .debug_loc     0x0000001e       0x3a .\CortexM0\ARM_GCC_541\Debug\battery.o
 .debug_loc     0x00000058      0x2af .\CortexM0\ARM_GCC_541\Debug\INA226.o
 .debug_loc     0x00000307      0x926 .\CortexM0\ARM_GCC_541\Debug\CANCommon.o
 .debug_loc     0x00000c2d      0x620 .\CortexM0\ARM_GCC_541\Debug\CANGPIO.o
 .debug_loc     0x0000124d      0xf44 .\CortexM0\ARM_GCC_541\Debug\CANMotorUnit.o
 .debug_loc     0x00002191      0x1bb .\CortexM0\ARM_GCC_541\Debug\CANPower.o
 .debug_loc     0x0000234c      0x289 .\CortexM0\ARM_GCC_541\Debug\CANScience.o
 .debug_loc     0x000025d5       0x42 .\CortexM0\ARM_GCC_541\Debug\PortTemplate.o
 .debug_loc     0x00002617      0x540 .\CortexM0\ARM_GCC_541\Debug\CANPacket.o
 .debug_loc     0x00002b57       0xa9 .\CortexM0\ARM_GCC_541\Debug\cyfitter_cfg.o
 .debug_loc     0x00002c00      0x14f .\CortexM0\ARM_GCC_541\Debug\Cm0Start.o
 .debug_loc     0x00002d4f      0x81c .\CortexM0\ARM_GCC_541\Debug\BatteryBalance.a(CyLib.o)
 .debug_loc     0x0000356b      0xdb7 .\CortexM0\ARM_GCC_541\Debug\BatteryBalance.a(CyLFClk.o)
 .debug_loc     0x00004322       0x7e .\CortexM0\ARM_GCC_541\Debug\BatteryBalance.a(INA226_I2C.o)
 .debug_loc     0x000043a0      0xa49 .\CortexM0\ARM_GCC_541\Debug\BatteryBalance.a(INA226_I2C_I2C_MASTER.o)
 .debug_loc     0x00004de9       0x7e .\CortexM0\ARM_GCC_541\Debug\BatteryBalance.a(DBG_UART.o)
 .debug_loc     0x00004e67      0x223 .\CortexM0\ARM_GCC_541\Debug\BatteryBalance.a(DBG_UART_UART.o)
 .debug_loc     0x0000508a      0x160 .\CortexM0\ARM_GCC_541\Debug\BatteryBalance.a(CyFlash.o)
 .debug_loc     0x000051ea      0x10c .\CortexM0\ARM_GCC_541\Debug\BatteryBalance.a(INA226_I2C_I2C_INT.o)
 .debug_loc     0x000052f6       0x96 .\CortexM0\ARM_GCC_541\Debug\BatteryBalance.a(DBG_UART_SPI_UART.o)

.debug_macinfo
 *(.debug_macinfo)

.debug_ranges   0x00000000      0xa40
 *(.debug_ranges)
 .debug_ranges  0x00000000       0x10 .\CortexM0\ARM_GCC_541\Debug\main.o
 .debug_ranges  0x00000010       0x20 .\CortexM0\ARM_GCC_541\Debug\battery.o
 .debug_ranges  0x00000030       0x68 .\CortexM0\ARM_GCC_541\Debug\INA226.o
 .debug_ranges  0x00000098       0xb0 .\CortexM0\ARM_GCC_541\Debug\CANCommon.o
 .debug_ranges  0x00000148       0x78 .\CortexM0\ARM_GCC_541\Debug\CANGPIO.o
 .debug_ranges  0x000001c0      0x130 .\CortexM0\ARM_GCC_541\Debug\CANMotorUnit.o
 .debug_ranges  0x000002f0       0x30 .\CortexM0\ARM_GCC_541\Debug\CANPower.o
 .debug_ranges  0x00000320       0x40 .\CortexM0\ARM_GCC_541\Debug\CANScience.o
 .debug_ranges  0x00000360       0x38 .\CortexM0\ARM_GCC_541\Debug\PortTemplate.o
 .debug_ranges  0x00000398       0xc8 .\CortexM0\ARM_GCC_541\Debug\CANPacket.o
 .debug_ranges  0x00000460       0x28 .\CortexM0\ARM_GCC_541\Debug\cyfitter_cfg.o
 .debug_ranges  0x00000488       0x38 .\CortexM0\ARM_GCC_541\Debug\Cm0Start.o
 .debug_ranges  0x000004c0      0x1b8 .\CortexM0\ARM_GCC_541\Debug\BatteryBalance.a(CyLib.o)
 .debug_ranges  0x00000678      0x178 .\CortexM0\ARM_GCC_541\Debug\BatteryBalance.a(CyLFClk.o)
 .debug_ranges  0x000007f0       0x50 .\CortexM0\ARM_GCC_541\Debug\BatteryBalance.a(INA226_I2C.o)
 .debug_ranges  0x00000840       0x20 .\CortexM0\ARM_GCC_541\Debug\BatteryBalance.a(INA226_I2C_I2C.o)
 .debug_ranges  0x00000860       0x88 .\CortexM0\ARM_GCC_541\Debug\BatteryBalance.a(INA226_I2C_I2C_MASTER.o)
 .debug_ranges  0x000008e8       0x48 .\CortexM0\ARM_GCC_541\Debug\BatteryBalance.a(DBG_UART.o)
 .debug_ranges  0x00000930       0x80 .\CortexM0\ARM_GCC_541\Debug\BatteryBalance.a(DBG_UART_UART.o)
 .debug_ranges  0x000009b0       0x30 .\CortexM0\ARM_GCC_541\Debug\BatteryBalance.a(CyFlash.o)
 .debug_ranges  0x000009e0       0x10 .\CortexM0\ARM_GCC_541\Debug\BatteryBalance.a(INA226_I2C_I2C_INT.o)
 .debug_ranges  0x000009f0       0x50 .\CortexM0\ARM_GCC_541\Debug\BatteryBalance.a(DBG_UART_SPI_UART.o)

.comment        0x00000000       0x6e
 .comment       0x00000000       0x6e .\CortexM0\ARM_GCC_541\Debug\main.o
                                 0x6f (size before relaxing)
 .comment       0x0000006e       0x6f .\CortexM0\ARM_GCC_541\Debug\battery.o
 .comment       0x0000006e       0x6f .\CortexM0\ARM_GCC_541\Debug\INA226.o
 .comment       0x0000006e       0x6f .\CortexM0\ARM_GCC_541\Debug\CANCommon.o
 .comment       0x0000006e       0x6f .\CortexM0\ARM_GCC_541\Debug\CANGPIO.o
 .comment       0x0000006e       0x6f .\CortexM0\ARM_GCC_541\Debug\CANLocalization.o
 .comment       0x0000006e       0x6f .\CortexM0\ARM_GCC_541\Debug\CANMotorUnit.o
 .comment       0x0000006e       0x6f .\CortexM0\ARM_GCC_541\Debug\CANPower.o
 .comment       0x0000006e       0x6f .\CortexM0\ARM_GCC_541\Debug\CANScience.o
 .comment       0x0000006e       0x6f .\CortexM0\ARM_GCC_541\Debug\PortTemplate.o
 .comment       0x0000006e       0x6f .\CortexM0\ARM_GCC_541\Debug\CANPacket.o
 .comment       0x0000006e       0x6f .\CortexM0\ARM_GCC_541\Debug\cyfitter_cfg.o
 .comment       0x0000006e       0x6f .\CortexM0\ARM_GCC_541\Debug\cymetadata.o
 .comment       0x0000006e       0x6f .\CortexM0\ARM_GCC_541\Debug\Cm0Start.o
 .comment       0x0000006e       0x6f .\CortexM0\ARM_GCC_541\Debug\BatteryBalance.a(CyLib.o)
 .comment       0x0000006e       0x6f .\CortexM0\ARM_GCC_541\Debug\BatteryBalance.a(CyLFClk.o)
 .comment       0x0000006e       0x6f .\CortexM0\ARM_GCC_541\Debug\BatteryBalance.a(INA226_I2C.o)
 .comment       0x0000006e       0x6f .\CortexM0\ARM_GCC_541\Debug\BatteryBalance.a(INA226_I2C_I2C.o)
 .comment       0x0000006e       0x6f .\CortexM0\ARM_GCC_541\Debug\BatteryBalance.a(INA226_I2C_I2C_MASTER.o)
 .comment       0x0000006e       0x6f .\CortexM0\ARM_GCC_541\Debug\BatteryBalance.a(DBG_UART.o)
 .comment       0x0000006e       0x6f .\CortexM0\ARM_GCC_541\Debug\BatteryBalance.a(DBG_UART_UART.o)
 .comment       0x0000006e       0x6f .\CortexM0\ARM_GCC_541\Debug\BatteryBalance.a(CyFlash.o)
 .comment       0x0000006e       0x6f .\CortexM0\ARM_GCC_541\Debug\BatteryBalance.a(INA226_I2C_I2C_INT.o)
 .comment       0x0000006e       0x6f .\CortexM0\ARM_GCC_541\Debug\BatteryBalance.a(DBG_UART_SPI_UART.o)

.debug_weaknames
 *(.debug_weaknames)

.debug_funcnames
 *(.debug_funcnames)

.debug_typenames
 *(.debug_typenames)

.debug_varnames
 *(.debug_varnames)

.note.gnu.arm.ident
 *(.note.gnu.arm.ident)

.ARM.attributes
                0x00000000       0x28
 *(.ARM.attributes)
 .ARM.attributes
                0x00000000       0x1e c:/program files (x86)/cypress/psoc creator/4.4/psoc creator/import/gnu/arm/5.4.1/bin/../lib/gcc/arm-none-eabi/5.4.1/armv6-m/crti.o
 .ARM.attributes
                0x0000001e       0x2c c:/program files (x86)/cypress/psoc creator/4.4/psoc creator/import/gnu/arm/5.4.1/bin/../lib/gcc/arm-none-eabi/5.4.1/armv6-m/crtbegin.o
 .ARM.attributes
                0x0000004a       0x1b c:/program files (x86)/cypress/psoc creator/4.4/psoc creator/import/gnu/arm/5.4.1/bin/../lib/gcc/arm-none-eabi/5.4.1/../../../../arm-none-eabi/lib/armv6-m/crt0.o
 .ARM.attributes
                0x00000065       0x31 .\CortexM0\ARM_GCC_541\Debug\main.o
 .ARM.attributes
                0x00000096       0x31 .\CortexM0\ARM_GCC_541\Debug\battery.o
 .ARM.attributes
                0x000000c7       0x31 .\CortexM0\ARM_GCC_541\Debug\INA226.o
 .ARM.attributes
                0x000000f8       0x31 .\CortexM0\ARM_GCC_541\Debug\CANCommon.o
 .ARM.attributes
                0x00000129       0x31 .\CortexM0\ARM_GCC_541\Debug\CANGPIO.o
 .ARM.attributes
                0x0000015a       0x31 .\CortexM0\ARM_GCC_541\Debug\CANLocalization.o
 .ARM.attributes
                0x0000018b       0x31 .\CortexM0\ARM_GCC_541\Debug\CANMotorUnit.o
 .ARM.attributes
                0x000001bc       0x31 .\CortexM0\ARM_GCC_541\Debug\CANPower.o
 .ARM.attributes
                0x000001ed       0x31 .\CortexM0\ARM_GCC_541\Debug\CANScience.o
 .ARM.attributes
                0x0000021e       0x31 .\CortexM0\ARM_GCC_541\Debug\PortTemplate.o
 .ARM.attributes
                0x0000024f       0x31 .\CortexM0\ARM_GCC_541\Debug\CANPacket.o
 .ARM.attributes
                0x00000280       0x31 .\CortexM0\ARM_GCC_541\Debug\cyfitter_cfg.o
 .ARM.attributes
                0x000002b1       0x31 .\CortexM0\ARM_GCC_541\Debug\cymetadata.o
 .ARM.attributes
                0x000002e2       0x31 .\CortexM0\ARM_GCC_541\Debug\Cm0Start.o
 .ARM.attributes
                0x00000313       0x31 .\CortexM0\ARM_GCC_541\Debug\BatteryBalance.a(CyLib.o)
 .ARM.attributes
                0x00000344       0x31 .\CortexM0\ARM_GCC_541\Debug\BatteryBalance.a(CyLFClk.o)
 .ARM.attributes
                0x00000375       0x31 .\CortexM0\ARM_GCC_541\Debug\BatteryBalance.a(INA226_I2C.o)
 .ARM.attributes
                0x000003a6       0x31 .\CortexM0\ARM_GCC_541\Debug\BatteryBalance.a(INA226_I2C_I2C.o)
 .ARM.attributes
                0x000003d7       0x31 .\CortexM0\ARM_GCC_541\Debug\BatteryBalance.a(INA226_I2C_I2C_MASTER.o)
 .ARM.attributes
                0x00000408       0x31 .\CortexM0\ARM_GCC_541\Debug\BatteryBalance.a(DBG_UART.o)
 .ARM.attributes
                0x00000439       0x31 .\CortexM0\ARM_GCC_541\Debug\BatteryBalance.a(DBG_UART_UART.o)
 .ARM.attributes
                0x0000046a       0x21 .\CortexM0\ARM_GCC_541\Debug\BatteryBalance.a(CyBootAsmGnu.o)
 .ARM.attributes
                0x0000048b       0x31 .\CortexM0\ARM_GCC_541\Debug\BatteryBalance.a(CyFlash.o)
 .ARM.attributes
                0x000004bc       0x31 .\CortexM0\ARM_GCC_541\Debug\BatteryBalance.a(INA226_I2C_I2C_INT.o)
 .ARM.attributes
                0x000004ed       0x31 .\CortexM0\ARM_GCC_541\Debug\BatteryBalance.a(DBG_UART_SPI_UART.o)
 .ARM.attributes
                0x0000051e       0x1e c:/program files (x86)/cypress/psoc creator/4.4/psoc creator/import/gnu/arm/5.4.1/bin/../lib/gcc/arm-none-eabi/5.4.1/armv6-m\libgcc.a(_udivsi3.o)
 .ARM.attributes
                0x0000053c       0x1e c:/program files (x86)/cypress/psoc creator/4.4/psoc creator/import/gnu/arm/5.4.1/bin/../lib/gcc/arm-none-eabi/5.4.1/armv6-m\libgcc.a(_divsi3.o)
 .ARM.attributes
                0x0000055a       0x1e c:/program files (x86)/cypress/psoc creator/4.4/psoc creator/import/gnu/arm/5.4.1/bin/../lib/gcc/arm-none-eabi/5.4.1/armv6-m\libgcc.a(_dvmd_tls.o)
 .ARM.attributes
                0x00000578       0x2c c:/program files (x86)/cypress/psoc creator/4.4/psoc creator/import/gnu/arm/5.4.1/bin/../lib/gcc/arm-none-eabi/5.4.1/armv6-m\libgcc.a(_fixunsdfsi.o)
 .ARM.attributes
                0x000005a4       0x2c c:/program files (x86)/cypress/psoc creator/4.4/psoc creator/import/gnu/arm/5.4.1/bin/../lib/gcc/arm-none-eabi/5.4.1/armv6-m\libgcc.a(muldf3.o)
 .ARM.attributes
                0x000005d0       0x2c c:/program files (x86)/cypress/psoc creator/4.4/psoc creator/import/gnu/arm/5.4.1/bin/../lib/gcc/arm-none-eabi/5.4.1/armv6-m\libgcc.a(subdf3.o)
 .ARM.attributes
                0x000005fc       0x2c c:/program files (x86)/cypress/psoc creator/4.4/psoc creator/import/gnu/arm/5.4.1/bin/../lib/gcc/arm-none-eabi/5.4.1/armv6-m\libgcc.a(fixdfsi.o)
 .ARM.attributes
                0x00000628       0x2c c:/program files (x86)/cypress/psoc creator/4.4/psoc creator/import/gnu/arm/5.4.1/bin/../lib/gcc/arm-none-eabi/5.4.1/armv6-m\libgcc.a(floatsidf.o)
 .ARM.attributes
                0x00000654       0x1e c:/program files (x86)/cypress/psoc creator/4.4/psoc creator/import/gnu/arm/5.4.1/bin/../lib/gcc/arm-none-eabi/5.4.1/armv6-m\libgcc.a(_arm_cmpdf2.o)
 .ARM.attributes
                0x00000672       0x1e c:/program files (x86)/cypress/psoc creator/4.4/psoc creator/import/gnu/arm/5.4.1/bin/../lib/gcc/arm-none-eabi/5.4.1/armv6-m\libgcc.a(_clzsi2.o)
 .ARM.attributes
                0x00000690       0x2c c:/program files (x86)/cypress/psoc creator/4.4/psoc creator/import/gnu/arm/5.4.1/bin/../lib/gcc/arm-none-eabi/5.4.1/armv6-m\libgcc.a(eqdf2.o)
 .ARM.attributes
                0x000006bc       0x2c c:/program files (x86)/cypress/psoc creator/4.4/psoc creator/import/gnu/arm/5.4.1/bin/../lib/gcc/arm-none-eabi/5.4.1/armv6-m\libgcc.a(gedf2.o)
 .ARM.attributes
                0x000006e8       0x2c c:/program files (x86)/cypress/psoc creator/4.4/psoc creator/import/gnu/arm/5.4.1/bin/../lib/gcc/arm-none-eabi/5.4.1/armv6-m\libgcc.a(ledf2.o)
 .ARM.attributes
                0x00000714       0x2c c:/program files (x86)/cypress/psoc creator/4.4/psoc creator/import/gnu/arm/5.4.1/bin/../lib/gcc/arm-none-eabi/5.4.1/../../../../arm-none-eabi/lib/armv6-m\libg_nano.a(lib_a-errno.o)
 .ARM.attributes
                0x00000740       0x2c c:/program files (x86)/cypress/psoc creator/4.4/psoc creator/import/gnu/arm/5.4.1/bin/../lib/gcc/arm-none-eabi/5.4.1/../../../../arm-none-eabi/lib/armv6-m\libg_nano.a(lib_a-exit.o)
 .ARM.attributes
                0x0000076c       0x2c c:/program files (x86)/cypress/psoc creator/4.4/psoc creator/import/gnu/arm/5.4.1/bin/../lib/gcc/arm-none-eabi/5.4.1/../../../../arm-none-eabi/lib/armv6-m\libg_nano.a(lib_a-impure.o)
 .ARM.attributes
                0x00000798       0x2c c:/program files (x86)/cypress/psoc creator/4.4/psoc creator/import/gnu/arm/5.4.1/bin/../lib/gcc/arm-none-eabi/5.4.1/../../../../arm-none-eabi/lib/armv6-m\libg_nano.a(lib_a-init.o)
 .ARM.attributes
                0x000007c4       0x2c c:/program files (x86)/cypress/psoc creator/4.4/psoc creator/import/gnu/arm/5.4.1/bin/../lib/gcc/arm-none-eabi/5.4.1/../../../../arm-none-eabi/lib/armv6-m\libg_nano.a(lib_a-itoa.o)
 .ARM.attributes
                0x000007f0       0x2c c:/program files (x86)/cypress/psoc creator/4.4/psoc creator/import/gnu/arm/5.4.1/bin/../lib/gcc/arm-none-eabi/5.4.1/../../../../arm-none-eabi/lib/armv6-m\libg_nano.a(lib_a-memcpy-stub.o)
 .ARM.attributes
                0x0000081c       0x2c c:/program files (x86)/cypress/psoc creator/4.4/psoc creator/import/gnu/arm/5.4.1/bin/../lib/gcc/arm-none-eabi/5.4.1/../../../../arm-none-eabi/lib/armv6-m\libg_nano.a(lib_a-memset.o)
 .ARM.attributes
                0x00000848       0x2c c:/program files (x86)/cypress/psoc creator/4.4/psoc creator/import/gnu/arm/5.4.1/bin/../lib/gcc/arm-none-eabi/5.4.1/../../../../arm-none-eabi/lib/armv6-m\libg_nano.a(lib_a-utoa.o)
 .ARM.attributes
                0x00000874       0x2c c:/program files (x86)/cypress/psoc creator/4.4/psoc creator/import/gnu/arm/5.4.1/bin/../lib/gcc/arm-none-eabi/5.4.1/armv6-m/crtend.o
 .ARM.attributes
                0x000008a0       0x1e c:/program files (x86)/cypress/psoc creator/4.4/psoc creator/import/gnu/arm/5.4.1/bin/../lib/gcc/arm-none-eabi/5.4.1/armv6-m/crtn.o

/DISCARD/
 *(.note.GNU-stack)
OUTPUT(C:\Users\tsien\Documents\GitHub\Battery_Management_Board_PY2023\BatteryBalance\BatteryBalance.cydsn\CortexM0\ARM_GCC_541\Debug\BatteryBalance.elf elf32-littlearm)
