ARM GAS  C:\Users\tsien\AppData\Local\Temp\ccn9EKTn.s 			page 1


   1              		.syntax unified
   2              		.cpu cortex-m0
   3              		.fpu softvfp
   4              		.eabi_attribute 20, 1
   5              		.eabi_attribute 21, 1
   6              		.eabi_attribute 23, 3
   7              		.eabi_attribute 24, 1
   8              		.eabi_attribute 25, 1
   9              		.eabi_attribute 26, 1
  10              		.eabi_attribute 30, 1
  11              		.eabi_attribute 34, 0
  12              		.eabi_attribute 18, 4
  13              		.thumb
  14              		.syntax unified
  15              		.file	"cyfitter_cfg.c"
  16              		.text
  17              	.Ltext0:
  18              		.cfi_sections	.debug_frame
  19              		.section	.text.AnalogSetDefault,"ax",%progbits
  20              		.align	2
  21              		.code	16
  22              		.thumb_func
  23              		.type	AnalogSetDefault, %function
  24              	AnalogSetDefault:
  25              	.LFB5:
  26              		.file 1 "Generated_Source\\PSoC4\\cyfitter_cfg.c"
   1:Generated_Source\PSoC4/cyfitter_cfg.c **** 
   2:Generated_Source\PSoC4/cyfitter_cfg.c **** /*******************************************************************************
   3:Generated_Source\PSoC4/cyfitter_cfg.c **** * File Name: cyfitter_cfg.c
   4:Generated_Source\PSoC4/cyfitter_cfg.c **** * 
   5:Generated_Source\PSoC4/cyfitter_cfg.c **** * PSoC Creator  4.4
   6:Generated_Source\PSoC4/cyfitter_cfg.c **** *
   7:Generated_Source\PSoC4/cyfitter_cfg.c **** * Description:
   8:Generated_Source\PSoC4/cyfitter_cfg.c **** * This file contains device initialization code.
   9:Generated_Source\PSoC4/cyfitter_cfg.c **** * Except for the user defined sections in CyClockStartupError(), this file should not be modified.
  10:Generated_Source\PSoC4/cyfitter_cfg.c **** * This file is automatically generated by PSoC Creator.
  11:Generated_Source\PSoC4/cyfitter_cfg.c **** *
  12:Generated_Source\PSoC4/cyfitter_cfg.c **** ********************************************************************************
  13:Generated_Source\PSoC4/cyfitter_cfg.c **** * Copyright (c) 2007-2020 Cypress Semiconductor.  All rights reserved.
  14:Generated_Source\PSoC4/cyfitter_cfg.c **** * You may use this file only in accordance with the license, terms, conditions, 
  15:Generated_Source\PSoC4/cyfitter_cfg.c **** * disclaimers, and limitations in the end user license agreement accompanying 
  16:Generated_Source\PSoC4/cyfitter_cfg.c **** * the software package with which this file was provided.
  17:Generated_Source\PSoC4/cyfitter_cfg.c **** ********************************************************************************/
  18:Generated_Source\PSoC4/cyfitter_cfg.c **** 
  19:Generated_Source\PSoC4/cyfitter_cfg.c **** #include <string.h>
  20:Generated_Source\PSoC4/cyfitter_cfg.c **** #include "cytypes.h"
  21:Generated_Source\PSoC4/cyfitter_cfg.c **** #include "cydevice_trm.h"
  22:Generated_Source\PSoC4/cyfitter_cfg.c **** #include "cyfitter.h"
  23:Generated_Source\PSoC4/cyfitter_cfg.c **** #include "CyLib.h"
  24:Generated_Source\PSoC4/cyfitter_cfg.c **** #include "CyLFClk.h"
  25:Generated_Source\PSoC4/cyfitter_cfg.c **** #include "cyfitter_cfg.h"
  26:Generated_Source\PSoC4/cyfitter_cfg.c **** #include "cyapicallbacks.h"
  27:Generated_Source\PSoC4/cyfitter_cfg.c **** 
  28:Generated_Source\PSoC4/cyfitter_cfg.c **** 
  29:Generated_Source\PSoC4/cyfitter_cfg.c **** #if defined(__GNUC__) || defined(__ARMCC_VERSION)
  30:Generated_Source\PSoC4/cyfitter_cfg.c ****     #define CYPACKED 
  31:Generated_Source\PSoC4/cyfitter_cfg.c ****     #define CYPACKED_ATTR __attribute__ ((packed))
ARM GAS  C:\Users\tsien\AppData\Local\Temp\ccn9EKTn.s 			page 2


  32:Generated_Source\PSoC4/cyfitter_cfg.c ****     #define CYALIGNED __attribute__ ((aligned))
  33:Generated_Source\PSoC4/cyfitter_cfg.c ****     #define CY_CFG_UNUSED __attribute__ ((unused))
  34:Generated_Source\PSoC4/cyfitter_cfg.c ****     #ifndef CY_CFG_SECTION
  35:Generated_Source\PSoC4/cyfitter_cfg.c ****         #define CY_CFG_SECTION __attribute__ ((section(".psocinit")))
  36:Generated_Source\PSoC4/cyfitter_cfg.c ****     #endif
  37:Generated_Source\PSoC4/cyfitter_cfg.c ****     
  38:Generated_Source\PSoC4/cyfitter_cfg.c ****     #if defined(__ARMCC_VERSION)
  39:Generated_Source\PSoC4/cyfitter_cfg.c ****         #define CY_CFG_MEMORY_BARRIER() __memory_changed()
  40:Generated_Source\PSoC4/cyfitter_cfg.c ****     #else
  41:Generated_Source\PSoC4/cyfitter_cfg.c ****         #define CY_CFG_MEMORY_BARRIER() __sync_synchronize()
  42:Generated_Source\PSoC4/cyfitter_cfg.c ****     #endif
  43:Generated_Source\PSoC4/cyfitter_cfg.c ****     
  44:Generated_Source\PSoC4/cyfitter_cfg.c **** #elif defined(__ICCARM__)
  45:Generated_Source\PSoC4/cyfitter_cfg.c ****     #include <intrinsics.h>
  46:Generated_Source\PSoC4/cyfitter_cfg.c **** 
  47:Generated_Source\PSoC4/cyfitter_cfg.c ****     #define CYPACKED __packed
  48:Generated_Source\PSoC4/cyfitter_cfg.c ****     #define CYPACKED_ATTR 
  49:Generated_Source\PSoC4/cyfitter_cfg.c ****     #define CYALIGNED _Pragma("data_alignment=4")
  50:Generated_Source\PSoC4/cyfitter_cfg.c ****     #define CY_CFG_UNUSED _Pragma("diag_suppress=Pe177")
  51:Generated_Source\PSoC4/cyfitter_cfg.c ****     #define CY_CFG_SECTION _Pragma("location=\".psocinit\"")
  52:Generated_Source\PSoC4/cyfitter_cfg.c ****     
  53:Generated_Source\PSoC4/cyfitter_cfg.c ****     #define CY_CFG_MEMORY_BARRIER() __DMB()
  54:Generated_Source\PSoC4/cyfitter_cfg.c ****     
  55:Generated_Source\PSoC4/cyfitter_cfg.c **** #else
  56:Generated_Source\PSoC4/cyfitter_cfg.c ****     #error Unsupported toolchain
  57:Generated_Source\PSoC4/cyfitter_cfg.c **** #endif
  58:Generated_Source\PSoC4/cyfitter_cfg.c **** 
  59:Generated_Source\PSoC4/cyfitter_cfg.c **** #ifndef CYCODE
  60:Generated_Source\PSoC4/cyfitter_cfg.c ****     #define CYCODE
  61:Generated_Source\PSoC4/cyfitter_cfg.c **** #endif
  62:Generated_Source\PSoC4/cyfitter_cfg.c **** #ifndef CYDATA
  63:Generated_Source\PSoC4/cyfitter_cfg.c ****     #define CYDATA
  64:Generated_Source\PSoC4/cyfitter_cfg.c **** #endif
  65:Generated_Source\PSoC4/cyfitter_cfg.c **** #ifndef CYFAR
  66:Generated_Source\PSoC4/cyfitter_cfg.c ****     #define CYFAR
  67:Generated_Source\PSoC4/cyfitter_cfg.c **** #endif
  68:Generated_Source\PSoC4/cyfitter_cfg.c **** #ifndef CYXDATA
  69:Generated_Source\PSoC4/cyfitter_cfg.c ****     #define CYXDATA
  70:Generated_Source\PSoC4/cyfitter_cfg.c **** #endif
  71:Generated_Source\PSoC4/cyfitter_cfg.c **** 
  72:Generated_Source\PSoC4/cyfitter_cfg.c **** 
  73:Generated_Source\PSoC4/cyfitter_cfg.c **** CY_CFG_UNUSED
  74:Generated_Source\PSoC4/cyfitter_cfg.c **** static void CYMEMZERO(void *s, size_t n);
  75:Generated_Source\PSoC4/cyfitter_cfg.c **** CY_CFG_UNUSED
  76:Generated_Source\PSoC4/cyfitter_cfg.c **** static void CYMEMZERO(void *s, size_t n)
  77:Generated_Source\PSoC4/cyfitter_cfg.c **** {
  78:Generated_Source\PSoC4/cyfitter_cfg.c **** 	(void)memset(s, 0, n);
  79:Generated_Source\PSoC4/cyfitter_cfg.c **** }
  80:Generated_Source\PSoC4/cyfitter_cfg.c **** CY_CFG_UNUSED
  81:Generated_Source\PSoC4/cyfitter_cfg.c **** static void CYCONFIGCPY(void *dest, const void *src, size_t n);
  82:Generated_Source\PSoC4/cyfitter_cfg.c **** CY_CFG_UNUSED
  83:Generated_Source\PSoC4/cyfitter_cfg.c **** static void CYCONFIGCPY(void *dest, const void *src, size_t n)
  84:Generated_Source\PSoC4/cyfitter_cfg.c **** {
  85:Generated_Source\PSoC4/cyfitter_cfg.c **** 	(void)memcpy(dest, src, n);
  86:Generated_Source\PSoC4/cyfitter_cfg.c **** }
  87:Generated_Source\PSoC4/cyfitter_cfg.c **** CY_CFG_UNUSED
  88:Generated_Source\PSoC4/cyfitter_cfg.c **** static void CYCONFIGCPYCODE(void *dest, const void *src, size_t n);
ARM GAS  C:\Users\tsien\AppData\Local\Temp\ccn9EKTn.s 			page 3


  89:Generated_Source\PSoC4/cyfitter_cfg.c **** CY_CFG_UNUSED
  90:Generated_Source\PSoC4/cyfitter_cfg.c **** static void CYCONFIGCPYCODE(void *dest, const void *src, size_t n)
  91:Generated_Source\PSoC4/cyfitter_cfg.c **** {
  92:Generated_Source\PSoC4/cyfitter_cfg.c **** 	(void)memcpy(dest, src, n);
  93:Generated_Source\PSoC4/cyfitter_cfg.c **** }
  94:Generated_Source\PSoC4/cyfitter_cfg.c **** 
  95:Generated_Source\PSoC4/cyfitter_cfg.c **** 
  96:Generated_Source\PSoC4/cyfitter_cfg.c **** 
  97:Generated_Source\PSoC4/cyfitter_cfg.c **** 
  98:Generated_Source\PSoC4/cyfitter_cfg.c **** /* Clock startup error codes                                                   */
  99:Generated_Source\PSoC4/cyfitter_cfg.c **** #define CYCLOCKSTART_NO_ERROR    0u
 100:Generated_Source\PSoC4/cyfitter_cfg.c **** #define CYCLOCKSTART_XTAL_ERROR  1u
 101:Generated_Source\PSoC4/cyfitter_cfg.c **** #define CYCLOCKSTART_32KHZ_ERROR 2u
 102:Generated_Source\PSoC4/cyfitter_cfg.c **** #define CYCLOCKSTART_PLL_ERROR   3u
 103:Generated_Source\PSoC4/cyfitter_cfg.c **** #define CYCLOCKSTART_FLL_ERROR   4u
 104:Generated_Source\PSoC4/cyfitter_cfg.c **** #define CYCLOCKSTART_WCO_ERROR   5u
 105:Generated_Source\PSoC4/cyfitter_cfg.c **** 
 106:Generated_Source\PSoC4/cyfitter_cfg.c **** 
 107:Generated_Source\PSoC4/cyfitter_cfg.c **** #ifdef CY_NEED_CYCLOCKSTARTUPERROR
 108:Generated_Source\PSoC4/cyfitter_cfg.c **** /*******************************************************************************
 109:Generated_Source\PSoC4/cyfitter_cfg.c **** * Function Name: CyClockStartupError
 110:Generated_Source\PSoC4/cyfitter_cfg.c **** ********************************************************************************
 111:Generated_Source\PSoC4/cyfitter_cfg.c **** * Summary:
 112:Generated_Source\PSoC4/cyfitter_cfg.c **** *  If an error is encountered during clock configuration (crystal startup error,
 113:Generated_Source\PSoC4/cyfitter_cfg.c **** *  PLL lock error, etc.), the system will end up here.  Unless reimplemented by
 114:Generated_Source\PSoC4/cyfitter_cfg.c **** *  the customer, this function will stop in an infinite loop.
 115:Generated_Source\PSoC4/cyfitter_cfg.c **** *
 116:Generated_Source\PSoC4/cyfitter_cfg.c **** * Parameters:
 117:Generated_Source\PSoC4/cyfitter_cfg.c **** *   void
 118:Generated_Source\PSoC4/cyfitter_cfg.c **** *
 119:Generated_Source\PSoC4/cyfitter_cfg.c **** * Return:
 120:Generated_Source\PSoC4/cyfitter_cfg.c **** *   void
 121:Generated_Source\PSoC4/cyfitter_cfg.c **** *
 122:Generated_Source\PSoC4/cyfitter_cfg.c **** *******************************************************************************/
 123:Generated_Source\PSoC4/cyfitter_cfg.c **** CY_CFG_UNUSED
 124:Generated_Source\PSoC4/cyfitter_cfg.c **** static void CyClockStartupError(uint8 errorCode);
 125:Generated_Source\PSoC4/cyfitter_cfg.c **** CY_CFG_UNUSED
 126:Generated_Source\PSoC4/cyfitter_cfg.c **** static void CyClockStartupError(uint8 errorCode)
 127:Generated_Source\PSoC4/cyfitter_cfg.c **** {
 128:Generated_Source\PSoC4/cyfitter_cfg.c ****     /* To remove the compiler warning if errorCode not used.                */
 129:Generated_Source\PSoC4/cyfitter_cfg.c ****     errorCode = errorCode;
 130:Generated_Source\PSoC4/cyfitter_cfg.c **** 
 131:Generated_Source\PSoC4/cyfitter_cfg.c ****     /* If we have a clock startup error (bad MHz crystal, PLL lock, etc.),  */
 132:Generated_Source\PSoC4/cyfitter_cfg.c ****     /* we will end up here to allow the customer to implement something to  */
 133:Generated_Source\PSoC4/cyfitter_cfg.c ****     /* deal with the clock condition.                                       */
 134:Generated_Source\PSoC4/cyfitter_cfg.c **** 
 135:Generated_Source\PSoC4/cyfitter_cfg.c **** #ifdef CY_CFG_CLOCK_STARTUP_ERROR_CALLBACK
 136:Generated_Source\PSoC4/cyfitter_cfg.c ****     CY_CFG_Clock_Startup_ErrorCallback();
 137:Generated_Source\PSoC4/cyfitter_cfg.c **** #else
 138:Generated_Source\PSoC4/cyfitter_cfg.c ****     /*  If not using CY_CFG_CLOCK_STARTUP_ERROR_CALLBACK, place your clock startup code here. */
 139:Generated_Source\PSoC4/cyfitter_cfg.c ****     /* `#START CyClockStartupError` */
 140:Generated_Source\PSoC4/cyfitter_cfg.c **** 
 141:Generated_Source\PSoC4/cyfitter_cfg.c **** 
 142:Generated_Source\PSoC4/cyfitter_cfg.c **** 
 143:Generated_Source\PSoC4/cyfitter_cfg.c ****     /* `#END` */
 144:Generated_Source\PSoC4/cyfitter_cfg.c **** 
 145:Generated_Source\PSoC4/cyfitter_cfg.c ****     while(1) {}
ARM GAS  C:\Users\tsien\AppData\Local\Temp\ccn9EKTn.s 			page 4


 146:Generated_Source\PSoC4/cyfitter_cfg.c **** #endif /* CY_CFG_CLOCK_STARTUP_ERROR_CALLBACK */
 147:Generated_Source\PSoC4/cyfitter_cfg.c **** }
 148:Generated_Source\PSoC4/cyfitter_cfg.c **** #endif
 149:Generated_Source\PSoC4/cyfitter_cfg.c **** 
 150:Generated_Source\PSoC4/cyfitter_cfg.c **** 
 151:Generated_Source\PSoC4/cyfitter_cfg.c **** 
 152:Generated_Source\PSoC4/cyfitter_cfg.c **** /*******************************************************************************
 153:Generated_Source\PSoC4/cyfitter_cfg.c **** * Function Name: ClockSetup
 154:Generated_Source\PSoC4/cyfitter_cfg.c **** ********************************************************************************
 155:Generated_Source\PSoC4/cyfitter_cfg.c **** *
 156:Generated_Source\PSoC4/cyfitter_cfg.c **** * Summary:
 157:Generated_Source\PSoC4/cyfitter_cfg.c **** *   Performs the initialization of all of the clocks in the device based on the
 158:Generated_Source\PSoC4/cyfitter_cfg.c **** *   settings in the Clock tab of the DWR.  This includes enabling the requested
 159:Generated_Source\PSoC4/cyfitter_cfg.c **** *   clocks and setting the necessary dividers to produce the desired frequency. 
 160:Generated_Source\PSoC4/cyfitter_cfg.c **** *
 161:Generated_Source\PSoC4/cyfitter_cfg.c **** * Parameters:
 162:Generated_Source\PSoC4/cyfitter_cfg.c **** *   void
 163:Generated_Source\PSoC4/cyfitter_cfg.c **** *
 164:Generated_Source\PSoC4/cyfitter_cfg.c **** * Return:
 165:Generated_Source\PSoC4/cyfitter_cfg.c **** *   void
 166:Generated_Source\PSoC4/cyfitter_cfg.c **** *
 167:Generated_Source\PSoC4/cyfitter_cfg.c **** *******************************************************************************/
 168:Generated_Source\PSoC4/cyfitter_cfg.c **** static void ClockSetup(void);
 169:Generated_Source\PSoC4/cyfitter_cfg.c **** CY_CFG_SECTION
 170:Generated_Source\PSoC4/cyfitter_cfg.c **** static void ClockSetup(void)
 171:Generated_Source\PSoC4/cyfitter_cfg.c **** {
 172:Generated_Source\PSoC4/cyfitter_cfg.c **** 
 173:Generated_Source\PSoC4/cyfitter_cfg.c **** 	/* Set Flash Cycles based on max possible frequency in case a glitch occurs during ClockSetup(). *
 174:Generated_Source\PSoC4/cyfitter_cfg.c **** 	CY_SET_REG32((void CYXDATA *)(CYREG_CPUSS_FLASH_CTL), (0x0012u));
 175:Generated_Source\PSoC4/cyfitter_cfg.c **** 
 176:Generated_Source\PSoC4/cyfitter_cfg.c **** 	/* Start the WCO */
 177:Generated_Source\PSoC4/cyfitter_cfg.c **** 	CySysClkWcoStart();
 178:Generated_Source\PSoC4/cyfitter_cfg.c **** 
 179:Generated_Source\PSoC4/cyfitter_cfg.c **** 	/* Setup and trim IMO based on desired frequency. */
 180:Generated_Source\PSoC4/cyfitter_cfg.c **** 	CySysClkWriteImoFreq(48u);
 181:Generated_Source\PSoC4/cyfitter_cfg.c **** 	CySysClkImoEnableWcoLock();
 182:Generated_Source\PSoC4/cyfitter_cfg.c **** 	/* CYDEV_CLK_ILO_CONFIG Starting address: CYDEV_CLK_ILO_CONFIG */
 183:Generated_Source\PSoC4/cyfitter_cfg.c **** 	CY_SET_REG32((void *)(CYREG_CLK_ILO_CONFIG), 0x80000006u);
 184:Generated_Source\PSoC4/cyfitter_cfg.c **** 
 185:Generated_Source\PSoC4/cyfitter_cfg.c **** 
 186:Generated_Source\PSoC4/cyfitter_cfg.c **** 	/* Setup phase aligned clocks */
 187:Generated_Source\PSoC4/cyfitter_cfg.c **** 	CY_SET_REG32((void *)CYREG_PERI_DIV_16_CTL0, 0x00000000u);
 188:Generated_Source\PSoC4/cyfitter_cfg.c **** 	CY_SET_REG32((void *)CYREG_PERI_DIV_CMD, 0x8000FF40u);
 189:Generated_Source\PSoC4/cyfitter_cfg.c **** 	CY_SET_REG32((void *)CYREG_PERI_DIV_16_CTL1, 0x00001500u);
 190:Generated_Source\PSoC4/cyfitter_cfg.c **** 	CY_SET_REG32((void *)CYREG_PERI_DIV_CMD, 0x8000FF41u);
 191:Generated_Source\PSoC4/cyfitter_cfg.c **** 	CY_SET_REG32((void *)CYREG_PERI_DIV_16_CTL2, 0x00001800u);
 192:Generated_Source\PSoC4/cyfitter_cfg.c **** 	CY_SET_REG32((void *)CYREG_PERI_DIV_CMD, 0x8000FF42u);
 193:Generated_Source\PSoC4/cyfitter_cfg.c **** 
 194:Generated_Source\PSoC4/cyfitter_cfg.c **** 	/* CYDEV_CLK_SELECT Starting address: CYDEV_CLK_SELECT */
 195:Generated_Source\PSoC4/cyfitter_cfg.c **** 	CY_SET_REG32((void *)(CYREG_CLK_SELECT), 0x00040249u);
 196:Generated_Source\PSoC4/cyfitter_cfg.c **** 
 197:Generated_Source\PSoC4/cyfitter_cfg.c **** 	/* CYDEV_CLK_IMO_CONFIG Starting address: CYDEV_CLK_IMO_CONFIG */
 198:Generated_Source\PSoC4/cyfitter_cfg.c **** 	CY_SET_REG32((void *)(CYREG_CLK_IMO_CONFIG), 0x00000000u);
 199:Generated_Source\PSoC4/cyfitter_cfg.c **** 
 200:Generated_Source\PSoC4/cyfitter_cfg.c **** 	/* CYDEV_PERI_PCLK_CTL5 Starting address: CYDEV_PERI_PCLK_CTL5 */
 201:Generated_Source\PSoC4/cyfitter_cfg.c **** 	CY_SET_REG32((void *)(CYREG_PERI_PCLK_CTL5), 0x00000041u);
 202:Generated_Source\PSoC4/cyfitter_cfg.c **** 
ARM GAS  C:\Users\tsien\AppData\Local\Temp\ccn9EKTn.s 			page 5


 203:Generated_Source\PSoC4/cyfitter_cfg.c **** 	/* CYDEV_PERI_PCLK_CTL2 Starting address: CYDEV_PERI_PCLK_CTL2 */
 204:Generated_Source\PSoC4/cyfitter_cfg.c **** 	CY_SET_REG32((void *)(CYREG_PERI_PCLK_CTL2), 0x00000042u);
 205:Generated_Source\PSoC4/cyfitter_cfg.c **** 
 206:Generated_Source\PSoC4/cyfitter_cfg.c **** 	(void)CyIntSetVector(7u, &CySysWdtIsr);
 207:Generated_Source\PSoC4/cyfitter_cfg.c **** 	CyIntEnable(7u);
 208:Generated_Source\PSoC4/cyfitter_cfg.c **** 	CY_SET_REG32((void *)(CYREG_WDT_CONFIG), 0x00000000u);
 209:Generated_Source\PSoC4/cyfitter_cfg.c **** }
 210:Generated_Source\PSoC4/cyfitter_cfg.c **** 
 211:Generated_Source\PSoC4/cyfitter_cfg.c **** 
 212:Generated_Source\PSoC4/cyfitter_cfg.c **** /* Analog API Functions */
 213:Generated_Source\PSoC4/cyfitter_cfg.c **** 
 214:Generated_Source\PSoC4/cyfitter_cfg.c **** 
 215:Generated_Source\PSoC4/cyfitter_cfg.c **** /*******************************************************************************
 216:Generated_Source\PSoC4/cyfitter_cfg.c **** * Function Name: AnalogSetDefault
 217:Generated_Source\PSoC4/cyfitter_cfg.c **** ********************************************************************************
 218:Generated_Source\PSoC4/cyfitter_cfg.c **** *
 219:Generated_Source\PSoC4/cyfitter_cfg.c **** * Summary:
 220:Generated_Source\PSoC4/cyfitter_cfg.c **** *  Sets up the analog portions of the chip to default values based on chip
 221:Generated_Source\PSoC4/cyfitter_cfg.c **** *  configuration options from the project.
 222:Generated_Source\PSoC4/cyfitter_cfg.c **** *
 223:Generated_Source\PSoC4/cyfitter_cfg.c **** * Parameters:
 224:Generated_Source\PSoC4/cyfitter_cfg.c **** *  void
 225:Generated_Source\PSoC4/cyfitter_cfg.c **** *
 226:Generated_Source\PSoC4/cyfitter_cfg.c **** * Return:
 227:Generated_Source\PSoC4/cyfitter_cfg.c **** *  void
 228:Generated_Source\PSoC4/cyfitter_cfg.c **** *
 229:Generated_Source\PSoC4/cyfitter_cfg.c **** *******************************************************************************/
 230:Generated_Source\PSoC4/cyfitter_cfg.c **** static void AnalogSetDefault(void);
 231:Generated_Source\PSoC4/cyfitter_cfg.c **** static void AnalogSetDefault(void)
 232:Generated_Source\PSoC4/cyfitter_cfg.c **** {
  27              		.loc 1 232 0
  28              		.cfi_startproc
  29              		@ args = 0, pretend = 0, frame = 0
  30              		@ frame_needed = 0, uses_anonymous_args = 0
  31              		@ link register save eliminated.
 233:Generated_Source\PSoC4/cyfitter_cfg.c **** 	CY_SET_XTND_REG32((void CYFAR *)CYREG_CTBM0_DFT_CTRL, 0x00000003u);
  32              		.loc 1 233 0
  33 0000 0323     		movs	r3, #3
  34 0002 044A     		ldr	r2, .L2
  35 0004 1360     		str	r3, [r2]
 234:Generated_Source\PSoC4/cyfitter_cfg.c **** 	CY_SET_XTND_REG32((void CYFAR *)CYREG_CTBM1_DFT_CTRL, 0x00000003u);
  36              		.loc 1 234 0
  37 0006 044A     		ldr	r2, .L2+4
  38 0008 1360     		str	r3, [r2]
 235:Generated_Source\PSoC4/cyfitter_cfg.c **** 	CY_SET_XTND_REG32((void CYFAR *)CYREG_PASS_DSAB_DSAB_CTRL, 0x00000000u);
  39              		.loc 1 235 0
  40 000a 0022     		movs	r2, #0
  41 000c 034B     		ldr	r3, .L2+8
  42 000e 1A60     		str	r2, [r3]
 236:Generated_Source\PSoC4/cyfitter_cfg.c **** }
  43              		.loc 1 236 0
  44              		@ sp needed
  45 0010 7047     		bx	lr
  46              	.L3:
  47 0012 C046     		.align	2
  48              	.L2:
  49 0014 30003040 		.word	1076887600
ARM GAS  C:\Users\tsien\AppData\Local\Temp\ccn9EKTn.s 			page 6


  50 0018 30003140 		.word	1076953136
  51 001c 000E3F40 		.word	1077874176
  52              		.cfi_endproc
  53              	.LFE5:
  54              		.size	AnalogSetDefault, .-AnalogSetDefault
  55              		.section	.text.CYMEMZERO,"ax",%progbits
  56              		.align	2
  57              		.code	16
  58              		.thumb_func
  59              		.type	CYMEMZERO, %function
  60              	CYMEMZERO:
  61              	.LFB1:
  77:Generated_Source\PSoC4/cyfitter_cfg.c **** 	(void)memset(s, 0, n);
  62              		.loc 1 77 0
  63              		.cfi_startproc
  64              		@ args = 0, pretend = 0, frame = 0
  65              		@ frame_needed = 0, uses_anonymous_args = 0
  66              	.LVL0:
  67 0000 10B5     		push	{r4, lr}
  68              		.cfi_def_cfa_offset 8
  69              		.cfi_offset 4, -8
  70              		.cfi_offset 14, -4
  71 0002 0A00     		movs	r2, r1
  78:Generated_Source\PSoC4/cyfitter_cfg.c **** }
  72              		.loc 1 78 0
  73 0004 0021     		movs	r1, #0
  74              	.LVL1:
  75 0006 FFF7FEFF 		bl	memset
  76              	.LVL2:
  79:Generated_Source\PSoC4/cyfitter_cfg.c **** CY_CFG_UNUSED
  77              		.loc 1 79 0
  78              		@ sp needed
  79 000a 10BD     		pop	{r4, pc}
  80              		.cfi_endproc
  81              	.LFE1:
  82              		.size	CYMEMZERO, .-CYMEMZERO
  83              		.section	.psocinit,"ax",%progbits
  84              		.align	2
  85              		.code	16
  86              		.thumb_func
  87              		.type	ClockSetup, %function
  88              	ClockSetup:
  89              	.LFB4:
 171:Generated_Source\PSoC4/cyfitter_cfg.c **** 
  90              		.loc 1 171 0
  91              		.cfi_startproc
  92              		@ args = 0, pretend = 0, frame = 0
  93              		@ frame_needed = 0, uses_anonymous_args = 0
  94 0000 10B5     		push	{r4, lr}
  95              		.cfi_def_cfa_offset 8
  96              		.cfi_offset 4, -8
  97              		.cfi_offset 14, -4
 174:Generated_Source\PSoC4/cyfitter_cfg.c **** 
  98              		.loc 1 174 0
  99 0002 1222     		movs	r2, #18
 100 0004 194B     		ldr	r3, .L6
 101 0006 1A60     		str	r2, [r3]
ARM GAS  C:\Users\tsien\AppData\Local\Temp\ccn9EKTn.s 			page 7


 177:Generated_Source\PSoC4/cyfitter_cfg.c **** 
 102              		.loc 1 177 0
 103 0008 FFF7FEFF 		bl	CySysClkWcoStart
 104              	.LVL3:
 180:Generated_Source\PSoC4/cyfitter_cfg.c **** 	CySysClkImoEnableWcoLock();
 105              		.loc 1 180 0
 106 000c 3020     		movs	r0, #48
 107 000e FFF7FEFF 		bl	CySysClkWriteImoFreq
 108              	.LVL4:
 181:Generated_Source\PSoC4/cyfitter_cfg.c **** 	/* CYDEV_CLK_ILO_CONFIG Starting address: CYDEV_CLK_ILO_CONFIG */
 109              		.loc 1 181 0
 110 0012 FFF7FEFF 		bl	CySysClkImoEnableWcoLock
 111              	.LVL5:
 183:Generated_Source\PSoC4/cyfitter_cfg.c **** 
 112              		.loc 1 183 0
 113 0016 164A     		ldr	r2, .L6+4
 114 0018 164B     		ldr	r3, .L6+8
 115 001a 1A60     		str	r2, [r3]
 187:Generated_Source\PSoC4/cyfitter_cfg.c **** 	CY_SET_REG32((void *)CYREG_PERI_DIV_CMD, 0x8000FF40u);
 116              		.loc 1 187 0
 117 001c 0024     		movs	r4, #0
 118 001e 164B     		ldr	r3, .L6+12
 119 0020 1C60     		str	r4, [r3]
 188:Generated_Source\PSoC4/cyfitter_cfg.c **** 	CY_SET_REG32((void *)CYREG_PERI_DIV_16_CTL1, 0x00001500u);
 120              		.loc 1 188 0
 121 0022 164B     		ldr	r3, .L6+16
 122 0024 164A     		ldr	r2, .L6+20
 123 0026 1A60     		str	r2, [r3]
 189:Generated_Source\PSoC4/cyfitter_cfg.c **** 	CY_SET_REG32((void *)CYREG_PERI_DIV_CMD, 0x8000FF41u);
 124              		.loc 1 189 0
 125 0028 A821     		movs	r1, #168
 126 002a 4901     		lsls	r1, r1, #5
 127 002c 154A     		ldr	r2, .L6+24
 128 002e 1160     		str	r1, [r2]
 190:Generated_Source\PSoC4/cyfitter_cfg.c **** 	CY_SET_REG32((void *)CYREG_PERI_DIV_16_CTL2, 0x00001800u);
 129              		.loc 1 190 0
 130 0030 154A     		ldr	r2, .L6+28
 131 0032 1A60     		str	r2, [r3]
 191:Generated_Source\PSoC4/cyfitter_cfg.c **** 	CY_SET_REG32((void *)CYREG_PERI_DIV_CMD, 0x8000FF42u);
 132              		.loc 1 191 0
 133 0034 C021     		movs	r1, #192
 134 0036 4901     		lsls	r1, r1, #5
 135 0038 144A     		ldr	r2, .L6+32
 136 003a 1160     		str	r1, [r2]
 192:Generated_Source\PSoC4/cyfitter_cfg.c **** 
 137              		.loc 1 192 0
 138 003c 144A     		ldr	r2, .L6+36
 139 003e 1A60     		str	r2, [r3]
 195:Generated_Source\PSoC4/cyfitter_cfg.c **** 
 140              		.loc 1 195 0
 141 0040 144A     		ldr	r2, .L6+40
 142 0042 154B     		ldr	r3, .L6+44
 143 0044 1A60     		str	r2, [r3]
 198:Generated_Source\PSoC4/cyfitter_cfg.c **** 
 144              		.loc 1 198 0
 145 0046 154B     		ldr	r3, .L6+48
 146 0048 1C60     		str	r4, [r3]
ARM GAS  C:\Users\tsien\AppData\Local\Temp\ccn9EKTn.s 			page 8


 201:Generated_Source\PSoC4/cyfitter_cfg.c **** 
 147              		.loc 1 201 0
 148 004a 4122     		movs	r2, #65
 149 004c 144B     		ldr	r3, .L6+52
 150 004e 1A60     		str	r2, [r3]
 204:Generated_Source\PSoC4/cyfitter_cfg.c **** 
 151              		.loc 1 204 0
 152 0050 0132     		adds	r2, r2, #1
 153 0052 144B     		ldr	r3, .L6+56
 154 0054 1A60     		str	r2, [r3]
 206:Generated_Source\PSoC4/cyfitter_cfg.c **** 	CyIntEnable(7u);
 155              		.loc 1 206 0
 156 0056 1449     		ldr	r1, .L6+60
 157 0058 0720     		movs	r0, #7
 158 005a FFF7FEFF 		bl	CyIntSetVector
 159              	.LVL6:
 207:Generated_Source\PSoC4/cyfitter_cfg.c **** 	CY_SET_REG32((void *)(CYREG_WDT_CONFIG), 0x00000000u);
 160              		.loc 1 207 0
 161 005e 0720     		movs	r0, #7
 162 0060 FFF7FEFF 		bl	CyIntEnable
 163              	.LVL7:
 208:Generated_Source\PSoC4/cyfitter_cfg.c **** }
 164              		.loc 1 208 0
 165 0064 114B     		ldr	r3, .L6+64
 166 0066 1C60     		str	r4, [r3]
 209:Generated_Source\PSoC4/cyfitter_cfg.c **** 
 167              		.loc 1 209 0
 168              		@ sp needed
 169 0068 10BD     		pop	{r4, pc}
 170              	.L7:
 171 006a C046     		.align	2
 172              	.L6:
 173 006c 30001040 		.word	1074790448
 174 0070 06000080 		.word	-2147483642
 175 0074 04010B40 		.word	1074462980
 176 0078 00030140 		.word	1073808128
 177 007c 00000140 		.word	1073807360
 178 0080 40FF0080 		.word	-2147418304
 179 0084 04030140 		.word	1073808132
 180 0088 41FF0080 		.word	-2147418303
 181 008c 08030140 		.word	1073808136
 182 0090 42FF0080 		.word	-2147418302
 183 0094 49020400 		.word	262729
 184 0098 00010B40 		.word	1074462976
 185 009c 08010B40 		.word	1074462984
 186 00a0 14010140 		.word	1073807636
 187 00a4 08010140 		.word	1073807624
 188 00a8 00000000 		.word	CySysWdtIsr
 189 00ac 0C020B40 		.word	1074463244
 190              		.cfi_endproc
 191              	.LFE4:
 192              		.size	ClockSetup, .-ClockSetup
 193              		.align	2
 194              		.global	cyfitter_cfg
 195              		.code	16
 196              		.thumb_func
 197              		.type	cyfitter_cfg, %function
ARM GAS  C:\Users\tsien\AppData\Local\Temp\ccn9EKTn.s 			page 9


 198              	cyfitter_cfg:
 199              	.LFB6:
 237:Generated_Source\PSoC4/cyfitter_cfg.c **** 
 238:Generated_Source\PSoC4/cyfitter_cfg.c **** 
 239:Generated_Source\PSoC4/cyfitter_cfg.c **** 
 240:Generated_Source\PSoC4/cyfitter_cfg.c **** 
 241:Generated_Source\PSoC4/cyfitter_cfg.c **** /*******************************************************************************
 242:Generated_Source\PSoC4/cyfitter_cfg.c **** * Function Name: cyfitter_cfg
 243:Generated_Source\PSoC4/cyfitter_cfg.c **** ********************************************************************************
 244:Generated_Source\PSoC4/cyfitter_cfg.c **** * Summary:
 245:Generated_Source\PSoC4/cyfitter_cfg.c **** *  This function is called by the start-up code for the selected device. It
 246:Generated_Source\PSoC4/cyfitter_cfg.c **** *  performs all of the necessary device configuration based on the design
 247:Generated_Source\PSoC4/cyfitter_cfg.c **** *  settings.  This includes settings from the Design Wide Resources (DWR) such
 248:Generated_Source\PSoC4/cyfitter_cfg.c **** *  as Clocks and Pins as well as any component configuration that is necessary.
 249:Generated_Source\PSoC4/cyfitter_cfg.c **** *
 250:Generated_Source\PSoC4/cyfitter_cfg.c **** * Parameters:
 251:Generated_Source\PSoC4/cyfitter_cfg.c **** *   void
 252:Generated_Source\PSoC4/cyfitter_cfg.c **** *
 253:Generated_Source\PSoC4/cyfitter_cfg.c **** * Return:
 254:Generated_Source\PSoC4/cyfitter_cfg.c **** *   void
 255:Generated_Source\PSoC4/cyfitter_cfg.c **** *
 256:Generated_Source\PSoC4/cyfitter_cfg.c **** *******************************************************************************/
 257:Generated_Source\PSoC4/cyfitter_cfg.c **** CY_CFG_SECTION
 258:Generated_Source\PSoC4/cyfitter_cfg.c **** void cyfitter_cfg(void)
 259:Generated_Source\PSoC4/cyfitter_cfg.c **** {
 200              		.loc 1 259 0
 201              		.cfi_startproc
 202              		@ args = 0, pretend = 0, frame = 0
 203              		@ frame_needed = 0, uses_anonymous_args = 0
 204 00b0 10B5     		push	{r4, lr}
 205              		.cfi_def_cfa_offset 8
 206              		.cfi_offset 4, -8
 207              		.cfi_offset 14, -4
 260:Generated_Source\PSoC4/cyfitter_cfg.c **** 	/* Disable interrupts by default. Let user enable if/when they want. */
 261:Generated_Source\PSoC4/cyfitter_cfg.c **** 	CyGlobalIntDisable;
 208              		.loc 1 261 0
 209              		.syntax divided
 210              	@ 261 "Generated_Source\PSoC4\cyfitter_cfg.c" 1
 211 00b2 72B6     		CPSID   i
 212              	@ 0 "" 2
 213              	.LVL8:
 214              		.thumb
 215              		.syntax unified
 216              	.LBB2:
 262:Generated_Source\PSoC4/cyfitter_cfg.c **** 
 263:Generated_Source\PSoC4/cyfitter_cfg.c **** 	{
 264:Generated_Source\PSoC4/cyfitter_cfg.c **** 
 265:Generated_Source\PSoC4/cyfitter_cfg.c **** 		CYPACKED typedef struct {
 266:Generated_Source\PSoC4/cyfitter_cfg.c **** 			void CYFAR *address;
 267:Generated_Source\PSoC4/cyfitter_cfg.c **** 			uint16 size;
 268:Generated_Source\PSoC4/cyfitter_cfg.c **** 		} CYPACKED_ATTR cfg_memset_t;
 269:Generated_Source\PSoC4/cyfitter_cfg.c **** 
 270:Generated_Source\PSoC4/cyfitter_cfg.c **** 		static const cfg_memset_t CYCODE cfg_memset_list[] = {
 271:Generated_Source\PSoC4/cyfitter_cfg.c **** 			/* address, size */
 272:Generated_Source\PSoC4/cyfitter_cfg.c **** 			{(void CYFAR *)(CYDEV_UDB_P0_U0_BASE), 1024u},
 273:Generated_Source\PSoC4/cyfitter_cfg.c **** 			{(void CYFAR *)(CYDEV_UDB_DSI0_BASE), 1024u},
 274:Generated_Source\PSoC4/cyfitter_cfg.c **** 		};
ARM GAS  C:\Users\tsien\AppData\Local\Temp\ccn9EKTn.s 			page 10


 275:Generated_Source\PSoC4/cyfitter_cfg.c **** 
 276:Generated_Source\PSoC4/cyfitter_cfg.c **** 		uint8 CYDATA i;
 277:Generated_Source\PSoC4/cyfitter_cfg.c **** 
 278:Generated_Source\PSoC4/cyfitter_cfg.c **** 		/* Zero out critical memory blocks before beginning configuration */
 279:Generated_Source\PSoC4/cyfitter_cfg.c **** 		for (i = 0u; i < (sizeof(cfg_memset_list)/sizeof(cfg_memset_list[0])); i++)
 217              		.loc 1 279 0
 218 00b4 0024     		movs	r4, #0
 219 00b6 0FE0     		b	.L9
 220              	.LVL9:
 221              	.L10:
 222              	.LBB3:
 280:Generated_Source\PSoC4/cyfitter_cfg.c **** 		{
 281:Generated_Source\PSoC4/cyfitter_cfg.c **** 			const cfg_memset_t CYCODE * CYDATA ms = &cfg_memset_list[i];
 282:Generated_Source\PSoC4/cyfitter_cfg.c **** 			CYMEMZERO(ms->address, (size_t)(uint32)(ms->size));
 223              		.loc 1 282 0 discriminator 3
 224 00b8 2448     		ldr	r0, .L11
 225 00ba 6200     		lsls	r2, r4, #1
 226 00bc 1319     		adds	r3, r2, r4
 227 00be 5900     		lsls	r1, r3, #1
 228 00c0 0B00     		movs	r3, r1
 229 00c2 4118     		adds	r1, r0, r1
 230 00c4 8988     		ldrh	r1, [r1, #4]
 231 00c6 1A5A     		ldrh	r2, [r3, r0]
 232 00c8 C318     		adds	r3, r0, r3
 233 00ca 5888     		ldrh	r0, [r3, #2]
 234 00cc 0004     		lsls	r0, r0, #16
 235 00ce 1043     		orrs	r0, r2
 236 00d0 FFF7FEFF 		bl	CYMEMZERO
 237              	.LVL10:
 238              	.LBE3:
 279:Generated_Source\PSoC4/cyfitter_cfg.c **** 		{
 239              		.loc 1 279 0 discriminator 3
 240 00d4 0134     		adds	r4, r4, #1
 241              	.LVL11:
 242 00d6 E4B2     		uxtb	r4, r4
 243              	.LVL12:
 244              	.L9:
 279:Generated_Source\PSoC4/cyfitter_cfg.c **** 		{
 245              		.loc 1 279 0 is_stmt 0 discriminator 1
 246 00d8 012C     		cmp	r4, #1
 247 00da EDD9     		bls	.L10
 283:Generated_Source\PSoC4/cyfitter_cfg.c **** 		}
 284:Generated_Source\PSoC4/cyfitter_cfg.c **** 
 285:Generated_Source\PSoC4/cyfitter_cfg.c **** 		/* HSIOM Starting address: CYDEV_HSIOM_BASE */
 286:Generated_Source\PSoC4/cyfitter_cfg.c **** 		CY_SET_REG32((void *)(CYDEV_HSIOM_BASE), 0x080000AAu);
 248              		.loc 1 286 0 is_stmt 1
 249 00dc 1C4A     		ldr	r2, .L11+4
 250 00de 1D4B     		ldr	r3, .L11+8
 251 00e0 1A60     		str	r2, [r3]
 287:Generated_Source\PSoC4/cyfitter_cfg.c **** 		CY_SET_REG32((void *)(CYREG_HSIOM_PORT_SEL1), 0x000000EEu);
 252              		.loc 1 287 0
 253 00e2 EE22     		movs	r2, #238
 254 00e4 1C4B     		ldr	r3, .L11+12
 255 00e6 1A60     		str	r2, [r3]
 288:Generated_Source\PSoC4/cyfitter_cfg.c **** 		CY_SET_REG32((void *)(CYREG_HSIOM_PORT_SEL3), 0x0000EE00u);
 256              		.loc 1 288 0
 257 00e8 EE22     		movs	r2, #238
ARM GAS  C:\Users\tsien\AppData\Local\Temp\ccn9EKTn.s 			page 11


 258 00ea 1202     		lsls	r2, r2, #8
 259 00ec 1B4B     		ldr	r3, .L11+16
 260 00ee 1A60     		str	r2, [r3]
 289:Generated_Source\PSoC4/cyfitter_cfg.c **** 		CY_SET_REG32((void *)(CYREG_HSIOM_PORT_SEL7), 0x00000099u);
 261              		.loc 1 289 0
 262 00f0 9922     		movs	r2, #153
 263 00f2 1B4B     		ldr	r3, .L11+20
 264 00f4 1A60     		str	r2, [r3]
 290:Generated_Source\PSoC4/cyfitter_cfg.c **** 
 291:Generated_Source\PSoC4/cyfitter_cfg.c **** 		/* UDB_PA_0 Starting address: CYDEV_UDB_PA0_BASE */
 292:Generated_Source\PSoC4/cyfitter_cfg.c **** 		CY_SET_REG32((void *)(CYDEV_UDB_PA0_BASE), 0x00990000u);
 265              		.loc 1 292 0
 266 00f6 9923     		movs	r3, #153
 267 00f8 1B04     		lsls	r3, r3, #16
 268 00fa 1A4A     		ldr	r2, .L11+24
 269 00fc 1360     		str	r3, [r2]
 293:Generated_Source\PSoC4/cyfitter_cfg.c **** 
 294:Generated_Source\PSoC4/cyfitter_cfg.c **** 		/* UDB_PA_1 Starting address: CYDEV_UDB_PA1_BASE */
 295:Generated_Source\PSoC4/cyfitter_cfg.c **** 		CY_SET_REG32((void *)(CYDEV_UDB_PA1_BASE), 0x00990000u);
 270              		.loc 1 295 0
 271 00fe 1A4A     		ldr	r2, .L11+28
 272 0100 1360     		str	r3, [r2]
 296:Generated_Source\PSoC4/cyfitter_cfg.c **** 
 297:Generated_Source\PSoC4/cyfitter_cfg.c **** 		/* UDB_PA_3 Starting address: CYDEV_UDB_PA3_BASE */
 298:Generated_Source\PSoC4/cyfitter_cfg.c **** 		CY_SET_REG32((void *)(CYDEV_UDB_PA3_BASE), 0x00990000u);
 273              		.loc 1 298 0
 274 0102 1A4A     		ldr	r2, .L11+32
 275 0104 1360     		str	r3, [r2]
 299:Generated_Source\PSoC4/cyfitter_cfg.c **** 
 300:Generated_Source\PSoC4/cyfitter_cfg.c **** 		/* Enable digital routing */
 301:Generated_Source\PSoC4/cyfitter_cfg.c **** 		CY_SET_XTND_REG8((void *)CYREG_UDB_UDBIF_BANK_CTL, (uint8)(CY_GET_XTND_REG8((void *)CYREG_UDB_UDB
 276              		.loc 1 301 0
 277 0106 1A4A     		ldr	r2, .L11+36
 278 0108 1178     		ldrb	r1, [r2]
 279 010a 0623     		movs	r3, #6
 280 010c 0B43     		orrs	r3, r1
 281 010e DBB2     		uxtb	r3, r3
 282 0110 1370     		strb	r3, [r2]
 283              	.LBE2:
 302:Generated_Source\PSoC4/cyfitter_cfg.c **** 	}
 303:Generated_Source\PSoC4/cyfitter_cfg.c **** 
 304:Generated_Source\PSoC4/cyfitter_cfg.c **** 	/* Perform second pass device configuration. These items must be configured in specific order afte
 305:Generated_Source\PSoC4/cyfitter_cfg.c **** 	/* IOPINS0_0 Starting address: CYDEV_GPIO_PRT0_BASE */
 306:Generated_Source\PSoC4/cyfitter_cfg.c **** 	CY_SET_REG32((void *)(CYDEV_GPIO_PRT0_BASE), 0x00000002u);
 284              		.loc 1 306 0
 285 0112 0223     		movs	r3, #2
 286 0114 174A     		ldr	r2, .L11+40
 287 0116 1360     		str	r3, [r2]
 307:Generated_Source\PSoC4/cyfitter_cfg.c **** 	CY_SET_REG32((void *)(CYREG_GPIO_PRT0_PC), 0x00040031u);
 288              		.loc 1 307 0
 289 0118 1749     		ldr	r1, .L11+44
 290 011a 184A     		ldr	r2, .L11+48
 291 011c 1160     		str	r1, [r2]
 308:Generated_Source\PSoC4/cyfitter_cfg.c **** 
 309:Generated_Source\PSoC4/cyfitter_cfg.c **** 	/* IOPINS0_1 Starting address: CYDEV_GPIO_PRT1_BASE */
 310:Generated_Source\PSoC4/cyfitter_cfg.c **** 	CY_SET_REG32((void *)(CYDEV_GPIO_PRT1_BASE), 0x00000003u);
 292              		.loc 1 310 0
ARM GAS  C:\Users\tsien\AppData\Local\Temp\ccn9EKTn.s 			page 12


 293 011e 0321     		movs	r1, #3
 294 0120 174A     		ldr	r2, .L11+52
 295 0122 1160     		str	r1, [r2]
 311:Generated_Source\PSoC4/cyfitter_cfg.c **** 	CY_SET_REG32((void *)(CYREG_GPIO_PRT1_PC), 0x00000024u);
 296              		.loc 1 311 0
 297 0124 2131     		adds	r1, r1, #33
 298 0126 174A     		ldr	r2, .L11+56
 299 0128 1160     		str	r1, [r2]
 312:Generated_Source\PSoC4/cyfitter_cfg.c **** 
 313:Generated_Source\PSoC4/cyfitter_cfg.c **** 	/* IOPINS0_3 Starting address: CYDEV_GPIO_PRT3_BASE */
 314:Generated_Source\PSoC4/cyfitter_cfg.c **** 	CY_SET_REG32((void *)(CYREG_GPIO_PRT3_PC), 0x00000D80u);
 300              		.loc 1 314 0
 301 012a D821     		movs	r1, #216
 302 012c 0901     		lsls	r1, r1, #4
 303 012e 164A     		ldr	r2, .L11+60
 304 0130 1160     		str	r1, [r2]
 315:Generated_Source\PSoC4/cyfitter_cfg.c **** 
 316:Generated_Source\PSoC4/cyfitter_cfg.c **** 	/* IOPINS0_7 Starting address: CYDEV_GPIO_PRT7_BASE */
 317:Generated_Source\PSoC4/cyfitter_cfg.c **** 	CY_SET_REG32((void *)(CYDEV_GPIO_PRT7_BASE), 0x00000002u);
 305              		.loc 1 317 0
 306 0132 164A     		ldr	r2, .L11+64
 307 0134 1360     		str	r3, [r2]
 318:Generated_Source\PSoC4/cyfitter_cfg.c **** 	CY_SET_REG32((void *)(CYREG_GPIO_PRT7_PC), 0x00000031u);
 308              		.loc 1 318 0
 309 0136 3121     		movs	r1, #49
 310 0138 154A     		ldr	r2, .L11+68
 311 013a 1160     		str	r1, [r2]
 319:Generated_Source\PSoC4/cyfitter_cfg.c **** 	CY_SET_REG32((void *)(CYREG_GPIO_PRT7_PC2), 0x00000002u);
 312              		.loc 1 319 0
 313 013c 154A     		ldr	r2, .L11+72
 314 013e 1360     		str	r3, [r2]
 320:Generated_Source\PSoC4/cyfitter_cfg.c **** 
 321:Generated_Source\PSoC4/cyfitter_cfg.c **** 
 322:Generated_Source\PSoC4/cyfitter_cfg.c **** 	/* Setup clocks based on selections from Clock DWR */
 323:Generated_Source\PSoC4/cyfitter_cfg.c **** 	ClockSetup();
 315              		.loc 1 323 0
 316 0140 FFF75EFF 		bl	ClockSetup
 317              	.LVL13:
 324:Generated_Source\PSoC4/cyfitter_cfg.c **** 
 325:Generated_Source\PSoC4/cyfitter_cfg.c **** 	/* Perform basic analog initialization to defaults */
 326:Generated_Source\PSoC4/cyfitter_cfg.c **** 	AnalogSetDefault();
 318              		.loc 1 326 0
 319 0144 FFF7FEFF 		bl	AnalogSetDefault
 320              	.LVL14:
 327:Generated_Source\PSoC4/cyfitter_cfg.c **** 
 328:Generated_Source\PSoC4/cyfitter_cfg.c **** }
 321              		.loc 1 328 0
 322              		@ sp needed
 323              	.LVL15:
 324 0148 10BD     		pop	{r4, pc}
 325              	.L12:
 326 014a C046     		.align	2
 327              	.L11:
 328 014c 00000000 		.word	.LANCHOR0
 329 0150 AA000008 		.word	134217898
 330 0154 00000240 		.word	1073872896
 331 0158 00010240 		.word	1073873152
ARM GAS  C:\Users\tsien\AppData\Local\Temp\ccn9EKTn.s 			page 13


 332 015c 00030240 		.word	1073873664
 333 0160 00070240 		.word	1073874688
 334 0164 00500F40 		.word	1074745344
 335 0168 10500F40 		.word	1074745360
 336 016c 30500F40 		.word	1074745392
 337 0170 00700F40 		.word	1074753536
 338 0174 00000440 		.word	1074003968
 339 0178 31000400 		.word	262193
 340 017c 08000440 		.word	1074003976
 341 0180 00010440 		.word	1074004224
 342 0184 08010440 		.word	1074004232
 343 0188 08030440 		.word	1074004744
 344 018c 00070440 		.word	1074005760
 345 0190 08070440 		.word	1074005768
 346 0194 18070440 		.word	1074005784
 347              		.cfi_endproc
 348              	.LFE6:
 349              		.size	cyfitter_cfg, .-cyfitter_cfg
 350              		.section	.rodata
 351              		.align	2
 352              		.set	.LANCHOR0,. + 0
 353              		.type	cfg_memset_list.4888, %object
 354              		.size	cfg_memset_list.4888, 12
 355              	cfg_memset_list.4888:
 356 0000 00300F40 		.word	1074737152
 357 0004 0004     		.short	1024
 358 0006 00400F40 		.4byte	1074741248
 359 000a 0004     		.short	1024
 360              		.text
 361              	.Letext0:
 362              		.file 2 "c:\\program files (x86)\\cypress\\psoc creator\\4.4\\psoc creator\\import\\gnu\\arm\\5.4.
 363              		.file 3 "Generated_Source\\PSoC4\\cytypes.h"
 364              		.file 4 "Generated_Source\\PSoC4\\CyLFClk.h"
 365              		.file 5 "Generated_Source\\PSoC4\\CyLib.h"
 366              		.section	.debug_info,"",%progbits
 367              	.Ldebug_info0:
 368 0000 BD020000 		.4byte	0x2bd
 369 0004 0400     		.2byte	0x4
 370 0006 00000000 		.4byte	.Ldebug_abbrev0
 371 000a 04       		.byte	0x4
 372 000b 01       		.uleb128 0x1
 373 000c 0D010000 		.4byte	.LASF31
 374 0010 0C       		.byte	0xc
 375 0011 81020000 		.4byte	.LASF32
 376 0015 E3010000 		.4byte	.LASF33
 377 0019 00000000 		.4byte	.Ldebug_ranges0+0
 378 001d 00000000 		.4byte	0
 379 0021 00000000 		.4byte	.Ldebug_line0
 380 0025 02       		.uleb128 0x2
 381 0026 04       		.byte	0x4
 382 0027 05       		.byte	0x5
 383 0028 696E7400 		.ascii	"int\000"
 384 002c 03       		.uleb128 0x3
 385 002d 06000000 		.4byte	.LASF12
 386 0031 02       		.byte	0x2
 387 0032 D8       		.byte	0xd8
 388 0033 37000000 		.4byte	0x37
ARM GAS  C:\Users\tsien\AppData\Local\Temp\ccn9EKTn.s 			page 14


 389 0037 04       		.uleb128 0x4
 390 0038 04       		.byte	0x4
 391 0039 07       		.byte	0x7
 392 003a D4000000 		.4byte	.LASF0
 393 003e 04       		.uleb128 0x4
 394 003f 08       		.byte	0x8
 395 0040 05       		.byte	0x5
 396 0041 B1010000 		.4byte	.LASF1
 397 0045 04       		.uleb128 0x4
 398 0046 08       		.byte	0x8
 399 0047 04       		.byte	0x4
 400 0048 69020000 		.4byte	.LASF2
 401 004c 04       		.uleb128 0x4
 402 004d 01       		.byte	0x1
 403 004e 06       		.byte	0x6
 404 004f 75020000 		.4byte	.LASF3
 405 0053 04       		.uleb128 0x4
 406 0054 01       		.byte	0x1
 407 0055 08       		.byte	0x8
 408 0056 9E000000 		.4byte	.LASF4
 409 005a 04       		.uleb128 0x4
 410 005b 02       		.byte	0x2
 411 005c 05       		.byte	0x5
 412 005d C4010000 		.4byte	.LASF5
 413 0061 04       		.uleb128 0x4
 414 0062 02       		.byte	0x2
 415 0063 07       		.byte	0x7
 416 0064 48000000 		.4byte	.LASF6
 417 0068 04       		.uleb128 0x4
 418 0069 04       		.byte	0x4
 419 006a 05       		.byte	0x5
 420 006b 60020000 		.4byte	.LASF7
 421 006f 04       		.uleb128 0x4
 422 0070 04       		.byte	0x4
 423 0071 07       		.byte	0x7
 424 0072 6B000000 		.4byte	.LASF8
 425 0076 04       		.uleb128 0x4
 426 0077 08       		.byte	0x8
 427 0078 07       		.byte	0x7
 428 0079 F6000000 		.4byte	.LASF9
 429 007d 04       		.uleb128 0x4
 430 007e 04       		.byte	0x4
 431 007f 07       		.byte	0x7
 432 0080 A8010000 		.4byte	.LASF10
 433 0084 05       		.uleb128 0x5
 434 0085 04       		.byte	0x4
 435 0086 04       		.uleb128 0x4
 436 0087 01       		.byte	0x1
 437 0088 08       		.byte	0x8
 438 0089 BF010000 		.4byte	.LASF11
 439 008d 06       		.uleb128 0x6
 440 008e 7D000000 		.4byte	.LASF13
 441 0092 03       		.byte	0x3
 442 0093 FB01     		.2byte	0x1fb
 443 0095 53000000 		.4byte	0x53
 444 0099 06       		.uleb128 0x6
 445 009a C6000000 		.4byte	.LASF14
ARM GAS  C:\Users\tsien\AppData\Local\Temp\ccn9EKTn.s 			page 15


 446 009e 03       		.byte	0x3
 447 009f FC01     		.2byte	0x1fc
 448 00a1 61000000 		.4byte	0x61
 449 00a5 06       		.uleb128 0x6
 450 00a6 CD000000 		.4byte	.LASF15
 451 00aa 03       		.byte	0x3
 452 00ab FD01     		.2byte	0x1fd
 453 00ad 6F000000 		.4byte	0x6f
 454 00b1 04       		.uleb128 0x4
 455 00b2 04       		.byte	0x4
 456 00b3 04       		.byte	0x4
 457 00b4 5B000000 		.4byte	.LASF16
 458 00b8 04       		.uleb128 0x4
 459 00b9 08       		.byte	0x8
 460 00ba 04       		.byte	0x4
 461 00bb B3000000 		.4byte	.LASF17
 462 00bf 06       		.uleb128 0x6
 463 00c0 66000000 		.4byte	.LASF18
 464 00c4 03       		.byte	0x3
 465 00c5 A502     		.2byte	0x2a5
 466 00c7 CB000000 		.4byte	0xcb
 467 00cb 07       		.uleb128 0x7
 468 00cc 8D000000 		.4byte	0x8d
 469 00d0 06       		.uleb128 0x6
 470 00d1 00000000 		.4byte	.LASF19
 471 00d5 03       		.byte	0x3
 472 00d6 A702     		.2byte	0x2a7
 473 00d8 DC000000 		.4byte	0xdc
 474 00dc 07       		.uleb128 0x7
 475 00dd A5000000 		.4byte	0xa5
 476 00e1 08       		.uleb128 0x8
 477 00e2 0D000000 		.4byte	.LASF34
 478 00e6 01       		.byte	0x1
 479 00e7 E7       		.byte	0xe7
 480 00e8 00000000 		.4byte	.LFB5
 481 00ec 20000000 		.4byte	.LFE5-.LFB5
 482 00f0 01       		.uleb128 0x1
 483 00f1 9C       		.byte	0x9c
 484 00f2 09       		.uleb128 0x9
 485 00f3 94000000 		.4byte	.LASF20
 486 00f7 01       		.byte	0x1
 487 00f8 4C       		.byte	0x4c
 488 00f9 00000000 		.4byte	.LFB1
 489 00fd 0C000000 		.4byte	.LFE1-.LFB1
 490 0101 01       		.uleb128 0x1
 491 0102 9C       		.byte	0x9c
 492 0103 3F010000 		.4byte	0x13f
 493 0107 0A       		.uleb128 0xa
 494 0108 7300     		.ascii	"s\000"
 495 010a 01       		.byte	0x1
 496 010b 4C       		.byte	0x4c
 497 010c 84000000 		.4byte	0x84
 498 0110 00000000 		.4byte	.LLST0
 499 0114 0A       		.uleb128 0xa
 500 0115 6E00     		.ascii	"n\000"
 501 0117 01       		.byte	0x1
 502 0118 4C       		.byte	0x4c
ARM GAS  C:\Users\tsien\AppData\Local\Temp\ccn9EKTn.s 			page 16


 503 0119 2C000000 		.4byte	0x2c
 504 011d 21000000 		.4byte	.LLST1
 505 0121 0B       		.uleb128 0xb
 506 0122 0A000000 		.4byte	.LVL2
 507 0126 80020000 		.4byte	0x280
 508 012a 0C       		.uleb128 0xc
 509 012b 01       		.uleb128 0x1
 510 012c 50       		.byte	0x50
 511 012d 03       		.uleb128 0x3
 512 012e F3       		.byte	0xf3
 513 012f 01       		.uleb128 0x1
 514 0130 50       		.byte	0x50
 515 0131 0C       		.uleb128 0xc
 516 0132 01       		.uleb128 0x1
 517 0133 51       		.byte	0x51
 518 0134 01       		.uleb128 0x1
 519 0135 30       		.byte	0x30
 520 0136 0C       		.uleb128 0xc
 521 0137 01       		.uleb128 0x1
 522 0138 52       		.byte	0x52
 523 0139 03       		.uleb128 0x3
 524 013a F3       		.byte	0xf3
 525 013b 01       		.uleb128 0x1
 526 013c 51       		.byte	0x51
 527 013d 00       		.byte	0
 528 013e 00       		.byte	0
 529 013f 09       		.uleb128 0x9
 530 0140 3D000000 		.4byte	.LASF21
 531 0144 01       		.byte	0x1
 532 0145 AA       		.byte	0xaa
 533 0146 00000000 		.4byte	.LFB4
 534 014a B0000000 		.4byte	.LFE4-.LFB4
 535 014e 01       		.uleb128 0x1
 536 014f 9C       		.byte	0x9c
 537 0150 9D010000 		.4byte	0x19d
 538 0154 0D       		.uleb128 0xd
 539 0155 0C000000 		.4byte	.LVL3
 540 0159 89020000 		.4byte	0x289
 541 015d 0E       		.uleb128 0xe
 542 015e 12000000 		.4byte	.LVL4
 543 0162 94020000 		.4byte	0x294
 544 0166 71010000 		.4byte	0x171
 545 016a 0C       		.uleb128 0xc
 546 016b 01       		.uleb128 0x1
 547 016c 50       		.byte	0x50
 548 016d 02       		.uleb128 0x2
 549 016e 08       		.byte	0x8
 550 016f 30       		.byte	0x30
 551 0170 00       		.byte	0
 552 0171 0D       		.uleb128 0xd
 553 0172 16000000 		.4byte	.LVL5
 554 0176 9F020000 		.4byte	0x29f
 555 017a 0E       		.uleb128 0xe
 556 017b 5E000000 		.4byte	.LVL6
 557 017f AA020000 		.4byte	0x2aa
 558 0183 8D010000 		.4byte	0x18d
 559 0187 0C       		.uleb128 0xc
ARM GAS  C:\Users\tsien\AppData\Local\Temp\ccn9EKTn.s 			page 17


 560 0188 01       		.uleb128 0x1
 561 0189 50       		.byte	0x50
 562 018a 01       		.uleb128 0x1
 563 018b 37       		.byte	0x37
 564 018c 00       		.byte	0
 565 018d 0B       		.uleb128 0xb
 566 018e 64000000 		.4byte	.LVL7
 567 0192 B5020000 		.4byte	0x2b5
 568 0196 0C       		.uleb128 0xc
 569 0197 01       		.uleb128 0x1
 570 0198 50       		.byte	0x50
 571 0199 01       		.uleb128 0x1
 572 019a 37       		.byte	0x37
 573 019b 00       		.byte	0
 574 019c 00       		.byte	0
 575 019d 0F       		.uleb128 0xf
 576 019e E1000000 		.4byte	.LASF35
 577 01a2 01       		.byte	0x1
 578 01a3 0201     		.2byte	0x102
 579 01a5 B0000000 		.4byte	.LFB6
 580 01a9 E8000000 		.4byte	.LFE6-.LFB6
 581 01ad 01       		.uleb128 0x1
 582 01ae 9C       		.byte	0x9c
 583 01af 80020000 		.4byte	0x280
 584 01b3 10       		.uleb128 0x10
 585 01b4 B4000000 		.4byte	.LBB2
 586 01b8 5E000000 		.4byte	.LBE2-.LBB2
 587 01bc 6D020000 		.4byte	0x26d
 588 01c0 11       		.uleb128 0x11
 589 01c1 06       		.byte	0x6
 590 01c2 01       		.byte	0x1
 591 01c3 0901     		.2byte	0x109
 592 01c5 E4010000 		.4byte	0x1e4
 593 01c9 12       		.uleb128 0x12
 594 01ca EE000000 		.4byte	.LASF22
 595 01ce 01       		.byte	0x1
 596 01cf 0A01     		.2byte	0x10a
 597 01d1 84000000 		.4byte	0x84
 598 01d5 00       		.byte	0
 599 01d6 12       		.uleb128 0x12
 600 01d7 61000000 		.4byte	.LASF23
 601 01db 01       		.byte	0x1
 602 01dc 0B01     		.2byte	0x10b
 603 01de 99000000 		.4byte	0x99
 604 01e2 04       		.byte	0x4
 605 01e3 00       		.byte	0
 606 01e4 06       		.uleb128 0x6
 607 01e5 9B010000 		.4byte	.LASF24
 608 01e9 01       		.byte	0x1
 609 01ea 0C01     		.2byte	0x10c
 610 01ec C0010000 		.4byte	0x1c0
 611 01f0 13       		.uleb128 0x13
 612 01f1 00020000 		.4byte	0x200
 613 01f5 00020000 		.4byte	0x200
 614 01f9 14       		.uleb128 0x14
 615 01fa 7D000000 		.4byte	0x7d
 616 01fe 01       		.byte	0x1
ARM GAS  C:\Users\tsien\AppData\Local\Temp\ccn9EKTn.s 			page 18


 617 01ff 00       		.byte	0
 618 0200 15       		.uleb128 0x15
 619 0201 E4010000 		.4byte	0x1e4
 620 0205 16       		.uleb128 0x16
 621 0206 2D000000 		.4byte	.LASF25
 622 020a 01       		.byte	0x1
 623 020b 0E01     		.2byte	0x10e
 624 020d 17020000 		.4byte	0x217
 625 0211 05       		.uleb128 0x5
 626 0212 03       		.byte	0x3
 627 0213 00000000 		.4byte	cfg_memset_list.4888
 628 0217 15       		.uleb128 0x15
 629 0218 F0010000 		.4byte	0x1f0
 630 021c 17       		.uleb128 0x17
 631 021d 6900     		.ascii	"i\000"
 632 021f 01       		.byte	0x1
 633 0220 1401     		.2byte	0x114
 634 0222 8D000000 		.4byte	0x8d
 635 0226 4D000000 		.4byte	.LLST2
 636 022a 18       		.uleb128 0x18
 637 022b B8000000 		.4byte	.LBB3
 638 022f 1C000000 		.4byte	.LBE3-.LBB3
 639 0233 17       		.uleb128 0x17
 640 0234 6D7300   		.ascii	"ms\000"
 641 0237 01       		.byte	0x1
 642 0238 1901     		.2byte	0x119
 643 023a 42020000 		.4byte	0x242
 644 023e 77000000 		.4byte	.LLST3
 645 0242 19       		.uleb128 0x19
 646 0243 04       		.byte	0x4
 647 0244 00020000 		.4byte	0x200
 648 0248 0B       		.uleb128 0xb
 649 0249 D4000000 		.4byte	.LVL10
 650 024d F2000000 		.4byte	0xf2
 651 0251 0C       		.uleb128 0xc
 652 0252 01       		.uleb128 0x1
 653 0253 51       		.byte	0x51
 654 0254 15       		.uleb128 0x15
 655 0255 74       		.byte	0x74
 656 0256 00       		.sleb128 0
 657 0257 31       		.byte	0x31
 658 0258 24       		.byte	0x24
 659 0259 74       		.byte	0x74
 660 025a 00       		.sleb128 0
 661 025b 22       		.byte	0x22
 662 025c 31       		.byte	0x31
 663 025d 24       		.byte	0x24
 664 025e 03       		.byte	0x3
 665 025f 04000000 		.4byte	.LANCHOR0+4
 666 0263 22       		.byte	0x22
 667 0264 94       		.byte	0x94
 668 0265 02       		.byte	0x2
 669 0266 0A       		.byte	0xa
 670 0267 FFFF     		.2byte	0xffff
 671 0269 1A       		.byte	0x1a
 672 026a 00       		.byte	0
 673 026b 00       		.byte	0
ARM GAS  C:\Users\tsien\AppData\Local\Temp\ccn9EKTn.s 			page 19


 674 026c 00       		.byte	0
 675 026d 0D       		.uleb128 0xd
 676 026e 44010000 		.4byte	.LVL13
 677 0272 3F010000 		.4byte	0x13f
 678 0276 0D       		.uleb128 0xd
 679 0277 48010000 		.4byte	.LVL14
 680 027b E1000000 		.4byte	0xe1
 681 027f 00       		.byte	0
 682 0280 1A       		.uleb128 0x1a
 683 0281 AC000000 		.4byte	.LASF36
 684 0285 AC000000 		.4byte	.LASF36
 685 0289 1B       		.uleb128 0x1b
 686 028a 83000000 		.4byte	.LASF26
 687 028e 83000000 		.4byte	.LASF26
 688 0292 04       		.byte	0x4
 689 0293 4E       		.byte	0x4e
 690 0294 1B       		.uleb128 0x1b
 691 0295 CE010000 		.4byte	.LASF27
 692 0299 CE010000 		.4byte	.LASF27
 693 029d 05       		.byte	0x5
 694 029e 6C       		.byte	0x6c
 695 029f 1B       		.uleb128 0x1b
 696 02a0 47020000 		.4byte	.LASF28
 697 02a4 47020000 		.4byte	.LASF28
 698 02a8 05       		.byte	0x5
 699 02a9 5C       		.byte	0x5c
 700 02aa 1B       		.uleb128 0x1b
 701 02ab 1E000000 		.4byte	.LASF29
 702 02af 1E000000 		.4byte	.LASF29
 703 02b3 05       		.byte	0x5
 704 02b4 D0       		.byte	0xd0
 705 02b5 1B       		.uleb128 0x1b
 706 02b6 BA000000 		.4byte	.LASF30
 707 02ba BA000000 		.4byte	.LASF30
 708 02be 05       		.byte	0x5
 709 02bf D6       		.byte	0xd6
 710 02c0 00       		.byte	0
 711              		.section	.debug_abbrev,"",%progbits
 712              	.Ldebug_abbrev0:
 713 0000 01       		.uleb128 0x1
 714 0001 11       		.uleb128 0x11
 715 0002 01       		.byte	0x1
 716 0003 25       		.uleb128 0x25
 717 0004 0E       		.uleb128 0xe
 718 0005 13       		.uleb128 0x13
 719 0006 0B       		.uleb128 0xb
 720 0007 03       		.uleb128 0x3
 721 0008 0E       		.uleb128 0xe
 722 0009 1B       		.uleb128 0x1b
 723 000a 0E       		.uleb128 0xe
 724 000b 55       		.uleb128 0x55
 725 000c 17       		.uleb128 0x17
 726 000d 11       		.uleb128 0x11
 727 000e 01       		.uleb128 0x1
 728 000f 10       		.uleb128 0x10
 729 0010 17       		.uleb128 0x17
 730 0011 00       		.byte	0
ARM GAS  C:\Users\tsien\AppData\Local\Temp\ccn9EKTn.s 			page 20


 731 0012 00       		.byte	0
 732 0013 02       		.uleb128 0x2
 733 0014 24       		.uleb128 0x24
 734 0015 00       		.byte	0
 735 0016 0B       		.uleb128 0xb
 736 0017 0B       		.uleb128 0xb
 737 0018 3E       		.uleb128 0x3e
 738 0019 0B       		.uleb128 0xb
 739 001a 03       		.uleb128 0x3
 740 001b 08       		.uleb128 0x8
 741 001c 00       		.byte	0
 742 001d 00       		.byte	0
 743 001e 03       		.uleb128 0x3
 744 001f 16       		.uleb128 0x16
 745 0020 00       		.byte	0
 746 0021 03       		.uleb128 0x3
 747 0022 0E       		.uleb128 0xe
 748 0023 3A       		.uleb128 0x3a
 749 0024 0B       		.uleb128 0xb
 750 0025 3B       		.uleb128 0x3b
 751 0026 0B       		.uleb128 0xb
 752 0027 49       		.uleb128 0x49
 753 0028 13       		.uleb128 0x13
 754 0029 00       		.byte	0
 755 002a 00       		.byte	0
 756 002b 04       		.uleb128 0x4
 757 002c 24       		.uleb128 0x24
 758 002d 00       		.byte	0
 759 002e 0B       		.uleb128 0xb
 760 002f 0B       		.uleb128 0xb
 761 0030 3E       		.uleb128 0x3e
 762 0031 0B       		.uleb128 0xb
 763 0032 03       		.uleb128 0x3
 764 0033 0E       		.uleb128 0xe
 765 0034 00       		.byte	0
 766 0035 00       		.byte	0
 767 0036 05       		.uleb128 0x5
 768 0037 0F       		.uleb128 0xf
 769 0038 00       		.byte	0
 770 0039 0B       		.uleb128 0xb
 771 003a 0B       		.uleb128 0xb
 772 003b 00       		.byte	0
 773 003c 00       		.byte	0
 774 003d 06       		.uleb128 0x6
 775 003e 16       		.uleb128 0x16
 776 003f 00       		.byte	0
 777 0040 03       		.uleb128 0x3
 778 0041 0E       		.uleb128 0xe
 779 0042 3A       		.uleb128 0x3a
 780 0043 0B       		.uleb128 0xb
 781 0044 3B       		.uleb128 0x3b
 782 0045 05       		.uleb128 0x5
 783 0046 49       		.uleb128 0x49
 784 0047 13       		.uleb128 0x13
 785 0048 00       		.byte	0
 786 0049 00       		.byte	0
 787 004a 07       		.uleb128 0x7
ARM GAS  C:\Users\tsien\AppData\Local\Temp\ccn9EKTn.s 			page 21


 788 004b 35       		.uleb128 0x35
 789 004c 00       		.byte	0
 790 004d 49       		.uleb128 0x49
 791 004e 13       		.uleb128 0x13
 792 004f 00       		.byte	0
 793 0050 00       		.byte	0
 794 0051 08       		.uleb128 0x8
 795 0052 2E       		.uleb128 0x2e
 796 0053 00       		.byte	0
 797 0054 03       		.uleb128 0x3
 798 0055 0E       		.uleb128 0xe
 799 0056 3A       		.uleb128 0x3a
 800 0057 0B       		.uleb128 0xb
 801 0058 3B       		.uleb128 0x3b
 802 0059 0B       		.uleb128 0xb
 803 005a 27       		.uleb128 0x27
 804 005b 19       		.uleb128 0x19
 805 005c 11       		.uleb128 0x11
 806 005d 01       		.uleb128 0x1
 807 005e 12       		.uleb128 0x12
 808 005f 06       		.uleb128 0x6
 809 0060 40       		.uleb128 0x40
 810 0061 18       		.uleb128 0x18
 811 0062 9742     		.uleb128 0x2117
 812 0064 19       		.uleb128 0x19
 813 0065 00       		.byte	0
 814 0066 00       		.byte	0
 815 0067 09       		.uleb128 0x9
 816 0068 2E       		.uleb128 0x2e
 817 0069 01       		.byte	0x1
 818 006a 03       		.uleb128 0x3
 819 006b 0E       		.uleb128 0xe
 820 006c 3A       		.uleb128 0x3a
 821 006d 0B       		.uleb128 0xb
 822 006e 3B       		.uleb128 0x3b
 823 006f 0B       		.uleb128 0xb
 824 0070 27       		.uleb128 0x27
 825 0071 19       		.uleb128 0x19
 826 0072 11       		.uleb128 0x11
 827 0073 01       		.uleb128 0x1
 828 0074 12       		.uleb128 0x12
 829 0075 06       		.uleb128 0x6
 830 0076 40       		.uleb128 0x40
 831 0077 18       		.uleb128 0x18
 832 0078 9742     		.uleb128 0x2117
 833 007a 19       		.uleb128 0x19
 834 007b 01       		.uleb128 0x1
 835 007c 13       		.uleb128 0x13
 836 007d 00       		.byte	0
 837 007e 00       		.byte	0
 838 007f 0A       		.uleb128 0xa
 839 0080 05       		.uleb128 0x5
 840 0081 00       		.byte	0
 841 0082 03       		.uleb128 0x3
 842 0083 08       		.uleb128 0x8
 843 0084 3A       		.uleb128 0x3a
 844 0085 0B       		.uleb128 0xb
ARM GAS  C:\Users\tsien\AppData\Local\Temp\ccn9EKTn.s 			page 22


 845 0086 3B       		.uleb128 0x3b
 846 0087 0B       		.uleb128 0xb
 847 0088 49       		.uleb128 0x49
 848 0089 13       		.uleb128 0x13
 849 008a 02       		.uleb128 0x2
 850 008b 17       		.uleb128 0x17
 851 008c 00       		.byte	0
 852 008d 00       		.byte	0
 853 008e 0B       		.uleb128 0xb
 854 008f 898201   		.uleb128 0x4109
 855 0092 01       		.byte	0x1
 856 0093 11       		.uleb128 0x11
 857 0094 01       		.uleb128 0x1
 858 0095 31       		.uleb128 0x31
 859 0096 13       		.uleb128 0x13
 860 0097 00       		.byte	0
 861 0098 00       		.byte	0
 862 0099 0C       		.uleb128 0xc
 863 009a 8A8201   		.uleb128 0x410a
 864 009d 00       		.byte	0
 865 009e 02       		.uleb128 0x2
 866 009f 18       		.uleb128 0x18
 867 00a0 9142     		.uleb128 0x2111
 868 00a2 18       		.uleb128 0x18
 869 00a3 00       		.byte	0
 870 00a4 00       		.byte	0
 871 00a5 0D       		.uleb128 0xd
 872 00a6 898201   		.uleb128 0x4109
 873 00a9 00       		.byte	0
 874 00aa 11       		.uleb128 0x11
 875 00ab 01       		.uleb128 0x1
 876 00ac 31       		.uleb128 0x31
 877 00ad 13       		.uleb128 0x13
 878 00ae 00       		.byte	0
 879 00af 00       		.byte	0
 880 00b0 0E       		.uleb128 0xe
 881 00b1 898201   		.uleb128 0x4109
 882 00b4 01       		.byte	0x1
 883 00b5 11       		.uleb128 0x11
 884 00b6 01       		.uleb128 0x1
 885 00b7 31       		.uleb128 0x31
 886 00b8 13       		.uleb128 0x13
 887 00b9 01       		.uleb128 0x1
 888 00ba 13       		.uleb128 0x13
 889 00bb 00       		.byte	0
 890 00bc 00       		.byte	0
 891 00bd 0F       		.uleb128 0xf
 892 00be 2E       		.uleb128 0x2e
 893 00bf 01       		.byte	0x1
 894 00c0 3F       		.uleb128 0x3f
 895 00c1 19       		.uleb128 0x19
 896 00c2 03       		.uleb128 0x3
 897 00c3 0E       		.uleb128 0xe
 898 00c4 3A       		.uleb128 0x3a
 899 00c5 0B       		.uleb128 0xb
 900 00c6 3B       		.uleb128 0x3b
 901 00c7 05       		.uleb128 0x5
ARM GAS  C:\Users\tsien\AppData\Local\Temp\ccn9EKTn.s 			page 23


 902 00c8 27       		.uleb128 0x27
 903 00c9 19       		.uleb128 0x19
 904 00ca 11       		.uleb128 0x11
 905 00cb 01       		.uleb128 0x1
 906 00cc 12       		.uleb128 0x12
 907 00cd 06       		.uleb128 0x6
 908 00ce 40       		.uleb128 0x40
 909 00cf 18       		.uleb128 0x18
 910 00d0 9742     		.uleb128 0x2117
 911 00d2 19       		.uleb128 0x19
 912 00d3 01       		.uleb128 0x1
 913 00d4 13       		.uleb128 0x13
 914 00d5 00       		.byte	0
 915 00d6 00       		.byte	0
 916 00d7 10       		.uleb128 0x10
 917 00d8 0B       		.uleb128 0xb
 918 00d9 01       		.byte	0x1
 919 00da 11       		.uleb128 0x11
 920 00db 01       		.uleb128 0x1
 921 00dc 12       		.uleb128 0x12
 922 00dd 06       		.uleb128 0x6
 923 00de 01       		.uleb128 0x1
 924 00df 13       		.uleb128 0x13
 925 00e0 00       		.byte	0
 926 00e1 00       		.byte	0
 927 00e2 11       		.uleb128 0x11
 928 00e3 13       		.uleb128 0x13
 929 00e4 01       		.byte	0x1
 930 00e5 0B       		.uleb128 0xb
 931 00e6 0B       		.uleb128 0xb
 932 00e7 3A       		.uleb128 0x3a
 933 00e8 0B       		.uleb128 0xb
 934 00e9 3B       		.uleb128 0x3b
 935 00ea 05       		.uleb128 0x5
 936 00eb 01       		.uleb128 0x1
 937 00ec 13       		.uleb128 0x13
 938 00ed 00       		.byte	0
 939 00ee 00       		.byte	0
 940 00ef 12       		.uleb128 0x12
 941 00f0 0D       		.uleb128 0xd
 942 00f1 00       		.byte	0
 943 00f2 03       		.uleb128 0x3
 944 00f3 0E       		.uleb128 0xe
 945 00f4 3A       		.uleb128 0x3a
 946 00f5 0B       		.uleb128 0xb
 947 00f6 3B       		.uleb128 0x3b
 948 00f7 05       		.uleb128 0x5
 949 00f8 49       		.uleb128 0x49
 950 00f9 13       		.uleb128 0x13
 951 00fa 38       		.uleb128 0x38
 952 00fb 0B       		.uleb128 0xb
 953 00fc 00       		.byte	0
 954 00fd 00       		.byte	0
 955 00fe 13       		.uleb128 0x13
 956 00ff 01       		.uleb128 0x1
 957 0100 01       		.byte	0x1
 958 0101 49       		.uleb128 0x49
ARM GAS  C:\Users\tsien\AppData\Local\Temp\ccn9EKTn.s 			page 24


 959 0102 13       		.uleb128 0x13
 960 0103 01       		.uleb128 0x1
 961 0104 13       		.uleb128 0x13
 962 0105 00       		.byte	0
 963 0106 00       		.byte	0
 964 0107 14       		.uleb128 0x14
 965 0108 21       		.uleb128 0x21
 966 0109 00       		.byte	0
 967 010a 49       		.uleb128 0x49
 968 010b 13       		.uleb128 0x13
 969 010c 2F       		.uleb128 0x2f
 970 010d 0B       		.uleb128 0xb
 971 010e 00       		.byte	0
 972 010f 00       		.byte	0
 973 0110 15       		.uleb128 0x15
 974 0111 26       		.uleb128 0x26
 975 0112 00       		.byte	0
 976 0113 49       		.uleb128 0x49
 977 0114 13       		.uleb128 0x13
 978 0115 00       		.byte	0
 979 0116 00       		.byte	0
 980 0117 16       		.uleb128 0x16
 981 0118 34       		.uleb128 0x34
 982 0119 00       		.byte	0
 983 011a 03       		.uleb128 0x3
 984 011b 0E       		.uleb128 0xe
 985 011c 3A       		.uleb128 0x3a
 986 011d 0B       		.uleb128 0xb
 987 011e 3B       		.uleb128 0x3b
 988 011f 05       		.uleb128 0x5
 989 0120 49       		.uleb128 0x49
 990 0121 13       		.uleb128 0x13
 991 0122 02       		.uleb128 0x2
 992 0123 18       		.uleb128 0x18
 993 0124 00       		.byte	0
 994 0125 00       		.byte	0
 995 0126 17       		.uleb128 0x17
 996 0127 34       		.uleb128 0x34
 997 0128 00       		.byte	0
 998 0129 03       		.uleb128 0x3
 999 012a 08       		.uleb128 0x8
 1000 012b 3A       		.uleb128 0x3a
 1001 012c 0B       		.uleb128 0xb
 1002 012d 3B       		.uleb128 0x3b
 1003 012e 05       		.uleb128 0x5
 1004 012f 49       		.uleb128 0x49
 1005 0130 13       		.uleb128 0x13
 1006 0131 02       		.uleb128 0x2
 1007 0132 17       		.uleb128 0x17
 1008 0133 00       		.byte	0
 1009 0134 00       		.byte	0
 1010 0135 18       		.uleb128 0x18
 1011 0136 0B       		.uleb128 0xb
 1012 0137 01       		.byte	0x1
 1013 0138 11       		.uleb128 0x11
 1014 0139 01       		.uleb128 0x1
 1015 013a 12       		.uleb128 0x12
ARM GAS  C:\Users\tsien\AppData\Local\Temp\ccn9EKTn.s 			page 25


 1016 013b 06       		.uleb128 0x6
 1017 013c 00       		.byte	0
 1018 013d 00       		.byte	0
 1019 013e 19       		.uleb128 0x19
 1020 013f 0F       		.uleb128 0xf
 1021 0140 00       		.byte	0
 1022 0141 0B       		.uleb128 0xb
 1023 0142 0B       		.uleb128 0xb
 1024 0143 49       		.uleb128 0x49
 1025 0144 13       		.uleb128 0x13
 1026 0145 00       		.byte	0
 1027 0146 00       		.byte	0
 1028 0147 1A       		.uleb128 0x1a
 1029 0148 2E       		.uleb128 0x2e
 1030 0149 00       		.byte	0
 1031 014a 3F       		.uleb128 0x3f
 1032 014b 19       		.uleb128 0x19
 1033 014c 3C       		.uleb128 0x3c
 1034 014d 19       		.uleb128 0x19
 1035 014e 6E       		.uleb128 0x6e
 1036 014f 0E       		.uleb128 0xe
 1037 0150 03       		.uleb128 0x3
 1038 0151 0E       		.uleb128 0xe
 1039 0152 00       		.byte	0
 1040 0153 00       		.byte	0
 1041 0154 1B       		.uleb128 0x1b
 1042 0155 2E       		.uleb128 0x2e
 1043 0156 00       		.byte	0
 1044 0157 3F       		.uleb128 0x3f
 1045 0158 19       		.uleb128 0x19
 1046 0159 3C       		.uleb128 0x3c
 1047 015a 19       		.uleb128 0x19
 1048 015b 6E       		.uleb128 0x6e
 1049 015c 0E       		.uleb128 0xe
 1050 015d 03       		.uleb128 0x3
 1051 015e 0E       		.uleb128 0xe
 1052 015f 3A       		.uleb128 0x3a
 1053 0160 0B       		.uleb128 0xb
 1054 0161 3B       		.uleb128 0x3b
 1055 0162 0B       		.uleb128 0xb
 1056 0163 00       		.byte	0
 1057 0164 00       		.byte	0
 1058 0165 00       		.byte	0
 1059              		.section	.debug_loc,"",%progbits
 1060              	.Ldebug_loc0:
 1061              	.LLST0:
 1062 0000 00000000 		.4byte	.LVL0
 1063 0004 09000000 		.4byte	.LVL2-1
 1064 0008 0100     		.2byte	0x1
 1065 000a 50       		.byte	0x50
 1066 000b 09000000 		.4byte	.LVL2-1
 1067 000f 0C000000 		.4byte	.LFE1
 1068 0013 0400     		.2byte	0x4
 1069 0015 F3       		.byte	0xf3
 1070 0016 01       		.uleb128 0x1
 1071 0017 50       		.byte	0x50
 1072 0018 9F       		.byte	0x9f
ARM GAS  C:\Users\tsien\AppData\Local\Temp\ccn9EKTn.s 			page 26


 1073 0019 00000000 		.4byte	0
 1074 001d 00000000 		.4byte	0
 1075              	.LLST1:
 1076 0021 00000000 		.4byte	.LVL0
 1077 0025 06000000 		.4byte	.LVL1
 1078 0029 0100     		.2byte	0x1
 1079 002b 51       		.byte	0x51
 1080 002c 06000000 		.4byte	.LVL1
 1081 0030 09000000 		.4byte	.LVL2-1
 1082 0034 0100     		.2byte	0x1
 1083 0036 52       		.byte	0x52
 1084 0037 09000000 		.4byte	.LVL2-1
 1085 003b 0C000000 		.4byte	.LFE1
 1086 003f 0400     		.2byte	0x4
 1087 0041 F3       		.byte	0xf3
 1088 0042 01       		.uleb128 0x1
 1089 0043 51       		.byte	0x51
 1090 0044 9F       		.byte	0x9f
 1091 0045 00000000 		.4byte	0
 1092 0049 00000000 		.4byte	0
 1093              	.LLST2:
 1094 004d B4000000 		.4byte	.LVL8
 1095 0051 B8000000 		.4byte	.LVL9
 1096 0055 0200     		.2byte	0x2
 1097 0057 30       		.byte	0x30
 1098 0058 9F       		.byte	0x9f
 1099 0059 B8000000 		.4byte	.LVL9
 1100 005d D6000000 		.4byte	.LVL11
 1101 0061 0100     		.2byte	0x1
 1102 0063 54       		.byte	0x54
 1103 0064 D8000000 		.4byte	.LVL12
 1104 0068 48010000 		.4byte	.LVL15
 1105 006c 0100     		.2byte	0x1
 1106 006e 54       		.byte	0x54
 1107 006f 00000000 		.4byte	0
 1108 0073 00000000 		.4byte	0
 1109              	.LLST3:
 1110 0077 B8000000 		.4byte	.LVL9
 1111 007b D6000000 		.4byte	.LVL11
 1112 007f 0B00     		.2byte	0xb
 1113 0081 74       		.byte	0x74
 1114 0082 00       		.sleb128 0
 1115 0083 36       		.byte	0x36
 1116 0084 1E       		.byte	0x1e
 1117 0085 03       		.byte	0x3
 1118 0086 00000000 		.4byte	cfg_memset_list.4888
 1119 008a 22       		.byte	0x22
 1120 008b 9F       		.byte	0x9f
 1121 008c D6000000 		.4byte	.LVL11
 1122 0090 D8000000 		.4byte	.LVL12
 1123 0094 0B00     		.2byte	0xb
 1124 0096 74       		.byte	0x74
 1125 0097 7F       		.sleb128 -1
 1126 0098 36       		.byte	0x36
 1127 0099 1E       		.byte	0x1e
 1128 009a 03       		.byte	0x3
 1129 009b 00000000 		.4byte	cfg_memset_list.4888
ARM GAS  C:\Users\tsien\AppData\Local\Temp\ccn9EKTn.s 			page 27


 1130 009f 22       		.byte	0x22
 1131 00a0 9F       		.byte	0x9f
 1132 00a1 00000000 		.4byte	0
 1133 00a5 00000000 		.4byte	0
 1134              		.section	.debug_aranges,"",%progbits
 1135 0000 34000000 		.4byte	0x34
 1136 0004 0200     		.2byte	0x2
 1137 0006 00000000 		.4byte	.Ldebug_info0
 1138 000a 04       		.byte	0x4
 1139 000b 00       		.byte	0
 1140 000c 0000     		.2byte	0
 1141 000e 0000     		.2byte	0
 1142 0010 00000000 		.4byte	.LFB5
 1143 0014 20000000 		.4byte	.LFE5-.LFB5
 1144 0018 00000000 		.4byte	.LFB1
 1145 001c 0C000000 		.4byte	.LFE1-.LFB1
 1146 0020 00000000 		.4byte	.LFB4
 1147 0024 B0000000 		.4byte	.LFE4-.LFB4
 1148 0028 B0000000 		.4byte	.LFB6
 1149 002c E8000000 		.4byte	.LFE6-.LFB6
 1150 0030 00000000 		.4byte	0
 1151 0034 00000000 		.4byte	0
 1152              		.section	.debug_ranges,"",%progbits
 1153              	.Ldebug_ranges0:
 1154 0000 00000000 		.4byte	.LFB5
 1155 0004 20000000 		.4byte	.LFE5
 1156 0008 00000000 		.4byte	.LFB1
 1157 000c 0C000000 		.4byte	.LFE1
 1158 0010 00000000 		.4byte	.LFB4
 1159 0014 B0000000 		.4byte	.LFE4
 1160 0018 B0000000 		.4byte	.LFB6
 1161 001c 98010000 		.4byte	.LFE6
 1162 0020 00000000 		.4byte	0
 1163 0024 00000000 		.4byte	0
 1164              		.section	.debug_line,"",%progbits
 1165              	.Ldebug_line0:
 1166 0000 5F010000 		.section	.debug_str,"MS",%progbits,1
 1166      0200E300 
 1166      00000201 
 1166      FB0E0D00 
 1166      01010101 
 1167              	.LASF19:
 1168 0000 72656733 		.ascii	"reg32\000"
 1168      3200
 1169              	.LASF12:
 1170 0006 73697A65 		.ascii	"size_t\000"
 1170      5F7400
 1171              	.LASF34:
 1172 000d 416E616C 		.ascii	"AnalogSetDefault\000"
 1172      6F675365 
 1172      74446566 
 1172      61756C74 
 1172      00
 1173              	.LASF29:
 1174 001e 4379496E 		.ascii	"CyIntSetVector\000"
 1174      74536574 
 1174      56656374 
ARM GAS  C:\Users\tsien\AppData\Local\Temp\ccn9EKTn.s 			page 28


 1174      6F7200
 1175              	.LASF25:
 1176 002d 6366675F 		.ascii	"cfg_memset_list\000"
 1176      6D656D73 
 1176      65745F6C 
 1176      69737400 
 1177              	.LASF21:
 1178 003d 436C6F63 		.ascii	"ClockSetup\000"
 1178      6B536574 
 1178      757000
 1179              	.LASF6:
 1180 0048 73686F72 		.ascii	"short unsigned int\000"
 1180      7420756E 
 1180      7369676E 
 1180      65642069 
 1180      6E7400
 1181              	.LASF16:
 1182 005b 666C6F61 		.ascii	"float\000"
 1182      7400
 1183              	.LASF23:
 1184 0061 73697A65 		.ascii	"size\000"
 1184      00
 1185              	.LASF18:
 1186 0066 72656738 		.ascii	"reg8\000"
 1186      00
 1187              	.LASF8:
 1188 006b 6C6F6E67 		.ascii	"long unsigned int\000"
 1188      20756E73 
 1188      69676E65 
 1188      6420696E 
 1188      7400
 1189              	.LASF13:
 1190 007d 75696E74 		.ascii	"uint8\000"
 1190      3800
 1191              	.LASF26:
 1192 0083 43795379 		.ascii	"CySysClkWcoStart\000"
 1192      73436C6B 
 1192      57636F53 
 1192      74617274 
 1192      00
 1193              	.LASF20:
 1194 0094 43594D45 		.ascii	"CYMEMZERO\000"
 1194      4D5A4552 
 1194      4F00
 1195              	.LASF4:
 1196 009e 756E7369 		.ascii	"unsigned char\000"
 1196      676E6564 
 1196      20636861 
 1196      7200
 1197              	.LASF36:
 1198 00ac 6D656D73 		.ascii	"memset\000"
 1198      657400
 1199              	.LASF17:
 1200 00b3 646F7562 		.ascii	"double\000"
 1200      6C6500
 1201              	.LASF30:
 1202 00ba 4379496E 		.ascii	"CyIntEnable\000"
ARM GAS  C:\Users\tsien\AppData\Local\Temp\ccn9EKTn.s 			page 29


 1202      74456E61 
 1202      626C6500 
 1203              	.LASF14:
 1204 00c6 75696E74 		.ascii	"uint16\000"
 1204      313600
 1205              	.LASF15:
 1206 00cd 75696E74 		.ascii	"uint32\000"
 1206      333200
 1207              	.LASF0:
 1208 00d4 756E7369 		.ascii	"unsigned int\000"
 1208      676E6564 
 1208      20696E74 
 1208      00
 1209              	.LASF35:
 1210 00e1 63796669 		.ascii	"cyfitter_cfg\000"
 1210      74746572 
 1210      5F636667 
 1210      00
 1211              	.LASF22:
 1212 00ee 61646472 		.ascii	"address\000"
 1212      65737300 
 1213              	.LASF9:
 1214 00f6 6C6F6E67 		.ascii	"long long unsigned int\000"
 1214      206C6F6E 
 1214      6720756E 
 1214      7369676E 
 1214      65642069 
 1215              	.LASF31:
 1216 010d 474E5520 		.ascii	"GNU C11 5.4.1 20160609 (release) [ARM/embedded-5-br"
 1216      43313120 
 1216      352E342E 
 1216      31203230 
 1216      31363036 
 1217 0140 616E6368 		.ascii	"anch revision 237715] -mcpu=cortex-m0 -mthumb -g -O"
 1217      20726576 
 1217      6973696F 
 1217      6E203233 
 1217      37373135 
 1218 0173 67202D66 		.ascii	"g -ffunction-sections -ffat-lto-objects\000"
 1218      66756E63 
 1218      74696F6E 
 1218      2D736563 
 1218      74696F6E 
 1219              	.LASF24:
 1220 019b 6366675F 		.ascii	"cfg_memset_t\000"
 1220      6D656D73 
 1220      65745F74 
 1220      00
 1221              	.LASF10:
 1222 01a8 73697A65 		.ascii	"sizetype\000"
 1222      74797065 
 1222      00
 1223              	.LASF1:
 1224 01b1 6C6F6E67 		.ascii	"long long int\000"
 1224      206C6F6E 
 1224      6720696E 
 1224      7400
ARM GAS  C:\Users\tsien\AppData\Local\Temp\ccn9EKTn.s 			page 30


 1225              	.LASF11:
 1226 01bf 63686172 		.ascii	"char\000"
 1226      00
 1227              	.LASF5:
 1228 01c4 73686F72 		.ascii	"short int\000"
 1228      7420696E 
 1228      7400
 1229              	.LASF27:
 1230 01ce 43795379 		.ascii	"CySysClkWriteImoFreq\000"
 1230      73436C6B 
 1230      57726974 
 1230      65496D6F 
 1230      46726571 
 1231              	.LASF33:
 1232 01e3 433A5C55 		.ascii	"C:\\Users\\tsien\\Documents\\GitHub\\Battery_Manage"
 1232      73657273 
 1232      5C747369 
 1232      656E5C44 
 1232      6F63756D 
 1233 0211 6D656E74 		.ascii	"ment_Board_PY2023\\BatteryBalance\\BatteryBalance.c"
 1233      5F426F61 
 1233      72645F50 
 1233      59323032 
 1233      335C4261 
 1234 0242 7964736E 		.ascii	"ydsn\000"
 1234      00
 1235              	.LASF28:
 1236 0247 43795379 		.ascii	"CySysClkImoEnableWcoLock\000"
 1236      73436C6B 
 1236      496D6F45 
 1236      6E61626C 
 1236      6557636F 
 1237              	.LASF7:
 1238 0260 6C6F6E67 		.ascii	"long int\000"
 1238      20696E74 
 1238      00
 1239              	.LASF2:
 1240 0269 6C6F6E67 		.ascii	"long double\000"
 1240      20646F75 
 1240      626C6500 
 1241              	.LASF3:
 1242 0275 7369676E 		.ascii	"signed char\000"
 1242      65642063 
 1242      68617200 
 1243              	.LASF32:
 1244 0281 47656E65 		.ascii	"Generated_Source\\PSoC4\\cyfitter_cfg.c\000"
 1244      72617465 
 1244      645F536F 
 1244      75726365 
 1244      5C50536F 
 1245              		.ident	"GCC: (GNU Tools for ARM Embedded Processors) 5.4.1 20160609 (release) [ARM/embedded-5-bran
