ARM GAS  C:\Users\tsien\AppData\Local\Temp\ccXTNY5k.s 			page 1


   1              		.syntax unified
   2              		.cpu cortex-m0
   3              		.fpu softvfp
   4              		.eabi_attribute 20, 1
   5              		.eabi_attribute 21, 1
   6              		.eabi_attribute 23, 3
   7              		.eabi_attribute 24, 1
   8              		.eabi_attribute 25, 1
   9              		.eabi_attribute 26, 1
  10              		.eabi_attribute 30, 1
  11              		.eabi_attribute 34, 0
  12              		.eabi_attribute 18, 4
  13              		.thumb
  14              		.syntax unified
  15              		.file	"cyfitter_cfg.c"
  16              		.text
  17              	.Ltext0:
  18              		.cfi_sections	.debug_frame
  19              		.section	.text.AnalogSetDefault,"ax",%progbits
  20              		.align	2
  21              		.code	16
  22              		.thumb_func
  23              		.type	AnalogSetDefault, %function
  24              	AnalogSetDefault:
  25              	.LFB5:
  26              		.file 1 "Generated_Source\\PSoC4\\cyfitter_cfg.c"
   1:Generated_Source\PSoC4/cyfitter_cfg.c **** 
   2:Generated_Source\PSoC4/cyfitter_cfg.c **** /*******************************************************************************
   3:Generated_Source\PSoC4/cyfitter_cfg.c **** * File Name: cyfitter_cfg.c
   4:Generated_Source\PSoC4/cyfitter_cfg.c **** * 
   5:Generated_Source\PSoC4/cyfitter_cfg.c **** * PSoC Creator  4.4
   6:Generated_Source\PSoC4/cyfitter_cfg.c **** *
   7:Generated_Source\PSoC4/cyfitter_cfg.c **** * Description:
   8:Generated_Source\PSoC4/cyfitter_cfg.c **** * This file contains device initialization code.
   9:Generated_Source\PSoC4/cyfitter_cfg.c **** * Except for the user defined sections in CyClockStartupError(), this file should not be modified.
  10:Generated_Source\PSoC4/cyfitter_cfg.c **** * This file is automatically generated by PSoC Creator.
  11:Generated_Source\PSoC4/cyfitter_cfg.c **** *
  12:Generated_Source\PSoC4/cyfitter_cfg.c **** ********************************************************************************
  13:Generated_Source\PSoC4/cyfitter_cfg.c **** * Copyright (c) 2007-2020 Cypress Semiconductor.  All rights reserved.
  14:Generated_Source\PSoC4/cyfitter_cfg.c **** * You may use this file only in accordance with the license, terms, conditions, 
  15:Generated_Source\PSoC4/cyfitter_cfg.c **** * disclaimers, and limitations in the end user license agreement accompanying 
  16:Generated_Source\PSoC4/cyfitter_cfg.c **** * the software package with which this file was provided.
  17:Generated_Source\PSoC4/cyfitter_cfg.c **** ********************************************************************************/
  18:Generated_Source\PSoC4/cyfitter_cfg.c **** 
  19:Generated_Source\PSoC4/cyfitter_cfg.c **** #include <string.h>
  20:Generated_Source\PSoC4/cyfitter_cfg.c **** #include "cytypes.h"
  21:Generated_Source\PSoC4/cyfitter_cfg.c **** #include "cydevice_trm.h"
  22:Generated_Source\PSoC4/cyfitter_cfg.c **** #include "cyfitter.h"
  23:Generated_Source\PSoC4/cyfitter_cfg.c **** #include "CyLib.h"
  24:Generated_Source\PSoC4/cyfitter_cfg.c **** #include "CyLFClk.h"
  25:Generated_Source\PSoC4/cyfitter_cfg.c **** #include "cyfitter_cfg.h"
  26:Generated_Source\PSoC4/cyfitter_cfg.c **** #include "cyapicallbacks.h"
  27:Generated_Source\PSoC4/cyfitter_cfg.c **** 
  28:Generated_Source\PSoC4/cyfitter_cfg.c **** 
  29:Generated_Source\PSoC4/cyfitter_cfg.c **** #if defined(__GNUC__) || defined(__ARMCC_VERSION)
  30:Generated_Source\PSoC4/cyfitter_cfg.c ****     #define CYPACKED 
  31:Generated_Source\PSoC4/cyfitter_cfg.c ****     #define CYPACKED_ATTR __attribute__ ((packed))
ARM GAS  C:\Users\tsien\AppData\Local\Temp\ccXTNY5k.s 			page 2


  32:Generated_Source\PSoC4/cyfitter_cfg.c ****     #define CYALIGNED __attribute__ ((aligned))
  33:Generated_Source\PSoC4/cyfitter_cfg.c ****     #define CY_CFG_UNUSED __attribute__ ((unused))
  34:Generated_Source\PSoC4/cyfitter_cfg.c ****     #ifndef CY_CFG_SECTION
  35:Generated_Source\PSoC4/cyfitter_cfg.c ****         #define CY_CFG_SECTION __attribute__ ((section(".psocinit")))
  36:Generated_Source\PSoC4/cyfitter_cfg.c ****     #endif
  37:Generated_Source\PSoC4/cyfitter_cfg.c ****     
  38:Generated_Source\PSoC4/cyfitter_cfg.c ****     #if defined(__ARMCC_VERSION)
  39:Generated_Source\PSoC4/cyfitter_cfg.c ****         #define CY_CFG_MEMORY_BARRIER() __memory_changed()
  40:Generated_Source\PSoC4/cyfitter_cfg.c ****     #else
  41:Generated_Source\PSoC4/cyfitter_cfg.c ****         #define CY_CFG_MEMORY_BARRIER() __sync_synchronize()
  42:Generated_Source\PSoC4/cyfitter_cfg.c ****     #endif
  43:Generated_Source\PSoC4/cyfitter_cfg.c ****     
  44:Generated_Source\PSoC4/cyfitter_cfg.c **** #elif defined(__ICCARM__)
  45:Generated_Source\PSoC4/cyfitter_cfg.c ****     #include <intrinsics.h>
  46:Generated_Source\PSoC4/cyfitter_cfg.c **** 
  47:Generated_Source\PSoC4/cyfitter_cfg.c ****     #define CYPACKED __packed
  48:Generated_Source\PSoC4/cyfitter_cfg.c ****     #define CYPACKED_ATTR 
  49:Generated_Source\PSoC4/cyfitter_cfg.c ****     #define CYALIGNED _Pragma("data_alignment=4")
  50:Generated_Source\PSoC4/cyfitter_cfg.c ****     #define CY_CFG_UNUSED _Pragma("diag_suppress=Pe177")
  51:Generated_Source\PSoC4/cyfitter_cfg.c ****     #define CY_CFG_SECTION _Pragma("location=\".psocinit\"")
  52:Generated_Source\PSoC4/cyfitter_cfg.c ****     
  53:Generated_Source\PSoC4/cyfitter_cfg.c ****     #define CY_CFG_MEMORY_BARRIER() __DMB()
  54:Generated_Source\PSoC4/cyfitter_cfg.c ****     
  55:Generated_Source\PSoC4/cyfitter_cfg.c **** #else
  56:Generated_Source\PSoC4/cyfitter_cfg.c ****     #error Unsupported toolchain
  57:Generated_Source\PSoC4/cyfitter_cfg.c **** #endif
  58:Generated_Source\PSoC4/cyfitter_cfg.c **** 
  59:Generated_Source\PSoC4/cyfitter_cfg.c **** #ifndef CYCODE
  60:Generated_Source\PSoC4/cyfitter_cfg.c ****     #define CYCODE
  61:Generated_Source\PSoC4/cyfitter_cfg.c **** #endif
  62:Generated_Source\PSoC4/cyfitter_cfg.c **** #ifndef CYDATA
  63:Generated_Source\PSoC4/cyfitter_cfg.c ****     #define CYDATA
  64:Generated_Source\PSoC4/cyfitter_cfg.c **** #endif
  65:Generated_Source\PSoC4/cyfitter_cfg.c **** #ifndef CYFAR
  66:Generated_Source\PSoC4/cyfitter_cfg.c ****     #define CYFAR
  67:Generated_Source\PSoC4/cyfitter_cfg.c **** #endif
  68:Generated_Source\PSoC4/cyfitter_cfg.c **** #ifndef CYXDATA
  69:Generated_Source\PSoC4/cyfitter_cfg.c ****     #define CYXDATA
  70:Generated_Source\PSoC4/cyfitter_cfg.c **** #endif
  71:Generated_Source\PSoC4/cyfitter_cfg.c **** 
  72:Generated_Source\PSoC4/cyfitter_cfg.c **** 
  73:Generated_Source\PSoC4/cyfitter_cfg.c **** CY_CFG_UNUSED
  74:Generated_Source\PSoC4/cyfitter_cfg.c **** static void CYMEMZERO(void *s, size_t n);
  75:Generated_Source\PSoC4/cyfitter_cfg.c **** CY_CFG_UNUSED
  76:Generated_Source\PSoC4/cyfitter_cfg.c **** static void CYMEMZERO(void *s, size_t n)
  77:Generated_Source\PSoC4/cyfitter_cfg.c **** {
  78:Generated_Source\PSoC4/cyfitter_cfg.c **** 	(void)memset(s, 0, n);
  79:Generated_Source\PSoC4/cyfitter_cfg.c **** }
  80:Generated_Source\PSoC4/cyfitter_cfg.c **** CY_CFG_UNUSED
  81:Generated_Source\PSoC4/cyfitter_cfg.c **** static void CYCONFIGCPY(void *dest, const void *src, size_t n);
  82:Generated_Source\PSoC4/cyfitter_cfg.c **** CY_CFG_UNUSED
  83:Generated_Source\PSoC4/cyfitter_cfg.c **** static void CYCONFIGCPY(void *dest, const void *src, size_t n)
  84:Generated_Source\PSoC4/cyfitter_cfg.c **** {
  85:Generated_Source\PSoC4/cyfitter_cfg.c **** 	(void)memcpy(dest, src, n);
  86:Generated_Source\PSoC4/cyfitter_cfg.c **** }
  87:Generated_Source\PSoC4/cyfitter_cfg.c **** CY_CFG_UNUSED
  88:Generated_Source\PSoC4/cyfitter_cfg.c **** static void CYCONFIGCPYCODE(void *dest, const void *src, size_t n);
ARM GAS  C:\Users\tsien\AppData\Local\Temp\ccXTNY5k.s 			page 3


  89:Generated_Source\PSoC4/cyfitter_cfg.c **** CY_CFG_UNUSED
  90:Generated_Source\PSoC4/cyfitter_cfg.c **** static void CYCONFIGCPYCODE(void *dest, const void *src, size_t n)
  91:Generated_Source\PSoC4/cyfitter_cfg.c **** {
  92:Generated_Source\PSoC4/cyfitter_cfg.c **** 	(void)memcpy(dest, src, n);
  93:Generated_Source\PSoC4/cyfitter_cfg.c **** }
  94:Generated_Source\PSoC4/cyfitter_cfg.c **** 
  95:Generated_Source\PSoC4/cyfitter_cfg.c **** 
  96:Generated_Source\PSoC4/cyfitter_cfg.c **** 
  97:Generated_Source\PSoC4/cyfitter_cfg.c **** 
  98:Generated_Source\PSoC4/cyfitter_cfg.c **** /* Clock startup error codes                                                   */
  99:Generated_Source\PSoC4/cyfitter_cfg.c **** #define CYCLOCKSTART_NO_ERROR    0u
 100:Generated_Source\PSoC4/cyfitter_cfg.c **** #define CYCLOCKSTART_XTAL_ERROR  1u
 101:Generated_Source\PSoC4/cyfitter_cfg.c **** #define CYCLOCKSTART_32KHZ_ERROR 2u
 102:Generated_Source\PSoC4/cyfitter_cfg.c **** #define CYCLOCKSTART_PLL_ERROR   3u
 103:Generated_Source\PSoC4/cyfitter_cfg.c **** #define CYCLOCKSTART_FLL_ERROR   4u
 104:Generated_Source\PSoC4/cyfitter_cfg.c **** #define CYCLOCKSTART_WCO_ERROR   5u
 105:Generated_Source\PSoC4/cyfitter_cfg.c **** 
 106:Generated_Source\PSoC4/cyfitter_cfg.c **** 
 107:Generated_Source\PSoC4/cyfitter_cfg.c **** #ifdef CY_NEED_CYCLOCKSTARTUPERROR
 108:Generated_Source\PSoC4/cyfitter_cfg.c **** /*******************************************************************************
 109:Generated_Source\PSoC4/cyfitter_cfg.c **** * Function Name: CyClockStartupError
 110:Generated_Source\PSoC4/cyfitter_cfg.c **** ********************************************************************************
 111:Generated_Source\PSoC4/cyfitter_cfg.c **** * Summary:
 112:Generated_Source\PSoC4/cyfitter_cfg.c **** *  If an error is encountered during clock configuration (crystal startup error,
 113:Generated_Source\PSoC4/cyfitter_cfg.c **** *  PLL lock error, etc.), the system will end up here.  Unless reimplemented by
 114:Generated_Source\PSoC4/cyfitter_cfg.c **** *  the customer, this function will stop in an infinite loop.
 115:Generated_Source\PSoC4/cyfitter_cfg.c **** *
 116:Generated_Source\PSoC4/cyfitter_cfg.c **** * Parameters:
 117:Generated_Source\PSoC4/cyfitter_cfg.c **** *   void
 118:Generated_Source\PSoC4/cyfitter_cfg.c **** *
 119:Generated_Source\PSoC4/cyfitter_cfg.c **** * Return:
 120:Generated_Source\PSoC4/cyfitter_cfg.c **** *   void
 121:Generated_Source\PSoC4/cyfitter_cfg.c **** *
 122:Generated_Source\PSoC4/cyfitter_cfg.c **** *******************************************************************************/
 123:Generated_Source\PSoC4/cyfitter_cfg.c **** CY_CFG_UNUSED
 124:Generated_Source\PSoC4/cyfitter_cfg.c **** static void CyClockStartupError(uint8 errorCode);
 125:Generated_Source\PSoC4/cyfitter_cfg.c **** CY_CFG_UNUSED
 126:Generated_Source\PSoC4/cyfitter_cfg.c **** static void CyClockStartupError(uint8 errorCode)
 127:Generated_Source\PSoC4/cyfitter_cfg.c **** {
 128:Generated_Source\PSoC4/cyfitter_cfg.c ****     /* To remove the compiler warning if errorCode not used.                */
 129:Generated_Source\PSoC4/cyfitter_cfg.c ****     errorCode = errorCode;
 130:Generated_Source\PSoC4/cyfitter_cfg.c **** 
 131:Generated_Source\PSoC4/cyfitter_cfg.c ****     /* If we have a clock startup error (bad MHz crystal, PLL lock, etc.),  */
 132:Generated_Source\PSoC4/cyfitter_cfg.c ****     /* we will end up here to allow the customer to implement something to  */
 133:Generated_Source\PSoC4/cyfitter_cfg.c ****     /* deal with the clock condition.                                       */
 134:Generated_Source\PSoC4/cyfitter_cfg.c **** 
 135:Generated_Source\PSoC4/cyfitter_cfg.c **** #ifdef CY_CFG_CLOCK_STARTUP_ERROR_CALLBACK
 136:Generated_Source\PSoC4/cyfitter_cfg.c ****     CY_CFG_Clock_Startup_ErrorCallback();
 137:Generated_Source\PSoC4/cyfitter_cfg.c **** #else
 138:Generated_Source\PSoC4/cyfitter_cfg.c ****     /*  If not using CY_CFG_CLOCK_STARTUP_ERROR_CALLBACK, place your clock startup code here. */
 139:Generated_Source\PSoC4/cyfitter_cfg.c ****     /* `#START CyClockStartupError` */
 140:Generated_Source\PSoC4/cyfitter_cfg.c **** 
 141:Generated_Source\PSoC4/cyfitter_cfg.c **** 
 142:Generated_Source\PSoC4/cyfitter_cfg.c **** 
 143:Generated_Source\PSoC4/cyfitter_cfg.c ****     /* `#END` */
 144:Generated_Source\PSoC4/cyfitter_cfg.c **** 
 145:Generated_Source\PSoC4/cyfitter_cfg.c ****     while(1) {}
ARM GAS  C:\Users\tsien\AppData\Local\Temp\ccXTNY5k.s 			page 4


 146:Generated_Source\PSoC4/cyfitter_cfg.c **** #endif /* CY_CFG_CLOCK_STARTUP_ERROR_CALLBACK */
 147:Generated_Source\PSoC4/cyfitter_cfg.c **** }
 148:Generated_Source\PSoC4/cyfitter_cfg.c **** #endif
 149:Generated_Source\PSoC4/cyfitter_cfg.c **** 
 150:Generated_Source\PSoC4/cyfitter_cfg.c **** 
 151:Generated_Source\PSoC4/cyfitter_cfg.c **** 
 152:Generated_Source\PSoC4/cyfitter_cfg.c **** /*******************************************************************************
 153:Generated_Source\PSoC4/cyfitter_cfg.c **** * Function Name: ClockSetup
 154:Generated_Source\PSoC4/cyfitter_cfg.c **** ********************************************************************************
 155:Generated_Source\PSoC4/cyfitter_cfg.c **** *
 156:Generated_Source\PSoC4/cyfitter_cfg.c **** * Summary:
 157:Generated_Source\PSoC4/cyfitter_cfg.c **** *   Performs the initialization of all of the clocks in the device based on the
 158:Generated_Source\PSoC4/cyfitter_cfg.c **** *   settings in the Clock tab of the DWR.  This includes enabling the requested
 159:Generated_Source\PSoC4/cyfitter_cfg.c **** *   clocks and setting the necessary dividers to produce the desired frequency. 
 160:Generated_Source\PSoC4/cyfitter_cfg.c **** *
 161:Generated_Source\PSoC4/cyfitter_cfg.c **** * Parameters:
 162:Generated_Source\PSoC4/cyfitter_cfg.c **** *   void
 163:Generated_Source\PSoC4/cyfitter_cfg.c **** *
 164:Generated_Source\PSoC4/cyfitter_cfg.c **** * Return:
 165:Generated_Source\PSoC4/cyfitter_cfg.c **** *   void
 166:Generated_Source\PSoC4/cyfitter_cfg.c **** *
 167:Generated_Source\PSoC4/cyfitter_cfg.c **** *******************************************************************************/
 168:Generated_Source\PSoC4/cyfitter_cfg.c **** static void ClockSetup(void);
 169:Generated_Source\PSoC4/cyfitter_cfg.c **** CY_CFG_SECTION
 170:Generated_Source\PSoC4/cyfitter_cfg.c **** static void ClockSetup(void)
 171:Generated_Source\PSoC4/cyfitter_cfg.c **** {
 172:Generated_Source\PSoC4/cyfitter_cfg.c **** 
 173:Generated_Source\PSoC4/cyfitter_cfg.c **** 	/* Set Flash Cycles based on max possible frequency in case a glitch occurs during ClockSetup(). *
 174:Generated_Source\PSoC4/cyfitter_cfg.c **** 	CY_SET_REG32((void CYXDATA *)(CYREG_CPUSS_FLASH_CTL), (0x0012u));
 175:Generated_Source\PSoC4/cyfitter_cfg.c **** 	/* Setup and trim IMO based on desired frequency. */
 176:Generated_Source\PSoC4/cyfitter_cfg.c **** 	CySysClkWriteImoFreq(48u);
 177:Generated_Source\PSoC4/cyfitter_cfg.c **** 	/* CYDEV_CLK_ILO_CONFIG Starting address: CYDEV_CLK_ILO_CONFIG */
 178:Generated_Source\PSoC4/cyfitter_cfg.c **** 	CY_SET_REG32((void *)(CYREG_CLK_ILO_CONFIG), 0x80000006u);
 179:Generated_Source\PSoC4/cyfitter_cfg.c **** 
 180:Generated_Source\PSoC4/cyfitter_cfg.c **** 
 181:Generated_Source\PSoC4/cyfitter_cfg.c **** 	/* Setup phase aligned clocks */
 182:Generated_Source\PSoC4/cyfitter_cfg.c **** 	CY_SET_REG32((void *)CYREG_PERI_DIV_16_CTL3, 0x00002200u);
 183:Generated_Source\PSoC4/cyfitter_cfg.c **** 	CY_SET_REG32((void *)CYREG_PERI_DIV_CMD, 0x8000FF43u);
 184:Generated_Source\PSoC4/cyfitter_cfg.c **** 	CY_SET_REG32((void *)CYREG_PERI_DIV_16_CTL2, 0x00001D00u);
 185:Generated_Source\PSoC4/cyfitter_cfg.c **** 	CY_SET_REG32((void *)CYREG_PERI_DIV_CMD, 0x8000FF42u);
 186:Generated_Source\PSoC4/cyfitter_cfg.c **** 	CY_SET_REG32((void *)CYREG_PERI_DIV_16_CTL0, 0x00001D00u);
 187:Generated_Source\PSoC4/cyfitter_cfg.c **** 	CY_SET_REG32((void *)CYREG_PERI_DIV_CMD, 0x8000FF40u);
 188:Generated_Source\PSoC4/cyfitter_cfg.c **** 	CY_SET_REG32((void *)CYREG_PERI_DIV_16_CTL1, 0x00001D00u);
 189:Generated_Source\PSoC4/cyfitter_cfg.c **** 	CY_SET_REG32((void *)CYREG_PERI_DIV_CMD, 0x8000FF41u);
 190:Generated_Source\PSoC4/cyfitter_cfg.c **** 
 191:Generated_Source\PSoC4/cyfitter_cfg.c **** 	/* CYDEV_CLK_IMO_CONFIG Starting address: CYDEV_CLK_IMO_CONFIG */
 192:Generated_Source\PSoC4/cyfitter_cfg.c **** 	CY_SET_REG32((void *)(CYREG_CLK_IMO_CONFIG), 0x80000000u);
 193:Generated_Source\PSoC4/cyfitter_cfg.c **** 
 194:Generated_Source\PSoC4/cyfitter_cfg.c **** 	/* CYDEV_CLK_SELECT Starting address: CYDEV_CLK_SELECT */
 195:Generated_Source\PSoC4/cyfitter_cfg.c **** 	CY_SET_REG32((void *)(CYREG_CLK_SELECT), 0x00040000u);
 196:Generated_Source\PSoC4/cyfitter_cfg.c **** 
 197:Generated_Source\PSoC4/cyfitter_cfg.c **** 	/* CYDEV_PERI_PCLK_CTL5 Starting address: CYDEV_PERI_PCLK_CTL5 */
 198:Generated_Source\PSoC4/cyfitter_cfg.c **** 	CY_SET_REG32((void *)(CYREG_PERI_PCLK_CTL5), 0x00000043u);
 199:Generated_Source\PSoC4/cyfitter_cfg.c **** 
 200:Generated_Source\PSoC4/cyfitter_cfg.c **** 	/* CYDEV_PERI_PCLK_CTL4 Starting address: CYDEV_PERI_PCLK_CTL4 */
 201:Generated_Source\PSoC4/cyfitter_cfg.c **** 	CY_SET_REG32((void *)(CYREG_PERI_PCLK_CTL4), 0x00000042u);
 202:Generated_Source\PSoC4/cyfitter_cfg.c **** 
ARM GAS  C:\Users\tsien\AppData\Local\Temp\ccXTNY5k.s 			page 5


 203:Generated_Source\PSoC4/cyfitter_cfg.c **** 	/* CYDEV_PERI_PCLK_CTL3 Starting address: CYDEV_PERI_PCLK_CTL3 */
 204:Generated_Source\PSoC4/cyfitter_cfg.c **** 	CY_SET_REG32((void *)(CYREG_PERI_PCLK_CTL3), 0x00000040u);
 205:Generated_Source\PSoC4/cyfitter_cfg.c **** 
 206:Generated_Source\PSoC4/cyfitter_cfg.c **** 	/* CYDEV_PERI_PCLK_CTL2 Starting address: CYDEV_PERI_PCLK_CTL2 */
 207:Generated_Source\PSoC4/cyfitter_cfg.c **** 	CY_SET_REG32((void *)(CYREG_PERI_PCLK_CTL2), 0x00000041u);
 208:Generated_Source\PSoC4/cyfitter_cfg.c **** 
 209:Generated_Source\PSoC4/cyfitter_cfg.c **** 	(void)CyIntSetVector(8u, &CySysWdtIsr);
 210:Generated_Source\PSoC4/cyfitter_cfg.c **** 	CyIntEnable(8u);
 211:Generated_Source\PSoC4/cyfitter_cfg.c **** 	CY_SET_REG32((void *)(CYREG_WDT_CONFIG), 0x00000000u);
 212:Generated_Source\PSoC4/cyfitter_cfg.c **** }
 213:Generated_Source\PSoC4/cyfitter_cfg.c **** 
 214:Generated_Source\PSoC4/cyfitter_cfg.c **** 
 215:Generated_Source\PSoC4/cyfitter_cfg.c **** /* Analog API Functions */
 216:Generated_Source\PSoC4/cyfitter_cfg.c **** 
 217:Generated_Source\PSoC4/cyfitter_cfg.c **** 
 218:Generated_Source\PSoC4/cyfitter_cfg.c **** /*******************************************************************************
 219:Generated_Source\PSoC4/cyfitter_cfg.c **** * Function Name: AnalogSetDefault
 220:Generated_Source\PSoC4/cyfitter_cfg.c **** ********************************************************************************
 221:Generated_Source\PSoC4/cyfitter_cfg.c **** *
 222:Generated_Source\PSoC4/cyfitter_cfg.c **** * Summary:
 223:Generated_Source\PSoC4/cyfitter_cfg.c **** *  Sets up the analog portions of the chip to default values based on chip
 224:Generated_Source\PSoC4/cyfitter_cfg.c **** *  configuration options from the project.
 225:Generated_Source\PSoC4/cyfitter_cfg.c **** *
 226:Generated_Source\PSoC4/cyfitter_cfg.c **** * Parameters:
 227:Generated_Source\PSoC4/cyfitter_cfg.c **** *  void
 228:Generated_Source\PSoC4/cyfitter_cfg.c **** *
 229:Generated_Source\PSoC4/cyfitter_cfg.c **** * Return:
 230:Generated_Source\PSoC4/cyfitter_cfg.c **** *  void
 231:Generated_Source\PSoC4/cyfitter_cfg.c **** *
 232:Generated_Source\PSoC4/cyfitter_cfg.c **** *******************************************************************************/
 233:Generated_Source\PSoC4/cyfitter_cfg.c **** static void AnalogSetDefault(void);
 234:Generated_Source\PSoC4/cyfitter_cfg.c **** static void AnalogSetDefault(void)
 235:Generated_Source\PSoC4/cyfitter_cfg.c **** {
  27              		.loc 1 235 0
  28              		.cfi_startproc
  29              		@ args = 0, pretend = 0, frame = 0
  30              		@ frame_needed = 0, uses_anonymous_args = 0
  31              		@ link register save eliminated.
 236:Generated_Source\PSoC4/cyfitter_cfg.c **** 	CY_SET_XTND_REG32((void CYFAR *)CYREG_CTBM0_DFT_CTRL, 0x00000003u);
  32              		.loc 1 236 0
  33 0000 0323     		movs	r3, #3
  34 0002 044A     		ldr	r2, .L2
  35 0004 1360     		str	r3, [r2]
 237:Generated_Source\PSoC4/cyfitter_cfg.c **** 	CY_SET_XTND_REG32((void CYFAR *)CYREG_CTBM1_DFT_CTRL, 0x00000003u);
  36              		.loc 1 237 0
  37 0006 044A     		ldr	r2, .L2+4
  38 0008 1360     		str	r3, [r2]
 238:Generated_Source\PSoC4/cyfitter_cfg.c **** 	CY_SET_XTND_REG32((void CYFAR *)CYREG_PASS_DSAB_DSAB_CTRL, 0x00000000u);
  39              		.loc 1 238 0
  40 000a 0022     		movs	r2, #0
  41 000c 034B     		ldr	r3, .L2+8
  42 000e 1A60     		str	r2, [r3]
 239:Generated_Source\PSoC4/cyfitter_cfg.c **** }
  43              		.loc 1 239 0
  44              		@ sp needed
  45 0010 7047     		bx	lr
  46              	.L3:
ARM GAS  C:\Users\tsien\AppData\Local\Temp\ccXTNY5k.s 			page 6


  47 0012 C046     		.align	2
  48              	.L2:
  49 0014 30003040 		.word	1076887600
  50 0018 30003140 		.word	1076953136
  51 001c 000E3F40 		.word	1077874176
  52              		.cfi_endproc
  53              	.LFE5:
  54              		.size	AnalogSetDefault, .-AnalogSetDefault
  55              		.section	.text.CYMEMZERO,"ax",%progbits
  56              		.align	2
  57              		.code	16
  58              		.thumb_func
  59              		.type	CYMEMZERO, %function
  60              	CYMEMZERO:
  61              	.LFB1:
  77:Generated_Source\PSoC4/cyfitter_cfg.c **** 	(void)memset(s, 0, n);
  62              		.loc 1 77 0
  63              		.cfi_startproc
  64              		@ args = 0, pretend = 0, frame = 0
  65              		@ frame_needed = 0, uses_anonymous_args = 0
  66              	.LVL0:
  67 0000 10B5     		push	{r4, lr}
  68              		.cfi_def_cfa_offset 8
  69              		.cfi_offset 4, -8
  70              		.cfi_offset 14, -4
  71 0002 0A00     		movs	r2, r1
  78:Generated_Source\PSoC4/cyfitter_cfg.c **** }
  72              		.loc 1 78 0
  73 0004 0021     		movs	r1, #0
  74              	.LVL1:
  75 0006 FFF7FEFF 		bl	memset
  76              	.LVL2:
  79:Generated_Source\PSoC4/cyfitter_cfg.c **** CY_CFG_UNUSED
  77              		.loc 1 79 0
  78              		@ sp needed
  79 000a 10BD     		pop	{r4, pc}
  80              		.cfi_endproc
  81              	.LFE1:
  82              		.size	CYMEMZERO, .-CYMEMZERO
  83              		.section	.psocinit,"ax",%progbits
  84              		.align	2
  85              		.code	16
  86              		.thumb_func
  87              		.type	ClockSetup, %function
  88              	ClockSetup:
  89              	.LFB4:
 171:Generated_Source\PSoC4/cyfitter_cfg.c **** 
  90              		.loc 1 171 0
  91              		.cfi_startproc
  92              		@ args = 0, pretend = 0, frame = 0
  93              		@ frame_needed = 0, uses_anonymous_args = 0
  94 0000 10B5     		push	{r4, lr}
  95              		.cfi_def_cfa_offset 8
  96              		.cfi_offset 4, -8
  97              		.cfi_offset 14, -4
 174:Generated_Source\PSoC4/cyfitter_cfg.c **** 	/* Setup and trim IMO based on desired frequency. */
  98              		.loc 1 174 0
ARM GAS  C:\Users\tsien\AppData\Local\Temp\ccXTNY5k.s 			page 7


  99 0002 1222     		movs	r2, #18
 100 0004 1D4B     		ldr	r3, .L6
 101 0006 1A60     		str	r2, [r3]
 176:Generated_Source\PSoC4/cyfitter_cfg.c **** 	/* CYDEV_CLK_ILO_CONFIG Starting address: CYDEV_CLK_ILO_CONFIG */
 102              		.loc 1 176 0
 103 0008 3020     		movs	r0, #48
 104 000a FFF7FEFF 		bl	CySysClkWriteImoFreq
 105              	.LVL3:
 178:Generated_Source\PSoC4/cyfitter_cfg.c **** 
 106              		.loc 1 178 0
 107 000e 1C4A     		ldr	r2, .L6+4
 108 0010 1C4B     		ldr	r3, .L6+8
 109 0012 1A60     		str	r2, [r3]
 182:Generated_Source\PSoC4/cyfitter_cfg.c **** 	CY_SET_REG32((void *)CYREG_PERI_DIV_CMD, 0x8000FF43u);
 110              		.loc 1 182 0
 111 0014 8822     		movs	r2, #136
 112 0016 9201     		lsls	r2, r2, #6
 113 0018 1B4B     		ldr	r3, .L6+12
 114 001a 1A60     		str	r2, [r3]
 183:Generated_Source\PSoC4/cyfitter_cfg.c **** 	CY_SET_REG32((void *)CYREG_PERI_DIV_16_CTL2, 0x00001D00u);
 115              		.loc 1 183 0
 116 001c 1B4B     		ldr	r3, .L6+16
 117 001e 1C4A     		ldr	r2, .L6+20
 118 0020 1A60     		str	r2, [r3]
 184:Generated_Source\PSoC4/cyfitter_cfg.c **** 	CY_SET_REG32((void *)CYREG_PERI_DIV_CMD, 0x8000FF42u);
 119              		.loc 1 184 0
 120 0022 E822     		movs	r2, #232
 121 0024 5201     		lsls	r2, r2, #5
 122 0026 1B49     		ldr	r1, .L6+24
 123 0028 0A60     		str	r2, [r1]
 185:Generated_Source\PSoC4/cyfitter_cfg.c **** 	CY_SET_REG32((void *)CYREG_PERI_DIV_16_CTL0, 0x00001D00u);
 124              		.loc 1 185 0
 125 002a 1B49     		ldr	r1, .L6+28
 126 002c 1960     		str	r1, [r3]
 186:Generated_Source\PSoC4/cyfitter_cfg.c **** 	CY_SET_REG32((void *)CYREG_PERI_DIV_CMD, 0x8000FF40u);
 127              		.loc 1 186 0
 128 002e 1B49     		ldr	r1, .L6+32
 129 0030 0A60     		str	r2, [r1]
 187:Generated_Source\PSoC4/cyfitter_cfg.c **** 	CY_SET_REG32((void *)CYREG_PERI_DIV_16_CTL1, 0x00001D00u);
 130              		.loc 1 187 0
 131 0032 1B49     		ldr	r1, .L6+36
 132 0034 1960     		str	r1, [r3]
 188:Generated_Source\PSoC4/cyfitter_cfg.c **** 	CY_SET_REG32((void *)CYREG_PERI_DIV_CMD, 0x8000FF41u);
 133              		.loc 1 188 0
 134 0036 1B49     		ldr	r1, .L6+40
 135 0038 0A60     		str	r2, [r1]
 189:Generated_Source\PSoC4/cyfitter_cfg.c **** 
 136              		.loc 1 189 0
 137 003a 1B4A     		ldr	r2, .L6+44
 138 003c 1A60     		str	r2, [r3]
 192:Generated_Source\PSoC4/cyfitter_cfg.c **** 
 139              		.loc 1 192 0
 140 003e 8022     		movs	r2, #128
 141 0040 1206     		lsls	r2, r2, #24
 142 0042 1A4B     		ldr	r3, .L6+48
 143 0044 1A60     		str	r2, [r3]
 195:Generated_Source\PSoC4/cyfitter_cfg.c **** 
ARM GAS  C:\Users\tsien\AppData\Local\Temp\ccXTNY5k.s 			page 8


 144              		.loc 1 195 0
 145 0046 8022     		movs	r2, #128
 146 0048 D202     		lsls	r2, r2, #11
 147 004a 194B     		ldr	r3, .L6+52
 148 004c 1A60     		str	r2, [r3]
 198:Generated_Source\PSoC4/cyfitter_cfg.c **** 
 149              		.loc 1 198 0
 150 004e 4322     		movs	r2, #67
 151 0050 184B     		ldr	r3, .L6+56
 152 0052 1A60     		str	r2, [r3]
 201:Generated_Source\PSoC4/cyfitter_cfg.c **** 
 153              		.loc 1 201 0
 154 0054 013A     		subs	r2, r2, #1
 155 0056 184B     		ldr	r3, .L6+60
 156 0058 1A60     		str	r2, [r3]
 204:Generated_Source\PSoC4/cyfitter_cfg.c **** 
 157              		.loc 1 204 0
 158 005a 023A     		subs	r2, r2, #2
 159 005c 174B     		ldr	r3, .L6+64
 160 005e 1A60     		str	r2, [r3]
 207:Generated_Source\PSoC4/cyfitter_cfg.c **** 
 161              		.loc 1 207 0
 162 0060 0132     		adds	r2, r2, #1
 163 0062 174B     		ldr	r3, .L6+68
 164 0064 1A60     		str	r2, [r3]
 209:Generated_Source\PSoC4/cyfitter_cfg.c **** 	CyIntEnable(8u);
 165              		.loc 1 209 0
 166 0066 1749     		ldr	r1, .L6+72
 167 0068 0820     		movs	r0, #8
 168 006a FFF7FEFF 		bl	CyIntSetVector
 169              	.LVL4:
 210:Generated_Source\PSoC4/cyfitter_cfg.c **** 	CY_SET_REG32((void *)(CYREG_WDT_CONFIG), 0x00000000u);
 170              		.loc 1 210 0
 171 006e 0820     		movs	r0, #8
 172 0070 FFF7FEFF 		bl	CyIntEnable
 173              	.LVL5:
 211:Generated_Source\PSoC4/cyfitter_cfg.c **** }
 174              		.loc 1 211 0
 175 0074 0022     		movs	r2, #0
 176 0076 144B     		ldr	r3, .L6+76
 177 0078 1A60     		str	r2, [r3]
 212:Generated_Source\PSoC4/cyfitter_cfg.c **** 
 178              		.loc 1 212 0
 179              		@ sp needed
 180 007a 10BD     		pop	{r4, pc}
 181              	.L7:
 182              		.align	2
 183              	.L6:
 184 007c 30001040 		.word	1074790448
 185 0080 06000080 		.word	-2147483642
 186 0084 04010B40 		.word	1074462980
 187 0088 0C030140 		.word	1073808140
 188 008c 00000140 		.word	1073807360
 189 0090 43FF0080 		.word	-2147418301
 190 0094 08030140 		.word	1073808136
 191 0098 42FF0080 		.word	-2147418302
 192 009c 00030140 		.word	1073808128
ARM GAS  C:\Users\tsien\AppData\Local\Temp\ccXTNY5k.s 			page 9


 193 00a0 40FF0080 		.word	-2147418304
 194 00a4 04030140 		.word	1073808132
 195 00a8 41FF0080 		.word	-2147418303
 196 00ac 08010B40 		.word	1074462984
 197 00b0 00010B40 		.word	1074462976
 198 00b4 14010140 		.word	1073807636
 199 00b8 10010140 		.word	1073807632
 200 00bc 0C010140 		.word	1073807628
 201 00c0 08010140 		.word	1073807624
 202 00c4 00000000 		.word	CySysWdtIsr
 203 00c8 0C020B40 		.word	1074463244
 204              		.cfi_endproc
 205              	.LFE4:
 206              		.size	ClockSetup, .-ClockSetup
 207              		.align	2
 208              		.global	cyfitter_cfg
 209              		.code	16
 210              		.thumb_func
 211              		.type	cyfitter_cfg, %function
 212              	cyfitter_cfg:
 213              	.LFB6:
 240:Generated_Source\PSoC4/cyfitter_cfg.c **** 
 241:Generated_Source\PSoC4/cyfitter_cfg.c **** 
 242:Generated_Source\PSoC4/cyfitter_cfg.c **** 
 243:Generated_Source\PSoC4/cyfitter_cfg.c **** 
 244:Generated_Source\PSoC4/cyfitter_cfg.c **** /*******************************************************************************
 245:Generated_Source\PSoC4/cyfitter_cfg.c **** * Function Name: cyfitter_cfg
 246:Generated_Source\PSoC4/cyfitter_cfg.c **** ********************************************************************************
 247:Generated_Source\PSoC4/cyfitter_cfg.c **** * Summary:
 248:Generated_Source\PSoC4/cyfitter_cfg.c **** *  This function is called by the start-up code for the selected device. It
 249:Generated_Source\PSoC4/cyfitter_cfg.c **** *  performs all of the necessary device configuration based on the design
 250:Generated_Source\PSoC4/cyfitter_cfg.c **** *  settings.  This includes settings from the Design Wide Resources (DWR) such
 251:Generated_Source\PSoC4/cyfitter_cfg.c **** *  as Clocks and Pins as well as any component configuration that is necessary.
 252:Generated_Source\PSoC4/cyfitter_cfg.c **** *
 253:Generated_Source\PSoC4/cyfitter_cfg.c **** * Parameters:
 254:Generated_Source\PSoC4/cyfitter_cfg.c **** *   void
 255:Generated_Source\PSoC4/cyfitter_cfg.c **** *
 256:Generated_Source\PSoC4/cyfitter_cfg.c **** * Return:
 257:Generated_Source\PSoC4/cyfitter_cfg.c **** *   void
 258:Generated_Source\PSoC4/cyfitter_cfg.c **** *
 259:Generated_Source\PSoC4/cyfitter_cfg.c **** *******************************************************************************/
 260:Generated_Source\PSoC4/cyfitter_cfg.c **** CY_CFG_SECTION
 261:Generated_Source\PSoC4/cyfitter_cfg.c **** void cyfitter_cfg(void)
 262:Generated_Source\PSoC4/cyfitter_cfg.c **** {
 214              		.loc 1 262 0
 215              		.cfi_startproc
 216              		@ args = 0, pretend = 0, frame = 0
 217              		@ frame_needed = 0, uses_anonymous_args = 0
 218 00cc 10B5     		push	{r4, lr}
 219              		.cfi_def_cfa_offset 8
 220              		.cfi_offset 4, -8
 221              		.cfi_offset 14, -4
 263:Generated_Source\PSoC4/cyfitter_cfg.c **** 	/* Disable interrupts by default. Let user enable if/when they want. */
 264:Generated_Source\PSoC4/cyfitter_cfg.c **** 	CyGlobalIntDisable;
 222              		.loc 1 264 0
 223              		.syntax divided
 224              	@ 264 "Generated_Source\PSoC4\cyfitter_cfg.c" 1
ARM GAS  C:\Users\tsien\AppData\Local\Temp\ccXTNY5k.s 			page 10


 225 00ce 72B6     		CPSID   i
 226              	@ 0 "" 2
 227              	.LVL6:
 228              		.thumb
 229              		.syntax unified
 230              	.LBB2:
 265:Generated_Source\PSoC4/cyfitter_cfg.c **** 
 266:Generated_Source\PSoC4/cyfitter_cfg.c **** 	{
 267:Generated_Source\PSoC4/cyfitter_cfg.c **** 
 268:Generated_Source\PSoC4/cyfitter_cfg.c **** 		CYPACKED typedef struct {
 269:Generated_Source\PSoC4/cyfitter_cfg.c **** 			void CYFAR *address;
 270:Generated_Source\PSoC4/cyfitter_cfg.c **** 			uint16 size;
 271:Generated_Source\PSoC4/cyfitter_cfg.c **** 		} CYPACKED_ATTR cfg_memset_t;
 272:Generated_Source\PSoC4/cyfitter_cfg.c **** 
 273:Generated_Source\PSoC4/cyfitter_cfg.c **** 		static const cfg_memset_t CYCODE cfg_memset_list[] = {
 274:Generated_Source\PSoC4/cyfitter_cfg.c **** 			/* address, size */
 275:Generated_Source\PSoC4/cyfitter_cfg.c **** 			{(void CYFAR *)(CYDEV_UDB_P0_U0_BASE), 2048u},
 276:Generated_Source\PSoC4/cyfitter_cfg.c **** 			{(void CYFAR *)(CYDEV_UDB_DSI0_BASE), 2048u},
 277:Generated_Source\PSoC4/cyfitter_cfg.c **** 		};
 278:Generated_Source\PSoC4/cyfitter_cfg.c **** 
 279:Generated_Source\PSoC4/cyfitter_cfg.c **** 		uint8 CYDATA i;
 280:Generated_Source\PSoC4/cyfitter_cfg.c **** 
 281:Generated_Source\PSoC4/cyfitter_cfg.c **** 		/* Zero out critical memory blocks before beginning configuration */
 282:Generated_Source\PSoC4/cyfitter_cfg.c **** 		for (i = 0u; i < (sizeof(cfg_memset_list)/sizeof(cfg_memset_list[0])); i++)
 231              		.loc 1 282 0
 232 00d0 0024     		movs	r4, #0
 233 00d2 0FE0     		b	.L9
 234              	.LVL7:
 235              	.L10:
 236              	.LBB3:
 283:Generated_Source\PSoC4/cyfitter_cfg.c **** 		{
 284:Generated_Source\PSoC4/cyfitter_cfg.c **** 			const cfg_memset_t CYCODE * CYDATA ms = &cfg_memset_list[i];
 285:Generated_Source\PSoC4/cyfitter_cfg.c **** 			CYMEMZERO(ms->address, (size_t)(uint32)(ms->size));
 237              		.loc 1 285 0 discriminator 3
 238 00d4 2948     		ldr	r0, .L11
 239 00d6 6200     		lsls	r2, r4, #1
 240 00d8 1319     		adds	r3, r2, r4
 241 00da 5900     		lsls	r1, r3, #1
 242 00dc 0B00     		movs	r3, r1
 243 00de 4118     		adds	r1, r0, r1
 244 00e0 8988     		ldrh	r1, [r1, #4]
 245 00e2 1A5A     		ldrh	r2, [r3, r0]
 246 00e4 C318     		adds	r3, r0, r3
 247 00e6 5888     		ldrh	r0, [r3, #2]
 248 00e8 0004     		lsls	r0, r0, #16
 249 00ea 1043     		orrs	r0, r2
 250 00ec FFF7FEFF 		bl	CYMEMZERO
 251              	.LVL8:
 252              	.LBE3:
 282:Generated_Source\PSoC4/cyfitter_cfg.c **** 		{
 253              		.loc 1 282 0 discriminator 3
 254 00f0 0134     		adds	r4, r4, #1
 255              	.LVL9:
 256 00f2 E4B2     		uxtb	r4, r4
 257              	.LVL10:
 258              	.L9:
 282:Generated_Source\PSoC4/cyfitter_cfg.c **** 		{
ARM GAS  C:\Users\tsien\AppData\Local\Temp\ccXTNY5k.s 			page 11


 259              		.loc 1 282 0 is_stmt 0 discriminator 1
 260 00f4 012C     		cmp	r4, #1
 261 00f6 EDD9     		bls	.L10
 286:Generated_Source\PSoC4/cyfitter_cfg.c **** 		}
 287:Generated_Source\PSoC4/cyfitter_cfg.c **** 
 288:Generated_Source\PSoC4/cyfitter_cfg.c **** 		/* HSIOM Starting address: CYDEV_HSIOM_BASE */
 289:Generated_Source\PSoC4/cyfitter_cfg.c **** 		CY_SET_REG32((void *)(CYDEV_HSIOM_BASE), 0x00EE0000u);
 262              		.loc 1 289 0 is_stmt 1
 263 00f8 EE22     		movs	r2, #238
 264 00fa 1204     		lsls	r2, r2, #16
 265 00fc 204B     		ldr	r3, .L11+4
 266 00fe 1A60     		str	r2, [r3]
 290:Generated_Source\PSoC4/cyfitter_cfg.c **** 		CY_SET_REG32((void *)(CYREG_HSIOM_PORT_SEL1), 0x000000EEu);
 267              		.loc 1 290 0
 268 0100 EE23     		movs	r3, #238
 269 0102 204A     		ldr	r2, .L11+8
 270 0104 1360     		str	r3, [r2]
 291:Generated_Source\PSoC4/cyfitter_cfg.c **** 		CY_SET_REG32((void *)(CYREG_HSIOM_PORT_SEL3), 0x0000EE00u);
 271              		.loc 1 291 0
 272 0106 EE21     		movs	r1, #238
 273 0108 0902     		lsls	r1, r1, #8
 274 010a 1F4A     		ldr	r2, .L11+12
 275 010c 1160     		str	r1, [r2]
 292:Generated_Source\PSoC4/cyfitter_cfg.c **** 		CY_SET_REG32((void *)(CYREG_HSIOM_PORT_SEL5), 0x000000EEu);
 276              		.loc 1 292 0
 277 010e 1F4A     		ldr	r2, .L11+16
 278 0110 1360     		str	r3, [r2]
 293:Generated_Source\PSoC4/cyfitter_cfg.c **** 		CY_SET_REG32((void *)(CYREG_HSIOM_PORT_SEL6), 0x00000099u);
 279              		.loc 1 293 0
 280 0112 9922     		movs	r2, #153
 281 0114 1E4B     		ldr	r3, .L11+20
 282 0116 1A60     		str	r2, [r3]
 294:Generated_Source\PSoC4/cyfitter_cfg.c **** 
 295:Generated_Source\PSoC4/cyfitter_cfg.c **** 		/* UDB_PA_0 Starting address: CYDEV_UDB_PA0_BASE */
 296:Generated_Source\PSoC4/cyfitter_cfg.c **** 		CY_SET_REG32((void *)(CYDEV_UDB_PA0_BASE), 0x00990000u);
 283              		.loc 1 296 0
 284 0118 9923     		movs	r3, #153
 285 011a 1B04     		lsls	r3, r3, #16
 286 011c 1D4A     		ldr	r2, .L11+24
 287 011e 1360     		str	r3, [r2]
 297:Generated_Source\PSoC4/cyfitter_cfg.c **** 
 298:Generated_Source\PSoC4/cyfitter_cfg.c **** 		/* UDB_PA_1 Starting address: CYDEV_UDB_PA1_BASE */
 299:Generated_Source\PSoC4/cyfitter_cfg.c **** 		CY_SET_REG32((void *)(CYDEV_UDB_PA1_BASE), 0x00990000u);
 288              		.loc 1 299 0
 289 0120 1D4A     		ldr	r2, .L11+28
 290 0122 1360     		str	r3, [r2]
 300:Generated_Source\PSoC4/cyfitter_cfg.c **** 
 301:Generated_Source\PSoC4/cyfitter_cfg.c **** 		/* UDB_PA_4 Starting address: CYDEV_UDB_PA4_BASE */
 302:Generated_Source\PSoC4/cyfitter_cfg.c **** 		CY_SET_REG32((void *)(CYDEV_UDB_PA4_BASE), 0x00990000u);
 291              		.loc 1 302 0
 292 0124 1D4A     		ldr	r2, .L11+32
 293 0126 1360     		str	r3, [r2]
 303:Generated_Source\PSoC4/cyfitter_cfg.c **** 
 304:Generated_Source\PSoC4/cyfitter_cfg.c **** 		/* UDB_PA_7 Starting address: CYDEV_UDB_PA7_BASE */
 305:Generated_Source\PSoC4/cyfitter_cfg.c **** 		CY_SET_REG32((void *)(CYDEV_UDB_PA7_BASE), 0x00990000u);
 294              		.loc 1 305 0
 295 0128 1D4A     		ldr	r2, .L11+36
ARM GAS  C:\Users\tsien\AppData\Local\Temp\ccXTNY5k.s 			page 12


 296 012a 1360     		str	r3, [r2]
 306:Generated_Source\PSoC4/cyfitter_cfg.c **** 
 307:Generated_Source\PSoC4/cyfitter_cfg.c **** 		/* Enable digital routing */
 308:Generated_Source\PSoC4/cyfitter_cfg.c **** 		CY_SET_XTND_REG8((void *)CYREG_UDB_UDB_BANK_CTL, (uint8)(CY_GET_XTND_REG8((void *)CYREG_UDB_UDB_B
 297              		.loc 1 308 0
 298 012c 1D4A     		ldr	r2, .L11+40
 299 012e 1178     		ldrb	r1, [r2]
 300 0130 0623     		movs	r3, #6
 301 0132 0B43     		orrs	r3, r1
 302 0134 DBB2     		uxtb	r3, r3
 303 0136 1370     		strb	r3, [r2]
 304              	.LBE2:
 309:Generated_Source\PSoC4/cyfitter_cfg.c **** 	}
 310:Generated_Source\PSoC4/cyfitter_cfg.c **** 
 311:Generated_Source\PSoC4/cyfitter_cfg.c **** 	/* Perform second pass device configuration. These items must be configured in specific order afte
 312:Generated_Source\PSoC4/cyfitter_cfg.c **** 	/* IOPINS0_0 Starting address: CYDEV_GPIO_PRT0_BASE */
 313:Generated_Source\PSoC4/cyfitter_cfg.c **** 	CY_SET_REG32((void *)(CYDEV_GPIO_PRT0_BASE), 0x00000030u);
 305              		.loc 1 313 0
 306 0138 3022     		movs	r2, #48
 307 013a 1B4B     		ldr	r3, .L11+44
 308 013c 1A60     		str	r2, [r3]
 314:Generated_Source\PSoC4/cyfitter_cfg.c **** 	CY_SET_REG32((void *)(CYREG_GPIO_PRT0_PC), 0x00024000u);
 309              		.loc 1 314 0
 310 013e 9022     		movs	r2, #144
 311 0140 9202     		lsls	r2, r2, #10
 312 0142 1A4B     		ldr	r3, .L11+48
 313 0144 1A60     		str	r2, [r3]
 315:Generated_Source\PSoC4/cyfitter_cfg.c **** 
 316:Generated_Source\PSoC4/cyfitter_cfg.c **** 	/* IOPINS0_1 Starting address: CYDEV_GPIO_PRT1_BASE */
 317:Generated_Source\PSoC4/cyfitter_cfg.c **** 	CY_SET_REG32((void *)(CYDEV_GPIO_PRT1_BASE), 0x00000003u);
 314              		.loc 1 317 0
 315 0146 0322     		movs	r2, #3
 316 0148 194B     		ldr	r3, .L11+52
 317 014a 1A60     		str	r2, [r3]
 318:Generated_Source\PSoC4/cyfitter_cfg.c **** 	CY_SET_REG32((void *)(CYREG_GPIO_PRT1_PC), 0x00000024u);
 318              		.loc 1 318 0
 319 014c 2423     		movs	r3, #36
 320 014e 1949     		ldr	r1, .L11+56
 321 0150 0B60     		str	r3, [r1]
 319:Generated_Source\PSoC4/cyfitter_cfg.c **** 
 320:Generated_Source\PSoC4/cyfitter_cfg.c **** 	/* IOPINS0_3 Starting address: CYDEV_GPIO_PRT3_BASE */
 321:Generated_Source\PSoC4/cyfitter_cfg.c **** 	CY_SET_REG32((void *)(CYREG_GPIO_PRT3_PC), 0x00000D80u);
 322              		.loc 1 321 0
 323 0152 D820     		movs	r0, #216
 324 0154 0001     		lsls	r0, r0, #4
 325 0156 1849     		ldr	r1, .L11+60
 326 0158 0860     		str	r0, [r1]
 322:Generated_Source\PSoC4/cyfitter_cfg.c **** 
 323:Generated_Source\PSoC4/cyfitter_cfg.c **** 	/* IOPINS0_5 Starting address: CYDEV_GPIO_PRT5_BASE */
 324:Generated_Source\PSoC4/cyfitter_cfg.c **** 	CY_SET_REG32((void *)(CYDEV_GPIO_PRT5_BASE), 0x00000003u);
 327              		.loc 1 324 0
 328 015a 1849     		ldr	r1, .L11+64
 329 015c 0A60     		str	r2, [r1]
 325:Generated_Source\PSoC4/cyfitter_cfg.c **** 	CY_SET_REG32((void *)(CYREG_GPIO_PRT5_PC), 0x00000024u);
 330              		.loc 1 325 0
 331 015e 184A     		ldr	r2, .L11+68
 332 0160 1360     		str	r3, [r2]
ARM GAS  C:\Users\tsien\AppData\Local\Temp\ccXTNY5k.s 			page 13


 326:Generated_Source\PSoC4/cyfitter_cfg.c **** 
 327:Generated_Source\PSoC4/cyfitter_cfg.c **** 	/* IOPINS0_6 Starting address: CYDEV_GPIO_PRT6_BASE */
 328:Generated_Source\PSoC4/cyfitter_cfg.c **** 	CY_SET_REG32((void *)(CYDEV_GPIO_PRT6_BASE), 0x00000002u);
 333              		.loc 1 328 0
 334 0162 223B     		subs	r3, r3, #34
 335 0164 174A     		ldr	r2, .L11+72
 336 0166 1360     		str	r3, [r2]
 329:Generated_Source\PSoC4/cyfitter_cfg.c **** 	CY_SET_REG32((void *)(CYREG_GPIO_PRT6_PC), 0x00000031u);
 337              		.loc 1 329 0
 338 0168 3121     		movs	r1, #49
 339 016a 174A     		ldr	r2, .L11+76
 340 016c 1160     		str	r1, [r2]
 330:Generated_Source\PSoC4/cyfitter_cfg.c **** 	CY_SET_REG32((void *)(CYREG_GPIO_PRT6_PC2), 0x00000002u);
 341              		.loc 1 330 0
 342 016e 174A     		ldr	r2, .L11+80
 343 0170 1360     		str	r3, [r2]
 331:Generated_Source\PSoC4/cyfitter_cfg.c **** 
 332:Generated_Source\PSoC4/cyfitter_cfg.c **** 
 333:Generated_Source\PSoC4/cyfitter_cfg.c **** 	/* Setup clocks based on selections from Clock DWR */
 334:Generated_Source\PSoC4/cyfitter_cfg.c **** 	ClockSetup();
 344              		.loc 1 334 0
 345 0172 FFF745FF 		bl	ClockSetup
 346              	.LVL11:
 335:Generated_Source\PSoC4/cyfitter_cfg.c **** 
 336:Generated_Source\PSoC4/cyfitter_cfg.c **** 	/* Perform basic analog initialization to defaults */
 337:Generated_Source\PSoC4/cyfitter_cfg.c **** 	AnalogSetDefault();
 347              		.loc 1 337 0
 348 0176 FFF7FEFF 		bl	AnalogSetDefault
 349              	.LVL12:
 338:Generated_Source\PSoC4/cyfitter_cfg.c **** 
 339:Generated_Source\PSoC4/cyfitter_cfg.c **** }
 350              		.loc 1 339 0
 351              		@ sp needed
 352              	.LVL13:
 353 017a 10BD     		pop	{r4, pc}
 354              	.L12:
 355              		.align	2
 356              	.L11:
 357 017c 00000000 		.word	.LANCHOR0
 358 0180 00000240 		.word	1073872896
 359 0184 00010240 		.word	1073873152
 360 0188 00030240 		.word	1073873664
 361 018c 00050240 		.word	1073874176
 362 0190 00060240 		.word	1073874432
 363 0194 00500F40 		.word	1074745344
 364 0198 10500F40 		.word	1074745360
 365 019c 40500F40 		.word	1074745408
 366 01a0 70500F40 		.word	1074745456
 367 01a4 00700F40 		.word	1074753536
 368 01a8 00000440 		.word	1074003968
 369 01ac 08000440 		.word	1074003976
 370 01b0 00010440 		.word	1074004224
 371 01b4 08010440 		.word	1074004232
 372 01b8 08030440 		.word	1074004744
 373 01bc 00050440 		.word	1074005248
 374 01c0 08050440 		.word	1074005256
 375 01c4 00060440 		.word	1074005504
ARM GAS  C:\Users\tsien\AppData\Local\Temp\ccXTNY5k.s 			page 14


 376 01c8 08060440 		.word	1074005512
 377 01cc 18060440 		.word	1074005528
 378              		.cfi_endproc
 379              	.LFE6:
 380              		.size	cyfitter_cfg, .-cyfitter_cfg
 381              		.section	.rodata
 382              		.align	2
 383              		.set	.LANCHOR0,. + 0
 384              		.type	cfg_memset_list.4948, %object
 385              		.size	cfg_memset_list.4948, 12
 386              	cfg_memset_list.4948:
 387 0000 00300F40 		.word	1074737152
 388 0004 0008     		.short	2048
 389 0006 00400F40 		.4byte	1074741248
 390 000a 0008     		.short	2048
 391              		.text
 392              	.Letext0:
 393              		.file 2 "c:\\program files (x86)\\cypress\\psoc creator\\4.4\\psoc creator\\import\\gnu\\arm\\5.4.
 394              		.file 3 "Generated_Source\\PSoC4\\cytypes.h"
 395              		.file 4 "Generated_Source\\PSoC4\\CyLib.h"
 396              		.section	.debug_info,"",%progbits
 397              	.Ldebug_info0:
 398 0000 95020000 		.4byte	0x295
 399 0004 0400     		.2byte	0x4
 400 0006 00000000 		.4byte	.Ldebug_abbrev0
 401 000a 04       		.byte	0x4
 402 000b 01       		.uleb128 0x1
 403 000c FC000000 		.4byte	.LASF29
 404 0010 0C       		.byte	0xc
 405 0011 57020000 		.4byte	.LASF30
 406 0015 D2010000 		.4byte	.LASF31
 407 0019 00000000 		.4byte	.Ldebug_ranges0+0
 408 001d 00000000 		.4byte	0
 409 0021 00000000 		.4byte	.Ldebug_line0
 410 0025 02       		.uleb128 0x2
 411 0026 04       		.byte	0x4
 412 0027 05       		.byte	0x5
 413 0028 696E7400 		.ascii	"int\000"
 414 002c 03       		.uleb128 0x3
 415 002d 06000000 		.4byte	.LASF12
 416 0031 02       		.byte	0x2
 417 0032 D8       		.byte	0xd8
 418 0033 37000000 		.4byte	0x37
 419 0037 04       		.uleb128 0x4
 420 0038 04       		.byte	0x4
 421 0039 07       		.byte	0x7
 422 003a C3000000 		.4byte	.LASF0
 423 003e 04       		.uleb128 0x4
 424 003f 08       		.byte	0x8
 425 0040 05       		.byte	0x5
 426 0041 A0010000 		.4byte	.LASF1
 427 0045 04       		.uleb128 0x4
 428 0046 08       		.byte	0x8
 429 0047 04       		.byte	0x4
 430 0048 3F020000 		.4byte	.LASF2
 431 004c 04       		.uleb128 0x4
 432 004d 01       		.byte	0x1
ARM GAS  C:\Users\tsien\AppData\Local\Temp\ccXTNY5k.s 			page 15


 433 004e 06       		.byte	0x6
 434 004f 4B020000 		.4byte	.LASF3
 435 0053 04       		.uleb128 0x4
 436 0054 01       		.byte	0x1
 437 0055 08       		.byte	0x8
 438 0056 8D000000 		.4byte	.LASF4
 439 005a 04       		.uleb128 0x4
 440 005b 02       		.byte	0x2
 441 005c 05       		.byte	0x5
 442 005d B3010000 		.4byte	.LASF5
 443 0061 04       		.uleb128 0x4
 444 0062 02       		.byte	0x2
 445 0063 07       		.byte	0x7
 446 0064 48000000 		.4byte	.LASF6
 447 0068 04       		.uleb128 0x4
 448 0069 04       		.byte	0x4
 449 006a 05       		.byte	0x5
 450 006b 36020000 		.4byte	.LASF7
 451 006f 04       		.uleb128 0x4
 452 0070 04       		.byte	0x4
 453 0071 07       		.byte	0x7
 454 0072 6B000000 		.4byte	.LASF8
 455 0076 04       		.uleb128 0x4
 456 0077 08       		.byte	0x8
 457 0078 07       		.byte	0x7
 458 0079 E5000000 		.4byte	.LASF9
 459 007d 04       		.uleb128 0x4
 460 007e 04       		.byte	0x4
 461 007f 07       		.byte	0x7
 462 0080 97010000 		.4byte	.LASF10
 463 0084 05       		.uleb128 0x5
 464 0085 04       		.byte	0x4
 465 0086 04       		.uleb128 0x4
 466 0087 01       		.byte	0x1
 467 0088 08       		.byte	0x8
 468 0089 AE010000 		.4byte	.LASF11
 469 008d 06       		.uleb128 0x6
 470 008e 7D000000 		.4byte	.LASF13
 471 0092 03       		.byte	0x3
 472 0093 FB01     		.2byte	0x1fb
 473 0095 53000000 		.4byte	0x53
 474 0099 06       		.uleb128 0x6
 475 009a B5000000 		.4byte	.LASF14
 476 009e 03       		.byte	0x3
 477 009f FC01     		.2byte	0x1fc
 478 00a1 61000000 		.4byte	0x61
 479 00a5 06       		.uleb128 0x6
 480 00a6 BC000000 		.4byte	.LASF15
 481 00aa 03       		.byte	0x3
 482 00ab FD01     		.2byte	0x1fd
 483 00ad 6F000000 		.4byte	0x6f
 484 00b1 04       		.uleb128 0x4
 485 00b2 04       		.byte	0x4
 486 00b3 04       		.byte	0x4
 487 00b4 5B000000 		.4byte	.LASF16
 488 00b8 04       		.uleb128 0x4
 489 00b9 08       		.byte	0x8
ARM GAS  C:\Users\tsien\AppData\Local\Temp\ccXTNY5k.s 			page 16


 490 00ba 04       		.byte	0x4
 491 00bb A2000000 		.4byte	.LASF17
 492 00bf 06       		.uleb128 0x6
 493 00c0 66000000 		.4byte	.LASF18
 494 00c4 03       		.byte	0x3
 495 00c5 A502     		.2byte	0x2a5
 496 00c7 CB000000 		.4byte	0xcb
 497 00cb 07       		.uleb128 0x7
 498 00cc 8D000000 		.4byte	0x8d
 499 00d0 06       		.uleb128 0x6
 500 00d1 00000000 		.4byte	.LASF19
 501 00d5 03       		.byte	0x3
 502 00d6 A702     		.2byte	0x2a7
 503 00d8 DC000000 		.4byte	0xdc
 504 00dc 07       		.uleb128 0x7
 505 00dd A5000000 		.4byte	0xa5
 506 00e1 08       		.uleb128 0x8
 507 00e2 0D000000 		.4byte	.LASF32
 508 00e6 01       		.byte	0x1
 509 00e7 EA       		.byte	0xea
 510 00e8 00000000 		.4byte	.LFB5
 511 00ec 20000000 		.4byte	.LFE5-.LFB5
 512 00f0 01       		.uleb128 0x1
 513 00f1 9C       		.byte	0x9c
 514 00f2 09       		.uleb128 0x9
 515 00f3 83000000 		.4byte	.LASF20
 516 00f7 01       		.byte	0x1
 517 00f8 4C       		.byte	0x4c
 518 00f9 00000000 		.4byte	.LFB1
 519 00fd 0C000000 		.4byte	.LFE1-.LFB1
 520 0101 01       		.uleb128 0x1
 521 0102 9C       		.byte	0x9c
 522 0103 3F010000 		.4byte	0x13f
 523 0107 0A       		.uleb128 0xa
 524 0108 7300     		.ascii	"s\000"
 525 010a 01       		.byte	0x1
 526 010b 4C       		.byte	0x4c
 527 010c 84000000 		.4byte	0x84
 528 0110 00000000 		.4byte	.LLST0
 529 0114 0A       		.uleb128 0xa
 530 0115 6E00     		.ascii	"n\000"
 531 0117 01       		.byte	0x1
 532 0118 4C       		.byte	0x4c
 533 0119 2C000000 		.4byte	0x2c
 534 011d 21000000 		.4byte	.LLST1
 535 0121 0B       		.uleb128 0xb
 536 0122 0A000000 		.4byte	.LVL2
 537 0126 6E020000 		.4byte	0x26e
 538 012a 0C       		.uleb128 0xc
 539 012b 01       		.uleb128 0x1
 540 012c 50       		.byte	0x50
 541 012d 03       		.uleb128 0x3
 542 012e F3       		.byte	0xf3
 543 012f 01       		.uleb128 0x1
 544 0130 50       		.byte	0x50
 545 0131 0C       		.uleb128 0xc
 546 0132 01       		.uleb128 0x1
ARM GAS  C:\Users\tsien\AppData\Local\Temp\ccXTNY5k.s 			page 17


 547 0133 51       		.byte	0x51
 548 0134 01       		.uleb128 0x1
 549 0135 30       		.byte	0x30
 550 0136 0C       		.uleb128 0xc
 551 0137 01       		.uleb128 0x1
 552 0138 52       		.byte	0x52
 553 0139 03       		.uleb128 0x3
 554 013a F3       		.byte	0xf3
 555 013b 01       		.uleb128 0x1
 556 013c 51       		.byte	0x51
 557 013d 00       		.byte	0
 558 013e 00       		.byte	0
 559 013f 09       		.uleb128 0x9
 560 0140 3D000000 		.4byte	.LASF21
 561 0144 01       		.byte	0x1
 562 0145 AA       		.byte	0xaa
 563 0146 00000000 		.4byte	.LFB4
 564 014a CC000000 		.4byte	.LFE4-.LFB4
 565 014e 01       		.uleb128 0x1
 566 014f 9C       		.byte	0x9c
 567 0150 8B010000 		.4byte	0x18b
 568 0154 0D       		.uleb128 0xd
 569 0155 0E000000 		.4byte	.LVL3
 570 0159 77020000 		.4byte	0x277
 571 015d 68010000 		.4byte	0x168
 572 0161 0C       		.uleb128 0xc
 573 0162 01       		.uleb128 0x1
 574 0163 50       		.byte	0x50
 575 0164 02       		.uleb128 0x2
 576 0165 08       		.byte	0x8
 577 0166 30       		.byte	0x30
 578 0167 00       		.byte	0
 579 0168 0D       		.uleb128 0xd
 580 0169 6E000000 		.4byte	.LVL4
 581 016d 82020000 		.4byte	0x282
 582 0171 7B010000 		.4byte	0x17b
 583 0175 0C       		.uleb128 0xc
 584 0176 01       		.uleb128 0x1
 585 0177 50       		.byte	0x50
 586 0178 01       		.uleb128 0x1
 587 0179 38       		.byte	0x38
 588 017a 00       		.byte	0
 589 017b 0B       		.uleb128 0xb
 590 017c 74000000 		.4byte	.LVL5
 591 0180 8D020000 		.4byte	0x28d
 592 0184 0C       		.uleb128 0xc
 593 0185 01       		.uleb128 0x1
 594 0186 50       		.byte	0x50
 595 0187 01       		.uleb128 0x1
 596 0188 38       		.byte	0x38
 597 0189 00       		.byte	0
 598 018a 00       		.byte	0
 599 018b 0E       		.uleb128 0xe
 600 018c D0000000 		.4byte	.LASF33
 601 0190 01       		.byte	0x1
 602 0191 0501     		.2byte	0x105
 603 0193 CC000000 		.4byte	.LFB6
ARM GAS  C:\Users\tsien\AppData\Local\Temp\ccXTNY5k.s 			page 18


 604 0197 04010000 		.4byte	.LFE6-.LFB6
 605 019b 01       		.uleb128 0x1
 606 019c 9C       		.byte	0x9c
 607 019d 6E020000 		.4byte	0x26e
 608 01a1 0F       		.uleb128 0xf
 609 01a2 D0000000 		.4byte	.LBB2
 610 01a6 68000000 		.4byte	.LBE2-.LBB2
 611 01aa 5B020000 		.4byte	0x25b
 612 01ae 10       		.uleb128 0x10
 613 01af 06       		.byte	0x6
 614 01b0 01       		.byte	0x1
 615 01b1 0C01     		.2byte	0x10c
 616 01b3 D2010000 		.4byte	0x1d2
 617 01b7 11       		.uleb128 0x11
 618 01b8 DD000000 		.4byte	.LASF22
 619 01bc 01       		.byte	0x1
 620 01bd 0D01     		.2byte	0x10d
 621 01bf 84000000 		.4byte	0x84
 622 01c3 00       		.byte	0
 623 01c4 11       		.uleb128 0x11
 624 01c5 61000000 		.4byte	.LASF23
 625 01c9 01       		.byte	0x1
 626 01ca 0E01     		.2byte	0x10e
 627 01cc 99000000 		.4byte	0x99
 628 01d0 04       		.byte	0x4
 629 01d1 00       		.byte	0
 630 01d2 06       		.uleb128 0x6
 631 01d3 8A010000 		.4byte	.LASF24
 632 01d7 01       		.byte	0x1
 633 01d8 0F01     		.2byte	0x10f
 634 01da AE010000 		.4byte	0x1ae
 635 01de 12       		.uleb128 0x12
 636 01df EE010000 		.4byte	0x1ee
 637 01e3 EE010000 		.4byte	0x1ee
 638 01e7 13       		.uleb128 0x13
 639 01e8 7D000000 		.4byte	0x7d
 640 01ec 01       		.byte	0x1
 641 01ed 00       		.byte	0
 642 01ee 14       		.uleb128 0x14
 643 01ef D2010000 		.4byte	0x1d2
 644 01f3 15       		.uleb128 0x15
 645 01f4 2D000000 		.4byte	.LASF25
 646 01f8 01       		.byte	0x1
 647 01f9 1101     		.2byte	0x111
 648 01fb 05020000 		.4byte	0x205
 649 01ff 05       		.uleb128 0x5
 650 0200 03       		.byte	0x3
 651 0201 00000000 		.4byte	cfg_memset_list.4948
 652 0205 14       		.uleb128 0x14
 653 0206 DE010000 		.4byte	0x1de
 654 020a 16       		.uleb128 0x16
 655 020b 6900     		.ascii	"i\000"
 656 020d 01       		.byte	0x1
 657 020e 1701     		.2byte	0x117
 658 0210 8D000000 		.4byte	0x8d
 659 0214 4D000000 		.4byte	.LLST2
 660 0218 17       		.uleb128 0x17
ARM GAS  C:\Users\tsien\AppData\Local\Temp\ccXTNY5k.s 			page 19


 661 0219 D4000000 		.4byte	.LBB3
 662 021d 1C000000 		.4byte	.LBE3-.LBB3
 663 0221 16       		.uleb128 0x16
 664 0222 6D7300   		.ascii	"ms\000"
 665 0225 01       		.byte	0x1
 666 0226 1C01     		.2byte	0x11c
 667 0228 30020000 		.4byte	0x230
 668 022c 77000000 		.4byte	.LLST3
 669 0230 18       		.uleb128 0x18
 670 0231 04       		.byte	0x4
 671 0232 EE010000 		.4byte	0x1ee
 672 0236 0B       		.uleb128 0xb
 673 0237 F0000000 		.4byte	.LVL8
 674 023b F2000000 		.4byte	0xf2
 675 023f 0C       		.uleb128 0xc
 676 0240 01       		.uleb128 0x1
 677 0241 51       		.byte	0x51
 678 0242 15       		.uleb128 0x15
 679 0243 74       		.byte	0x74
 680 0244 00       		.sleb128 0
 681 0245 31       		.byte	0x31
 682 0246 24       		.byte	0x24
 683 0247 74       		.byte	0x74
 684 0248 00       		.sleb128 0
 685 0249 22       		.byte	0x22
 686 024a 31       		.byte	0x31
 687 024b 24       		.byte	0x24
 688 024c 03       		.byte	0x3
 689 024d 04000000 		.4byte	.LANCHOR0+4
 690 0251 22       		.byte	0x22
 691 0252 94       		.byte	0x94
 692 0253 02       		.byte	0x2
 693 0254 0A       		.byte	0xa
 694 0255 FFFF     		.2byte	0xffff
 695 0257 1A       		.byte	0x1a
 696 0258 00       		.byte	0
 697 0259 00       		.byte	0
 698 025a 00       		.byte	0
 699 025b 19       		.uleb128 0x19
 700 025c 76010000 		.4byte	.LVL11
 701 0260 3F010000 		.4byte	0x13f
 702 0264 19       		.uleb128 0x19
 703 0265 7A010000 		.4byte	.LVL12
 704 0269 E1000000 		.4byte	0xe1
 705 026d 00       		.byte	0
 706 026e 1A       		.uleb128 0x1a
 707 026f 9B000000 		.4byte	.LASF34
 708 0273 9B000000 		.4byte	.LASF34
 709 0277 1B       		.uleb128 0x1b
 710 0278 BD010000 		.4byte	.LASF26
 711 027c BD010000 		.4byte	.LASF26
 712 0280 04       		.byte	0x4
 713 0281 6C       		.byte	0x6c
 714 0282 1B       		.uleb128 0x1b
 715 0283 1E000000 		.4byte	.LASF27
 716 0287 1E000000 		.4byte	.LASF27
 717 028b 04       		.byte	0x4
ARM GAS  C:\Users\tsien\AppData\Local\Temp\ccXTNY5k.s 			page 20


 718 028c D0       		.byte	0xd0
 719 028d 1B       		.uleb128 0x1b
 720 028e A9000000 		.4byte	.LASF28
 721 0292 A9000000 		.4byte	.LASF28
 722 0296 04       		.byte	0x4
 723 0297 D6       		.byte	0xd6
 724 0298 00       		.byte	0
 725              		.section	.debug_abbrev,"",%progbits
 726              	.Ldebug_abbrev0:
 727 0000 01       		.uleb128 0x1
 728 0001 11       		.uleb128 0x11
 729 0002 01       		.byte	0x1
 730 0003 25       		.uleb128 0x25
 731 0004 0E       		.uleb128 0xe
 732 0005 13       		.uleb128 0x13
 733 0006 0B       		.uleb128 0xb
 734 0007 03       		.uleb128 0x3
 735 0008 0E       		.uleb128 0xe
 736 0009 1B       		.uleb128 0x1b
 737 000a 0E       		.uleb128 0xe
 738 000b 55       		.uleb128 0x55
 739 000c 17       		.uleb128 0x17
 740 000d 11       		.uleb128 0x11
 741 000e 01       		.uleb128 0x1
 742 000f 10       		.uleb128 0x10
 743 0010 17       		.uleb128 0x17
 744 0011 00       		.byte	0
 745 0012 00       		.byte	0
 746 0013 02       		.uleb128 0x2
 747 0014 24       		.uleb128 0x24
 748 0015 00       		.byte	0
 749 0016 0B       		.uleb128 0xb
 750 0017 0B       		.uleb128 0xb
 751 0018 3E       		.uleb128 0x3e
 752 0019 0B       		.uleb128 0xb
 753 001a 03       		.uleb128 0x3
 754 001b 08       		.uleb128 0x8
 755 001c 00       		.byte	0
 756 001d 00       		.byte	0
 757 001e 03       		.uleb128 0x3
 758 001f 16       		.uleb128 0x16
 759 0020 00       		.byte	0
 760 0021 03       		.uleb128 0x3
 761 0022 0E       		.uleb128 0xe
 762 0023 3A       		.uleb128 0x3a
 763 0024 0B       		.uleb128 0xb
 764 0025 3B       		.uleb128 0x3b
 765 0026 0B       		.uleb128 0xb
 766 0027 49       		.uleb128 0x49
 767 0028 13       		.uleb128 0x13
 768 0029 00       		.byte	0
 769 002a 00       		.byte	0
 770 002b 04       		.uleb128 0x4
 771 002c 24       		.uleb128 0x24
 772 002d 00       		.byte	0
 773 002e 0B       		.uleb128 0xb
 774 002f 0B       		.uleb128 0xb
ARM GAS  C:\Users\tsien\AppData\Local\Temp\ccXTNY5k.s 			page 21


 775 0030 3E       		.uleb128 0x3e
 776 0031 0B       		.uleb128 0xb
 777 0032 03       		.uleb128 0x3
 778 0033 0E       		.uleb128 0xe
 779 0034 00       		.byte	0
 780 0035 00       		.byte	0
 781 0036 05       		.uleb128 0x5
 782 0037 0F       		.uleb128 0xf
 783 0038 00       		.byte	0
 784 0039 0B       		.uleb128 0xb
 785 003a 0B       		.uleb128 0xb
 786 003b 00       		.byte	0
 787 003c 00       		.byte	0
 788 003d 06       		.uleb128 0x6
 789 003e 16       		.uleb128 0x16
 790 003f 00       		.byte	0
 791 0040 03       		.uleb128 0x3
 792 0041 0E       		.uleb128 0xe
 793 0042 3A       		.uleb128 0x3a
 794 0043 0B       		.uleb128 0xb
 795 0044 3B       		.uleb128 0x3b
 796 0045 05       		.uleb128 0x5
 797 0046 49       		.uleb128 0x49
 798 0047 13       		.uleb128 0x13
 799 0048 00       		.byte	0
 800 0049 00       		.byte	0
 801 004a 07       		.uleb128 0x7
 802 004b 35       		.uleb128 0x35
 803 004c 00       		.byte	0
 804 004d 49       		.uleb128 0x49
 805 004e 13       		.uleb128 0x13
 806 004f 00       		.byte	0
 807 0050 00       		.byte	0
 808 0051 08       		.uleb128 0x8
 809 0052 2E       		.uleb128 0x2e
 810 0053 00       		.byte	0
 811 0054 03       		.uleb128 0x3
 812 0055 0E       		.uleb128 0xe
 813 0056 3A       		.uleb128 0x3a
 814 0057 0B       		.uleb128 0xb
 815 0058 3B       		.uleb128 0x3b
 816 0059 0B       		.uleb128 0xb
 817 005a 27       		.uleb128 0x27
 818 005b 19       		.uleb128 0x19
 819 005c 11       		.uleb128 0x11
 820 005d 01       		.uleb128 0x1
 821 005e 12       		.uleb128 0x12
 822 005f 06       		.uleb128 0x6
 823 0060 40       		.uleb128 0x40
 824 0061 18       		.uleb128 0x18
 825 0062 9742     		.uleb128 0x2117
 826 0064 19       		.uleb128 0x19
 827 0065 00       		.byte	0
 828 0066 00       		.byte	0
 829 0067 09       		.uleb128 0x9
 830 0068 2E       		.uleb128 0x2e
 831 0069 01       		.byte	0x1
ARM GAS  C:\Users\tsien\AppData\Local\Temp\ccXTNY5k.s 			page 22


 832 006a 03       		.uleb128 0x3
 833 006b 0E       		.uleb128 0xe
 834 006c 3A       		.uleb128 0x3a
 835 006d 0B       		.uleb128 0xb
 836 006e 3B       		.uleb128 0x3b
 837 006f 0B       		.uleb128 0xb
 838 0070 27       		.uleb128 0x27
 839 0071 19       		.uleb128 0x19
 840 0072 11       		.uleb128 0x11
 841 0073 01       		.uleb128 0x1
 842 0074 12       		.uleb128 0x12
 843 0075 06       		.uleb128 0x6
 844 0076 40       		.uleb128 0x40
 845 0077 18       		.uleb128 0x18
 846 0078 9742     		.uleb128 0x2117
 847 007a 19       		.uleb128 0x19
 848 007b 01       		.uleb128 0x1
 849 007c 13       		.uleb128 0x13
 850 007d 00       		.byte	0
 851 007e 00       		.byte	0
 852 007f 0A       		.uleb128 0xa
 853 0080 05       		.uleb128 0x5
 854 0081 00       		.byte	0
 855 0082 03       		.uleb128 0x3
 856 0083 08       		.uleb128 0x8
 857 0084 3A       		.uleb128 0x3a
 858 0085 0B       		.uleb128 0xb
 859 0086 3B       		.uleb128 0x3b
 860 0087 0B       		.uleb128 0xb
 861 0088 49       		.uleb128 0x49
 862 0089 13       		.uleb128 0x13
 863 008a 02       		.uleb128 0x2
 864 008b 17       		.uleb128 0x17
 865 008c 00       		.byte	0
 866 008d 00       		.byte	0
 867 008e 0B       		.uleb128 0xb
 868 008f 898201   		.uleb128 0x4109
 869 0092 01       		.byte	0x1
 870 0093 11       		.uleb128 0x11
 871 0094 01       		.uleb128 0x1
 872 0095 31       		.uleb128 0x31
 873 0096 13       		.uleb128 0x13
 874 0097 00       		.byte	0
 875 0098 00       		.byte	0
 876 0099 0C       		.uleb128 0xc
 877 009a 8A8201   		.uleb128 0x410a
 878 009d 00       		.byte	0
 879 009e 02       		.uleb128 0x2
 880 009f 18       		.uleb128 0x18
 881 00a0 9142     		.uleb128 0x2111
 882 00a2 18       		.uleb128 0x18
 883 00a3 00       		.byte	0
 884 00a4 00       		.byte	0
 885 00a5 0D       		.uleb128 0xd
 886 00a6 898201   		.uleb128 0x4109
 887 00a9 01       		.byte	0x1
 888 00aa 11       		.uleb128 0x11
ARM GAS  C:\Users\tsien\AppData\Local\Temp\ccXTNY5k.s 			page 23


 889 00ab 01       		.uleb128 0x1
 890 00ac 31       		.uleb128 0x31
 891 00ad 13       		.uleb128 0x13
 892 00ae 01       		.uleb128 0x1
 893 00af 13       		.uleb128 0x13
 894 00b0 00       		.byte	0
 895 00b1 00       		.byte	0
 896 00b2 0E       		.uleb128 0xe
 897 00b3 2E       		.uleb128 0x2e
 898 00b4 01       		.byte	0x1
 899 00b5 3F       		.uleb128 0x3f
 900 00b6 19       		.uleb128 0x19
 901 00b7 03       		.uleb128 0x3
 902 00b8 0E       		.uleb128 0xe
 903 00b9 3A       		.uleb128 0x3a
 904 00ba 0B       		.uleb128 0xb
 905 00bb 3B       		.uleb128 0x3b
 906 00bc 05       		.uleb128 0x5
 907 00bd 27       		.uleb128 0x27
 908 00be 19       		.uleb128 0x19
 909 00bf 11       		.uleb128 0x11
 910 00c0 01       		.uleb128 0x1
 911 00c1 12       		.uleb128 0x12
 912 00c2 06       		.uleb128 0x6
 913 00c3 40       		.uleb128 0x40
 914 00c4 18       		.uleb128 0x18
 915 00c5 9742     		.uleb128 0x2117
 916 00c7 19       		.uleb128 0x19
 917 00c8 01       		.uleb128 0x1
 918 00c9 13       		.uleb128 0x13
 919 00ca 00       		.byte	0
 920 00cb 00       		.byte	0
 921 00cc 0F       		.uleb128 0xf
 922 00cd 0B       		.uleb128 0xb
 923 00ce 01       		.byte	0x1
 924 00cf 11       		.uleb128 0x11
 925 00d0 01       		.uleb128 0x1
 926 00d1 12       		.uleb128 0x12
 927 00d2 06       		.uleb128 0x6
 928 00d3 01       		.uleb128 0x1
 929 00d4 13       		.uleb128 0x13
 930 00d5 00       		.byte	0
 931 00d6 00       		.byte	0
 932 00d7 10       		.uleb128 0x10
 933 00d8 13       		.uleb128 0x13
 934 00d9 01       		.byte	0x1
 935 00da 0B       		.uleb128 0xb
 936 00db 0B       		.uleb128 0xb
 937 00dc 3A       		.uleb128 0x3a
 938 00dd 0B       		.uleb128 0xb
 939 00de 3B       		.uleb128 0x3b
 940 00df 05       		.uleb128 0x5
 941 00e0 01       		.uleb128 0x1
 942 00e1 13       		.uleb128 0x13
 943 00e2 00       		.byte	0
 944 00e3 00       		.byte	0
 945 00e4 11       		.uleb128 0x11
ARM GAS  C:\Users\tsien\AppData\Local\Temp\ccXTNY5k.s 			page 24


 946 00e5 0D       		.uleb128 0xd
 947 00e6 00       		.byte	0
 948 00e7 03       		.uleb128 0x3
 949 00e8 0E       		.uleb128 0xe
 950 00e9 3A       		.uleb128 0x3a
 951 00ea 0B       		.uleb128 0xb
 952 00eb 3B       		.uleb128 0x3b
 953 00ec 05       		.uleb128 0x5
 954 00ed 49       		.uleb128 0x49
 955 00ee 13       		.uleb128 0x13
 956 00ef 38       		.uleb128 0x38
 957 00f0 0B       		.uleb128 0xb
 958 00f1 00       		.byte	0
 959 00f2 00       		.byte	0
 960 00f3 12       		.uleb128 0x12
 961 00f4 01       		.uleb128 0x1
 962 00f5 01       		.byte	0x1
 963 00f6 49       		.uleb128 0x49
 964 00f7 13       		.uleb128 0x13
 965 00f8 01       		.uleb128 0x1
 966 00f9 13       		.uleb128 0x13
 967 00fa 00       		.byte	0
 968 00fb 00       		.byte	0
 969 00fc 13       		.uleb128 0x13
 970 00fd 21       		.uleb128 0x21
 971 00fe 00       		.byte	0
 972 00ff 49       		.uleb128 0x49
 973 0100 13       		.uleb128 0x13
 974 0101 2F       		.uleb128 0x2f
 975 0102 0B       		.uleb128 0xb
 976 0103 00       		.byte	0
 977 0104 00       		.byte	0
 978 0105 14       		.uleb128 0x14
 979 0106 26       		.uleb128 0x26
 980 0107 00       		.byte	0
 981 0108 49       		.uleb128 0x49
 982 0109 13       		.uleb128 0x13
 983 010a 00       		.byte	0
 984 010b 00       		.byte	0
 985 010c 15       		.uleb128 0x15
 986 010d 34       		.uleb128 0x34
 987 010e 00       		.byte	0
 988 010f 03       		.uleb128 0x3
 989 0110 0E       		.uleb128 0xe
 990 0111 3A       		.uleb128 0x3a
 991 0112 0B       		.uleb128 0xb
 992 0113 3B       		.uleb128 0x3b
 993 0114 05       		.uleb128 0x5
 994 0115 49       		.uleb128 0x49
 995 0116 13       		.uleb128 0x13
 996 0117 02       		.uleb128 0x2
 997 0118 18       		.uleb128 0x18
 998 0119 00       		.byte	0
 999 011a 00       		.byte	0
 1000 011b 16       		.uleb128 0x16
 1001 011c 34       		.uleb128 0x34
 1002 011d 00       		.byte	0
ARM GAS  C:\Users\tsien\AppData\Local\Temp\ccXTNY5k.s 			page 25


 1003 011e 03       		.uleb128 0x3
 1004 011f 08       		.uleb128 0x8
 1005 0120 3A       		.uleb128 0x3a
 1006 0121 0B       		.uleb128 0xb
 1007 0122 3B       		.uleb128 0x3b
 1008 0123 05       		.uleb128 0x5
 1009 0124 49       		.uleb128 0x49
 1010 0125 13       		.uleb128 0x13
 1011 0126 02       		.uleb128 0x2
 1012 0127 17       		.uleb128 0x17
 1013 0128 00       		.byte	0
 1014 0129 00       		.byte	0
 1015 012a 17       		.uleb128 0x17
 1016 012b 0B       		.uleb128 0xb
 1017 012c 01       		.byte	0x1
 1018 012d 11       		.uleb128 0x11
 1019 012e 01       		.uleb128 0x1
 1020 012f 12       		.uleb128 0x12
 1021 0130 06       		.uleb128 0x6
 1022 0131 00       		.byte	0
 1023 0132 00       		.byte	0
 1024 0133 18       		.uleb128 0x18
 1025 0134 0F       		.uleb128 0xf
 1026 0135 00       		.byte	0
 1027 0136 0B       		.uleb128 0xb
 1028 0137 0B       		.uleb128 0xb
 1029 0138 49       		.uleb128 0x49
 1030 0139 13       		.uleb128 0x13
 1031 013a 00       		.byte	0
 1032 013b 00       		.byte	0
 1033 013c 19       		.uleb128 0x19
 1034 013d 898201   		.uleb128 0x4109
 1035 0140 00       		.byte	0
 1036 0141 11       		.uleb128 0x11
 1037 0142 01       		.uleb128 0x1
 1038 0143 31       		.uleb128 0x31
 1039 0144 13       		.uleb128 0x13
 1040 0145 00       		.byte	0
 1041 0146 00       		.byte	0
 1042 0147 1A       		.uleb128 0x1a
 1043 0148 2E       		.uleb128 0x2e
 1044 0149 00       		.byte	0
 1045 014a 3F       		.uleb128 0x3f
 1046 014b 19       		.uleb128 0x19
 1047 014c 3C       		.uleb128 0x3c
 1048 014d 19       		.uleb128 0x19
 1049 014e 6E       		.uleb128 0x6e
 1050 014f 0E       		.uleb128 0xe
 1051 0150 03       		.uleb128 0x3
 1052 0151 0E       		.uleb128 0xe
 1053 0152 00       		.byte	0
 1054 0153 00       		.byte	0
 1055 0154 1B       		.uleb128 0x1b
 1056 0155 2E       		.uleb128 0x2e
 1057 0156 00       		.byte	0
 1058 0157 3F       		.uleb128 0x3f
 1059 0158 19       		.uleb128 0x19
ARM GAS  C:\Users\tsien\AppData\Local\Temp\ccXTNY5k.s 			page 26


 1060 0159 3C       		.uleb128 0x3c
 1061 015a 19       		.uleb128 0x19
 1062 015b 6E       		.uleb128 0x6e
 1063 015c 0E       		.uleb128 0xe
 1064 015d 03       		.uleb128 0x3
 1065 015e 0E       		.uleb128 0xe
 1066 015f 3A       		.uleb128 0x3a
 1067 0160 0B       		.uleb128 0xb
 1068 0161 3B       		.uleb128 0x3b
 1069 0162 0B       		.uleb128 0xb
 1070 0163 00       		.byte	0
 1071 0164 00       		.byte	0
 1072 0165 00       		.byte	0
 1073              		.section	.debug_loc,"",%progbits
 1074              	.Ldebug_loc0:
 1075              	.LLST0:
 1076 0000 00000000 		.4byte	.LVL0
 1077 0004 09000000 		.4byte	.LVL2-1
 1078 0008 0100     		.2byte	0x1
 1079 000a 50       		.byte	0x50
 1080 000b 09000000 		.4byte	.LVL2-1
 1081 000f 0C000000 		.4byte	.LFE1
 1082 0013 0400     		.2byte	0x4
 1083 0015 F3       		.byte	0xf3
 1084 0016 01       		.uleb128 0x1
 1085 0017 50       		.byte	0x50
 1086 0018 9F       		.byte	0x9f
 1087 0019 00000000 		.4byte	0
 1088 001d 00000000 		.4byte	0
 1089              	.LLST1:
 1090 0021 00000000 		.4byte	.LVL0
 1091 0025 06000000 		.4byte	.LVL1
 1092 0029 0100     		.2byte	0x1
 1093 002b 51       		.byte	0x51
 1094 002c 06000000 		.4byte	.LVL1
 1095 0030 09000000 		.4byte	.LVL2-1
 1096 0034 0100     		.2byte	0x1
 1097 0036 52       		.byte	0x52
 1098 0037 09000000 		.4byte	.LVL2-1
 1099 003b 0C000000 		.4byte	.LFE1
 1100 003f 0400     		.2byte	0x4
 1101 0041 F3       		.byte	0xf3
 1102 0042 01       		.uleb128 0x1
 1103 0043 51       		.byte	0x51
 1104 0044 9F       		.byte	0x9f
 1105 0045 00000000 		.4byte	0
 1106 0049 00000000 		.4byte	0
 1107              	.LLST2:
 1108 004d D0000000 		.4byte	.LVL6
 1109 0051 D4000000 		.4byte	.LVL7
 1110 0055 0200     		.2byte	0x2
 1111 0057 30       		.byte	0x30
 1112 0058 9F       		.byte	0x9f
 1113 0059 D4000000 		.4byte	.LVL7
 1114 005d F2000000 		.4byte	.LVL9
 1115 0061 0100     		.2byte	0x1
 1116 0063 54       		.byte	0x54
ARM GAS  C:\Users\tsien\AppData\Local\Temp\ccXTNY5k.s 			page 27


 1117 0064 F4000000 		.4byte	.LVL10
 1118 0068 7A010000 		.4byte	.LVL13
 1119 006c 0100     		.2byte	0x1
 1120 006e 54       		.byte	0x54
 1121 006f 00000000 		.4byte	0
 1122 0073 00000000 		.4byte	0
 1123              	.LLST3:
 1124 0077 D4000000 		.4byte	.LVL7
 1125 007b F2000000 		.4byte	.LVL9
 1126 007f 0B00     		.2byte	0xb
 1127 0081 74       		.byte	0x74
 1128 0082 00       		.sleb128 0
 1129 0083 36       		.byte	0x36
 1130 0084 1E       		.byte	0x1e
 1131 0085 03       		.byte	0x3
 1132 0086 00000000 		.4byte	cfg_memset_list.4948
 1133 008a 22       		.byte	0x22
 1134 008b 9F       		.byte	0x9f
 1135 008c F2000000 		.4byte	.LVL9
 1136 0090 F4000000 		.4byte	.LVL10
 1137 0094 0B00     		.2byte	0xb
 1138 0096 74       		.byte	0x74
 1139 0097 7F       		.sleb128 -1
 1140 0098 36       		.byte	0x36
 1141 0099 1E       		.byte	0x1e
 1142 009a 03       		.byte	0x3
 1143 009b 00000000 		.4byte	cfg_memset_list.4948
 1144 009f 22       		.byte	0x22
 1145 00a0 9F       		.byte	0x9f
 1146 00a1 00000000 		.4byte	0
 1147 00a5 00000000 		.4byte	0
 1148              		.section	.debug_aranges,"",%progbits
 1149 0000 34000000 		.4byte	0x34
 1150 0004 0200     		.2byte	0x2
 1151 0006 00000000 		.4byte	.Ldebug_info0
 1152 000a 04       		.byte	0x4
 1153 000b 00       		.byte	0
 1154 000c 0000     		.2byte	0
 1155 000e 0000     		.2byte	0
 1156 0010 00000000 		.4byte	.LFB5
 1157 0014 20000000 		.4byte	.LFE5-.LFB5
 1158 0018 00000000 		.4byte	.LFB1
 1159 001c 0C000000 		.4byte	.LFE1-.LFB1
 1160 0020 00000000 		.4byte	.LFB4
 1161 0024 CC000000 		.4byte	.LFE4-.LFB4
 1162 0028 CC000000 		.4byte	.LFB6
 1163 002c 04010000 		.4byte	.LFE6-.LFB6
 1164 0030 00000000 		.4byte	0
 1165 0034 00000000 		.4byte	0
 1166              		.section	.debug_ranges,"",%progbits
 1167              	.Ldebug_ranges0:
 1168 0000 00000000 		.4byte	.LFB5
 1169 0004 20000000 		.4byte	.LFE5
 1170 0008 00000000 		.4byte	.LFB1
 1171 000c 0C000000 		.4byte	.LFE1
 1172 0010 00000000 		.4byte	.LFB4
 1173 0014 CC000000 		.4byte	.LFE4
ARM GAS  C:\Users\tsien\AppData\Local\Temp\ccXTNY5k.s 			page 28


 1174 0018 CC000000 		.4byte	.LFB6
 1175 001c D0010000 		.4byte	.LFE6
 1176 0020 00000000 		.4byte	0
 1177 0024 00000000 		.4byte	0
 1178              		.section	.debug_line,"",%progbits
 1179              	.Ldebug_line0:
 1180 0000 58010000 		.section	.debug_str,"MS",%progbits,1
 1180      0200D600 
 1180      00000201 
 1180      FB0E0D00 
 1180      01010101 
 1181              	.LASF19:
 1182 0000 72656733 		.ascii	"reg32\000"
 1182      3200
 1183              	.LASF12:
 1184 0006 73697A65 		.ascii	"size_t\000"
 1184      5F7400
 1185              	.LASF32:
 1186 000d 416E616C 		.ascii	"AnalogSetDefault\000"
 1186      6F675365 
 1186      74446566 
 1186      61756C74 
 1186      00
 1187              	.LASF27:
 1188 001e 4379496E 		.ascii	"CyIntSetVector\000"
 1188      74536574 
 1188      56656374 
 1188      6F7200
 1189              	.LASF25:
 1190 002d 6366675F 		.ascii	"cfg_memset_list\000"
 1190      6D656D73 
 1190      65745F6C 
 1190      69737400 
 1191              	.LASF21:
 1192 003d 436C6F63 		.ascii	"ClockSetup\000"
 1192      6B536574 
 1192      757000
 1193              	.LASF6:
 1194 0048 73686F72 		.ascii	"short unsigned int\000"
 1194      7420756E 
 1194      7369676E 
 1194      65642069 
 1194      6E7400
 1195              	.LASF16:
 1196 005b 666C6F61 		.ascii	"float\000"
 1196      7400
 1197              	.LASF23:
 1198 0061 73697A65 		.ascii	"size\000"
 1198      00
 1199              	.LASF18:
 1200 0066 72656738 		.ascii	"reg8\000"
 1200      00
 1201              	.LASF8:
 1202 006b 6C6F6E67 		.ascii	"long unsigned int\000"
 1202      20756E73 
 1202      69676E65 
 1202      6420696E 
ARM GAS  C:\Users\tsien\AppData\Local\Temp\ccXTNY5k.s 			page 29


 1202      7400
 1203              	.LASF13:
 1204 007d 75696E74 		.ascii	"uint8\000"
 1204      3800
 1205              	.LASF20:
 1206 0083 43594D45 		.ascii	"CYMEMZERO\000"
 1206      4D5A4552 
 1206      4F00
 1207              	.LASF4:
 1208 008d 756E7369 		.ascii	"unsigned char\000"
 1208      676E6564 
 1208      20636861 
 1208      7200
 1209              	.LASF34:
 1210 009b 6D656D73 		.ascii	"memset\000"
 1210      657400
 1211              	.LASF17:
 1212 00a2 646F7562 		.ascii	"double\000"
 1212      6C6500
 1213              	.LASF28:
 1214 00a9 4379496E 		.ascii	"CyIntEnable\000"
 1214      74456E61 
 1214      626C6500 
 1215              	.LASF14:
 1216 00b5 75696E74 		.ascii	"uint16\000"
 1216      313600
 1217              	.LASF15:
 1218 00bc 75696E74 		.ascii	"uint32\000"
 1218      333200
 1219              	.LASF0:
 1220 00c3 756E7369 		.ascii	"unsigned int\000"
 1220      676E6564 
 1220      20696E74 
 1220      00
 1221              	.LASF33:
 1222 00d0 63796669 		.ascii	"cyfitter_cfg\000"
 1222      74746572 
 1222      5F636667 
 1222      00
 1223              	.LASF22:
 1224 00dd 61646472 		.ascii	"address\000"
 1224      65737300 
 1225              	.LASF9:
 1226 00e5 6C6F6E67 		.ascii	"long long unsigned int\000"
 1226      206C6F6E 
 1226      6720756E 
 1226      7369676E 
 1226      65642069 
 1227              	.LASF29:
 1228 00fc 474E5520 		.ascii	"GNU C11 5.4.1 20160609 (release) [ARM/embedded-5-br"
 1228      43313120 
 1228      352E342E 
 1228      31203230 
 1228      31363036 
 1229 012f 616E6368 		.ascii	"anch revision 237715] -mcpu=cortex-m0 -mthumb -g -O"
 1229      20726576 
 1229      6973696F 
ARM GAS  C:\Users\tsien\AppData\Local\Temp\ccXTNY5k.s 			page 30


 1229      6E203233 
 1229      37373135 
 1230 0162 67202D66 		.ascii	"g -ffunction-sections -ffat-lto-objects\000"
 1230      66756E63 
 1230      74696F6E 
 1230      2D736563 
 1230      74696F6E 
 1231              	.LASF24:
 1232 018a 6366675F 		.ascii	"cfg_memset_t\000"
 1232      6D656D73 
 1232      65745F74 
 1232      00
 1233              	.LASF10:
 1234 0197 73697A65 		.ascii	"sizetype\000"
 1234      74797065 
 1234      00
 1235              	.LASF1:
 1236 01a0 6C6F6E67 		.ascii	"long long int\000"
 1236      206C6F6E 
 1236      6720696E 
 1236      7400
 1237              	.LASF11:
 1238 01ae 63686172 		.ascii	"char\000"
 1238      00
 1239              	.LASF5:
 1240 01b3 73686F72 		.ascii	"short int\000"
 1240      7420696E 
 1240      7400
 1241              	.LASF26:
 1242 01bd 43795379 		.ascii	"CySysClkWriteImoFreq\000"
 1242      73436C6B 
 1242      57726974 
 1242      65496D6F 
 1242      46726571 
 1243              	.LASF31:
 1244 01d2 433A5C55 		.ascii	"C:\\Users\\tsien\\Documents\\GitHub\\Battery_Manage"
 1244      73657273 
 1244      5C747369 
 1244      656E5C44 
 1244      6F63756D 
 1245 0200 6D656E74 		.ascii	"ment_Board_PY2023\\BatteryBalance\\BatteryBalance.c"
 1245      5F426F61 
 1245      72645F50 
 1245      59323032 
 1245      335C4261 
 1246 0231 7964736E 		.ascii	"ydsn\000"
 1246      00
 1247              	.LASF7:
 1248 0236 6C6F6E67 		.ascii	"long int\000"
 1248      20696E74 
 1248      00
 1249              	.LASF2:
 1250 023f 6C6F6E67 		.ascii	"long double\000"
 1250      20646F75 
 1250      626C6500 
 1251              	.LASF3:
 1252 024b 7369676E 		.ascii	"signed char\000"
ARM GAS  C:\Users\tsien\AppData\Local\Temp\ccXTNY5k.s 			page 31


 1252      65642063 
 1252      68617200 
 1253              	.LASF30:
 1254 0257 47656E65 		.ascii	"Generated_Source\\PSoC4\\cyfitter_cfg.c\000"
 1254      72617465 
 1254      645F536F 
 1254      75726365 
 1254      5C50536F 
 1255              		.ident	"GCC: (GNU Tools for ARM Embedded Processors) 5.4.1 20160609 (release) [ARM/embedded-5-bran
