ARM GAS  C:\Users\tsien\AppData\Local\Temp\cc33oFhP.s 			page 1


   1              		.syntax unified
   2              		.cpu cortex-m0
   3              		.fpu softvfp
   4              		.eabi_attribute 20, 1
   5              		.eabi_attribute 21, 1
   6              		.eabi_attribute 23, 3
   7              		.eabi_attribute 24, 1
   8              		.eabi_attribute 25, 1
   9              		.eabi_attribute 26, 1
  10              		.eabi_attribute 30, 1
  11              		.eabi_attribute 34, 0
  12              		.eabi_attribute 18, 4
  13              		.thumb
  14              		.syntax unified
  15              		.file	"cyfitter_cfg.c"
  16              		.text
  17              	.Ltext0:
  18              		.cfi_sections	.debug_frame
  19              		.section	.text.AnalogSetDefault,"ax",%progbits
  20              		.align	2
  21              		.code	16
  22              		.thumb_func
  23              		.type	AnalogSetDefault, %function
  24              	AnalogSetDefault:
  25              	.LFB5:
  26              		.file 1 "Generated_Source\\PSoC4\\cyfitter_cfg.c"
   1:Generated_Source\PSoC4/cyfitter_cfg.c **** 
   2:Generated_Source\PSoC4/cyfitter_cfg.c **** /*******************************************************************************
   3:Generated_Source\PSoC4/cyfitter_cfg.c **** * File Name: cyfitter_cfg.c
   4:Generated_Source\PSoC4/cyfitter_cfg.c **** * 
   5:Generated_Source\PSoC4/cyfitter_cfg.c **** * PSoC Creator  4.4
   6:Generated_Source\PSoC4/cyfitter_cfg.c **** *
   7:Generated_Source\PSoC4/cyfitter_cfg.c **** * Description:
   8:Generated_Source\PSoC4/cyfitter_cfg.c **** * This file contains device initialization code.
   9:Generated_Source\PSoC4/cyfitter_cfg.c **** * Except for the user defined sections in CyClockStartupError(), this file should not be modified.
  10:Generated_Source\PSoC4/cyfitter_cfg.c **** * This file is automatically generated by PSoC Creator.
  11:Generated_Source\PSoC4/cyfitter_cfg.c **** *
  12:Generated_Source\PSoC4/cyfitter_cfg.c **** ********************************************************************************
  13:Generated_Source\PSoC4/cyfitter_cfg.c **** * Copyright (c) 2007-2020 Cypress Semiconductor.  All rights reserved.
  14:Generated_Source\PSoC4/cyfitter_cfg.c **** * You may use this file only in accordance with the license, terms, conditions, 
  15:Generated_Source\PSoC4/cyfitter_cfg.c **** * disclaimers, and limitations in the end user license agreement accompanying 
  16:Generated_Source\PSoC4/cyfitter_cfg.c **** * the software package with which this file was provided.
  17:Generated_Source\PSoC4/cyfitter_cfg.c **** ********************************************************************************/
  18:Generated_Source\PSoC4/cyfitter_cfg.c **** 
  19:Generated_Source\PSoC4/cyfitter_cfg.c **** #include <string.h>
  20:Generated_Source\PSoC4/cyfitter_cfg.c **** #include "cytypes.h"
  21:Generated_Source\PSoC4/cyfitter_cfg.c **** #include "cydevice_trm.h"
  22:Generated_Source\PSoC4/cyfitter_cfg.c **** #include "cyfitter.h"
  23:Generated_Source\PSoC4/cyfitter_cfg.c **** #include "CyLib.h"
  24:Generated_Source\PSoC4/cyfitter_cfg.c **** #include "CyLFClk.h"
  25:Generated_Source\PSoC4/cyfitter_cfg.c **** #include "cyfitter_cfg.h"
  26:Generated_Source\PSoC4/cyfitter_cfg.c **** #include "cyapicallbacks.h"
  27:Generated_Source\PSoC4/cyfitter_cfg.c **** 
  28:Generated_Source\PSoC4/cyfitter_cfg.c **** 
  29:Generated_Source\PSoC4/cyfitter_cfg.c **** #if defined(__GNUC__) || defined(__ARMCC_VERSION)
  30:Generated_Source\PSoC4/cyfitter_cfg.c ****     #define CYPACKED 
  31:Generated_Source\PSoC4/cyfitter_cfg.c ****     #define CYPACKED_ATTR __attribute__ ((packed))
ARM GAS  C:\Users\tsien\AppData\Local\Temp\cc33oFhP.s 			page 2


  32:Generated_Source\PSoC4/cyfitter_cfg.c ****     #define CYALIGNED __attribute__ ((aligned))
  33:Generated_Source\PSoC4/cyfitter_cfg.c ****     #define CY_CFG_UNUSED __attribute__ ((unused))
  34:Generated_Source\PSoC4/cyfitter_cfg.c ****     #ifndef CY_CFG_SECTION
  35:Generated_Source\PSoC4/cyfitter_cfg.c ****         #define CY_CFG_SECTION __attribute__ ((section(".psocinit")))
  36:Generated_Source\PSoC4/cyfitter_cfg.c ****     #endif
  37:Generated_Source\PSoC4/cyfitter_cfg.c ****     
  38:Generated_Source\PSoC4/cyfitter_cfg.c ****     #if defined(__ARMCC_VERSION)
  39:Generated_Source\PSoC4/cyfitter_cfg.c ****         #define CY_CFG_MEMORY_BARRIER() __memory_changed()
  40:Generated_Source\PSoC4/cyfitter_cfg.c ****     #else
  41:Generated_Source\PSoC4/cyfitter_cfg.c ****         #define CY_CFG_MEMORY_BARRIER() __sync_synchronize()
  42:Generated_Source\PSoC4/cyfitter_cfg.c ****     #endif
  43:Generated_Source\PSoC4/cyfitter_cfg.c ****     
  44:Generated_Source\PSoC4/cyfitter_cfg.c **** #elif defined(__ICCARM__)
  45:Generated_Source\PSoC4/cyfitter_cfg.c ****     #include <intrinsics.h>
  46:Generated_Source\PSoC4/cyfitter_cfg.c **** 
  47:Generated_Source\PSoC4/cyfitter_cfg.c ****     #define CYPACKED __packed
  48:Generated_Source\PSoC4/cyfitter_cfg.c ****     #define CYPACKED_ATTR 
  49:Generated_Source\PSoC4/cyfitter_cfg.c ****     #define CYALIGNED _Pragma("data_alignment=4")
  50:Generated_Source\PSoC4/cyfitter_cfg.c ****     #define CY_CFG_UNUSED _Pragma("diag_suppress=Pe177")
  51:Generated_Source\PSoC4/cyfitter_cfg.c ****     #define CY_CFG_SECTION _Pragma("location=\".psocinit\"")
  52:Generated_Source\PSoC4/cyfitter_cfg.c ****     
  53:Generated_Source\PSoC4/cyfitter_cfg.c ****     #define CY_CFG_MEMORY_BARRIER() __DMB()
  54:Generated_Source\PSoC4/cyfitter_cfg.c ****     
  55:Generated_Source\PSoC4/cyfitter_cfg.c **** #else
  56:Generated_Source\PSoC4/cyfitter_cfg.c ****     #error Unsupported toolchain
  57:Generated_Source\PSoC4/cyfitter_cfg.c **** #endif
  58:Generated_Source\PSoC4/cyfitter_cfg.c **** 
  59:Generated_Source\PSoC4/cyfitter_cfg.c **** #ifndef CYCODE
  60:Generated_Source\PSoC4/cyfitter_cfg.c ****     #define CYCODE
  61:Generated_Source\PSoC4/cyfitter_cfg.c **** #endif
  62:Generated_Source\PSoC4/cyfitter_cfg.c **** #ifndef CYDATA
  63:Generated_Source\PSoC4/cyfitter_cfg.c ****     #define CYDATA
  64:Generated_Source\PSoC4/cyfitter_cfg.c **** #endif
  65:Generated_Source\PSoC4/cyfitter_cfg.c **** #ifndef CYFAR
  66:Generated_Source\PSoC4/cyfitter_cfg.c ****     #define CYFAR
  67:Generated_Source\PSoC4/cyfitter_cfg.c **** #endif
  68:Generated_Source\PSoC4/cyfitter_cfg.c **** #ifndef CYXDATA
  69:Generated_Source\PSoC4/cyfitter_cfg.c ****     #define CYXDATA
  70:Generated_Source\PSoC4/cyfitter_cfg.c **** #endif
  71:Generated_Source\PSoC4/cyfitter_cfg.c **** 
  72:Generated_Source\PSoC4/cyfitter_cfg.c **** 
  73:Generated_Source\PSoC4/cyfitter_cfg.c **** CY_CFG_UNUSED
  74:Generated_Source\PSoC4/cyfitter_cfg.c **** static void CYMEMZERO(void *s, size_t n);
  75:Generated_Source\PSoC4/cyfitter_cfg.c **** CY_CFG_UNUSED
  76:Generated_Source\PSoC4/cyfitter_cfg.c **** static void CYMEMZERO(void *s, size_t n)
  77:Generated_Source\PSoC4/cyfitter_cfg.c **** {
  78:Generated_Source\PSoC4/cyfitter_cfg.c **** 	(void)memset(s, 0, n);
  79:Generated_Source\PSoC4/cyfitter_cfg.c **** }
  80:Generated_Source\PSoC4/cyfitter_cfg.c **** CY_CFG_UNUSED
  81:Generated_Source\PSoC4/cyfitter_cfg.c **** static void CYCONFIGCPY(void *dest, const void *src, size_t n);
  82:Generated_Source\PSoC4/cyfitter_cfg.c **** CY_CFG_UNUSED
  83:Generated_Source\PSoC4/cyfitter_cfg.c **** static void CYCONFIGCPY(void *dest, const void *src, size_t n)
  84:Generated_Source\PSoC4/cyfitter_cfg.c **** {
  85:Generated_Source\PSoC4/cyfitter_cfg.c **** 	(void)memcpy(dest, src, n);
  86:Generated_Source\PSoC4/cyfitter_cfg.c **** }
  87:Generated_Source\PSoC4/cyfitter_cfg.c **** CY_CFG_UNUSED
  88:Generated_Source\PSoC4/cyfitter_cfg.c **** static void CYCONFIGCPYCODE(void *dest, const void *src, size_t n);
ARM GAS  C:\Users\tsien\AppData\Local\Temp\cc33oFhP.s 			page 3


  89:Generated_Source\PSoC4/cyfitter_cfg.c **** CY_CFG_UNUSED
  90:Generated_Source\PSoC4/cyfitter_cfg.c **** static void CYCONFIGCPYCODE(void *dest, const void *src, size_t n)
  91:Generated_Source\PSoC4/cyfitter_cfg.c **** {
  92:Generated_Source\PSoC4/cyfitter_cfg.c **** 	(void)memcpy(dest, src, n);
  93:Generated_Source\PSoC4/cyfitter_cfg.c **** }
  94:Generated_Source\PSoC4/cyfitter_cfg.c **** 
  95:Generated_Source\PSoC4/cyfitter_cfg.c **** 
  96:Generated_Source\PSoC4/cyfitter_cfg.c **** 
  97:Generated_Source\PSoC4/cyfitter_cfg.c **** 
  98:Generated_Source\PSoC4/cyfitter_cfg.c **** /* Clock startup error codes                                                   */
  99:Generated_Source\PSoC4/cyfitter_cfg.c **** #define CYCLOCKSTART_NO_ERROR    0u
 100:Generated_Source\PSoC4/cyfitter_cfg.c **** #define CYCLOCKSTART_XTAL_ERROR  1u
 101:Generated_Source\PSoC4/cyfitter_cfg.c **** #define CYCLOCKSTART_32KHZ_ERROR 2u
 102:Generated_Source\PSoC4/cyfitter_cfg.c **** #define CYCLOCKSTART_PLL_ERROR   3u
 103:Generated_Source\PSoC4/cyfitter_cfg.c **** #define CYCLOCKSTART_FLL_ERROR   4u
 104:Generated_Source\PSoC4/cyfitter_cfg.c **** #define CYCLOCKSTART_WCO_ERROR   5u
 105:Generated_Source\PSoC4/cyfitter_cfg.c **** 
 106:Generated_Source\PSoC4/cyfitter_cfg.c **** 
 107:Generated_Source\PSoC4/cyfitter_cfg.c **** #ifdef CY_NEED_CYCLOCKSTARTUPERROR
 108:Generated_Source\PSoC4/cyfitter_cfg.c **** /*******************************************************************************
 109:Generated_Source\PSoC4/cyfitter_cfg.c **** * Function Name: CyClockStartupError
 110:Generated_Source\PSoC4/cyfitter_cfg.c **** ********************************************************************************
 111:Generated_Source\PSoC4/cyfitter_cfg.c **** * Summary:
 112:Generated_Source\PSoC4/cyfitter_cfg.c **** *  If an error is encountered during clock configuration (crystal startup error,
 113:Generated_Source\PSoC4/cyfitter_cfg.c **** *  PLL lock error, etc.), the system will end up here.  Unless reimplemented by
 114:Generated_Source\PSoC4/cyfitter_cfg.c **** *  the customer, this function will stop in an infinite loop.
 115:Generated_Source\PSoC4/cyfitter_cfg.c **** *
 116:Generated_Source\PSoC4/cyfitter_cfg.c **** * Parameters:
 117:Generated_Source\PSoC4/cyfitter_cfg.c **** *   void
 118:Generated_Source\PSoC4/cyfitter_cfg.c **** *
 119:Generated_Source\PSoC4/cyfitter_cfg.c **** * Return:
 120:Generated_Source\PSoC4/cyfitter_cfg.c **** *   void
 121:Generated_Source\PSoC4/cyfitter_cfg.c **** *
 122:Generated_Source\PSoC4/cyfitter_cfg.c **** *******************************************************************************/
 123:Generated_Source\PSoC4/cyfitter_cfg.c **** CY_CFG_UNUSED
 124:Generated_Source\PSoC4/cyfitter_cfg.c **** static void CyClockStartupError(uint8 errorCode);
 125:Generated_Source\PSoC4/cyfitter_cfg.c **** CY_CFG_UNUSED
 126:Generated_Source\PSoC4/cyfitter_cfg.c **** static void CyClockStartupError(uint8 errorCode)
 127:Generated_Source\PSoC4/cyfitter_cfg.c **** {
 128:Generated_Source\PSoC4/cyfitter_cfg.c ****     /* To remove the compiler warning if errorCode not used.                */
 129:Generated_Source\PSoC4/cyfitter_cfg.c ****     errorCode = errorCode;
 130:Generated_Source\PSoC4/cyfitter_cfg.c **** 
 131:Generated_Source\PSoC4/cyfitter_cfg.c ****     /* If we have a clock startup error (bad MHz crystal, PLL lock, etc.),  */
 132:Generated_Source\PSoC4/cyfitter_cfg.c ****     /* we will end up here to allow the customer to implement something to  */
 133:Generated_Source\PSoC4/cyfitter_cfg.c ****     /* deal with the clock condition.                                       */
 134:Generated_Source\PSoC4/cyfitter_cfg.c **** 
 135:Generated_Source\PSoC4/cyfitter_cfg.c **** #ifdef CY_CFG_CLOCK_STARTUP_ERROR_CALLBACK
 136:Generated_Source\PSoC4/cyfitter_cfg.c ****     CY_CFG_Clock_Startup_ErrorCallback();
 137:Generated_Source\PSoC4/cyfitter_cfg.c **** #else
 138:Generated_Source\PSoC4/cyfitter_cfg.c ****     /*  If not using CY_CFG_CLOCK_STARTUP_ERROR_CALLBACK, place your clock startup code here. */
 139:Generated_Source\PSoC4/cyfitter_cfg.c ****     /* `#START CyClockStartupError` */
 140:Generated_Source\PSoC4/cyfitter_cfg.c **** 
 141:Generated_Source\PSoC4/cyfitter_cfg.c **** 
 142:Generated_Source\PSoC4/cyfitter_cfg.c **** 
 143:Generated_Source\PSoC4/cyfitter_cfg.c ****     /* `#END` */
 144:Generated_Source\PSoC4/cyfitter_cfg.c **** 
 145:Generated_Source\PSoC4/cyfitter_cfg.c ****     while(1) {}
ARM GAS  C:\Users\tsien\AppData\Local\Temp\cc33oFhP.s 			page 4


 146:Generated_Source\PSoC4/cyfitter_cfg.c **** #endif /* CY_CFG_CLOCK_STARTUP_ERROR_CALLBACK */
 147:Generated_Source\PSoC4/cyfitter_cfg.c **** }
 148:Generated_Source\PSoC4/cyfitter_cfg.c **** #endif
 149:Generated_Source\PSoC4/cyfitter_cfg.c **** 
 150:Generated_Source\PSoC4/cyfitter_cfg.c **** 
 151:Generated_Source\PSoC4/cyfitter_cfg.c **** 
 152:Generated_Source\PSoC4/cyfitter_cfg.c **** /*******************************************************************************
 153:Generated_Source\PSoC4/cyfitter_cfg.c **** * Function Name: ClockSetup
 154:Generated_Source\PSoC4/cyfitter_cfg.c **** ********************************************************************************
 155:Generated_Source\PSoC4/cyfitter_cfg.c **** *
 156:Generated_Source\PSoC4/cyfitter_cfg.c **** * Summary:
 157:Generated_Source\PSoC4/cyfitter_cfg.c **** *   Performs the initialization of all of the clocks in the device based on the
 158:Generated_Source\PSoC4/cyfitter_cfg.c **** *   settings in the Clock tab of the DWR.  This includes enabling the requested
 159:Generated_Source\PSoC4/cyfitter_cfg.c **** *   clocks and setting the necessary dividers to produce the desired frequency. 
 160:Generated_Source\PSoC4/cyfitter_cfg.c **** *
 161:Generated_Source\PSoC4/cyfitter_cfg.c **** * Parameters:
 162:Generated_Source\PSoC4/cyfitter_cfg.c **** *   void
 163:Generated_Source\PSoC4/cyfitter_cfg.c **** *
 164:Generated_Source\PSoC4/cyfitter_cfg.c **** * Return:
 165:Generated_Source\PSoC4/cyfitter_cfg.c **** *   void
 166:Generated_Source\PSoC4/cyfitter_cfg.c **** *
 167:Generated_Source\PSoC4/cyfitter_cfg.c **** *******************************************************************************/
 168:Generated_Source\PSoC4/cyfitter_cfg.c **** static void ClockSetup(void);
 169:Generated_Source\PSoC4/cyfitter_cfg.c **** CY_CFG_SECTION
 170:Generated_Source\PSoC4/cyfitter_cfg.c **** static void ClockSetup(void)
 171:Generated_Source\PSoC4/cyfitter_cfg.c **** {
 172:Generated_Source\PSoC4/cyfitter_cfg.c **** 
 173:Generated_Source\PSoC4/cyfitter_cfg.c **** 	/* Set Flash Cycles based on max possible frequency in case a glitch occurs during ClockSetup(). *
 174:Generated_Source\PSoC4/cyfitter_cfg.c **** 	CY_SET_REG32((void CYXDATA *)(CYREG_CPUSS_FLASH_CTL), (0x0012u));
 175:Generated_Source\PSoC4/cyfitter_cfg.c **** 	/* Setup and trim IMO based on desired frequency. */
 176:Generated_Source\PSoC4/cyfitter_cfg.c **** 	CySysClkWriteImoFreq(48u);
 177:Generated_Source\PSoC4/cyfitter_cfg.c **** 	/* CYDEV_CLK_ILO_CONFIG Starting address: CYDEV_CLK_ILO_CONFIG */
 178:Generated_Source\PSoC4/cyfitter_cfg.c **** 	CY_SET_REG32((void *)(CYREG_CLK_ILO_CONFIG), 0x80000006u);
 179:Generated_Source\PSoC4/cyfitter_cfg.c **** 
 180:Generated_Source\PSoC4/cyfitter_cfg.c **** 
 181:Generated_Source\PSoC4/cyfitter_cfg.c **** 	/* Setup phase aligned clocks */
 182:Generated_Source\PSoC4/cyfitter_cfg.c **** 	CY_SET_REG32((void *)CYREG_PERI_DIV_16_CTL1, 0x00013800u);
 183:Generated_Source\PSoC4/cyfitter_cfg.c **** 	CY_SET_REG32((void *)CYREG_PERI_DIV_CMD, 0x8000FF41u);
 184:Generated_Source\PSoC4/cyfitter_cfg.c **** 	CY_SET_REG32((void *)CYREG_PERI_DIV_16_CTL0, 0x00001D00u);
 185:Generated_Source\PSoC4/cyfitter_cfg.c **** 	CY_SET_REG32((void *)CYREG_PERI_DIV_CMD, 0x8000FF40u);
 186:Generated_Source\PSoC4/cyfitter_cfg.c **** 
 187:Generated_Source\PSoC4/cyfitter_cfg.c **** 	/* CYDEV_CLK_IMO_CONFIG Starting address: CYDEV_CLK_IMO_CONFIG */
 188:Generated_Source\PSoC4/cyfitter_cfg.c **** 	CY_SET_REG32((void *)(CYREG_CLK_IMO_CONFIG), 0x80000000u);
 189:Generated_Source\PSoC4/cyfitter_cfg.c **** 
 190:Generated_Source\PSoC4/cyfitter_cfg.c **** 	/* CYDEV_CLK_SELECT Starting address: CYDEV_CLK_SELECT */
 191:Generated_Source\PSoC4/cyfitter_cfg.c **** 	CY_SET_REG32((void *)(CYREG_CLK_SELECT), 0x00040000u);
 192:Generated_Source\PSoC4/cyfitter_cfg.c **** 
 193:Generated_Source\PSoC4/cyfitter_cfg.c **** 	/* CYDEV_PERI_PCLK_CTL5 Starting address: CYDEV_PERI_PCLK_CTL5 */
 194:Generated_Source\PSoC4/cyfitter_cfg.c **** 	CY_SET_REG32((void *)(CYREG_PERI_PCLK_CTL5), 0x00000041u);
 195:Generated_Source\PSoC4/cyfitter_cfg.c **** 
 196:Generated_Source\PSoC4/cyfitter_cfg.c **** 	/* CYDEV_PERI_PCLK_CTL2 Starting address: CYDEV_PERI_PCLK_CTL2 */
 197:Generated_Source\PSoC4/cyfitter_cfg.c **** 	CY_SET_REG32((void *)(CYREG_PERI_PCLK_CTL2), 0x00000040u);
 198:Generated_Source\PSoC4/cyfitter_cfg.c **** 
 199:Generated_Source\PSoC4/cyfitter_cfg.c **** 	(void)CyIntSetVector(7u, &CySysWdtIsr);
 200:Generated_Source\PSoC4/cyfitter_cfg.c **** 	CyIntEnable(7u);
 201:Generated_Source\PSoC4/cyfitter_cfg.c **** 	CY_SET_REG32((void *)(CYREG_WDT_CONFIG), 0x00000000u);
 202:Generated_Source\PSoC4/cyfitter_cfg.c **** }
ARM GAS  C:\Users\tsien\AppData\Local\Temp\cc33oFhP.s 			page 5


 203:Generated_Source\PSoC4/cyfitter_cfg.c **** 
 204:Generated_Source\PSoC4/cyfitter_cfg.c **** 
 205:Generated_Source\PSoC4/cyfitter_cfg.c **** /* Analog API Functions */
 206:Generated_Source\PSoC4/cyfitter_cfg.c **** 
 207:Generated_Source\PSoC4/cyfitter_cfg.c **** 
 208:Generated_Source\PSoC4/cyfitter_cfg.c **** /*******************************************************************************
 209:Generated_Source\PSoC4/cyfitter_cfg.c **** * Function Name: AnalogSetDefault
 210:Generated_Source\PSoC4/cyfitter_cfg.c **** ********************************************************************************
 211:Generated_Source\PSoC4/cyfitter_cfg.c **** *
 212:Generated_Source\PSoC4/cyfitter_cfg.c **** * Summary:
 213:Generated_Source\PSoC4/cyfitter_cfg.c **** *  Sets up the analog portions of the chip to default values based on chip
 214:Generated_Source\PSoC4/cyfitter_cfg.c **** *  configuration options from the project.
 215:Generated_Source\PSoC4/cyfitter_cfg.c **** *
 216:Generated_Source\PSoC4/cyfitter_cfg.c **** * Parameters:
 217:Generated_Source\PSoC4/cyfitter_cfg.c **** *  void
 218:Generated_Source\PSoC4/cyfitter_cfg.c **** *
 219:Generated_Source\PSoC4/cyfitter_cfg.c **** * Return:
 220:Generated_Source\PSoC4/cyfitter_cfg.c **** *  void
 221:Generated_Source\PSoC4/cyfitter_cfg.c **** *
 222:Generated_Source\PSoC4/cyfitter_cfg.c **** *******************************************************************************/
 223:Generated_Source\PSoC4/cyfitter_cfg.c **** static void AnalogSetDefault(void);
 224:Generated_Source\PSoC4/cyfitter_cfg.c **** static void AnalogSetDefault(void)
 225:Generated_Source\PSoC4/cyfitter_cfg.c **** {
  27              		.loc 1 225 0
  28              		.cfi_startproc
  29              		@ args = 0, pretend = 0, frame = 0
  30              		@ frame_needed = 0, uses_anonymous_args = 0
  31              		@ link register save eliminated.
 226:Generated_Source\PSoC4/cyfitter_cfg.c **** 	CY_SET_XTND_REG32((void CYFAR *)CYREG_CTBM0_DFT_CTRL, 0x00000003u);
  32              		.loc 1 226 0
  33 0000 0323     		movs	r3, #3
  34 0002 044A     		ldr	r2, .L2
  35 0004 1360     		str	r3, [r2]
 227:Generated_Source\PSoC4/cyfitter_cfg.c **** 	CY_SET_XTND_REG32((void CYFAR *)CYREG_CTBM1_DFT_CTRL, 0x00000003u);
  36              		.loc 1 227 0
  37 0006 044A     		ldr	r2, .L2+4
  38 0008 1360     		str	r3, [r2]
 228:Generated_Source\PSoC4/cyfitter_cfg.c **** 	CY_SET_XTND_REG32((void CYFAR *)CYREG_PASS_DSAB_DSAB_CTRL, 0x00000000u);
  39              		.loc 1 228 0
  40 000a 0022     		movs	r2, #0
  41 000c 034B     		ldr	r3, .L2+8
  42 000e 1A60     		str	r2, [r3]
 229:Generated_Source\PSoC4/cyfitter_cfg.c **** }
  43              		.loc 1 229 0
  44              		@ sp needed
  45 0010 7047     		bx	lr
  46              	.L3:
  47 0012 C046     		.align	2
  48              	.L2:
  49 0014 30003040 		.word	1076887600
  50 0018 30003140 		.word	1076953136
  51 001c 000E3F40 		.word	1077874176
  52              		.cfi_endproc
  53              	.LFE5:
  54              		.size	AnalogSetDefault, .-AnalogSetDefault
  55              		.section	.text.CYMEMZERO,"ax",%progbits
  56              		.align	2
ARM GAS  C:\Users\tsien\AppData\Local\Temp\cc33oFhP.s 			page 6


  57              		.code	16
  58              		.thumb_func
  59              		.type	CYMEMZERO, %function
  60              	CYMEMZERO:
  61              	.LFB1:
  77:Generated_Source\PSoC4/cyfitter_cfg.c **** 	(void)memset(s, 0, n);
  62              		.loc 1 77 0
  63              		.cfi_startproc
  64              		@ args = 0, pretend = 0, frame = 0
  65              		@ frame_needed = 0, uses_anonymous_args = 0
  66              	.LVL0:
  67 0000 10B5     		push	{r4, lr}
  68              		.cfi_def_cfa_offset 8
  69              		.cfi_offset 4, -8
  70              		.cfi_offset 14, -4
  71 0002 0A00     		movs	r2, r1
  78:Generated_Source\PSoC4/cyfitter_cfg.c **** }
  72              		.loc 1 78 0
  73 0004 0021     		movs	r1, #0
  74              	.LVL1:
  75 0006 FFF7FEFF 		bl	memset
  76              	.LVL2:
  79:Generated_Source\PSoC4/cyfitter_cfg.c **** CY_CFG_UNUSED
  77              		.loc 1 79 0
  78              		@ sp needed
  79 000a 10BD     		pop	{r4, pc}
  80              		.cfi_endproc
  81              	.LFE1:
  82              		.size	CYMEMZERO, .-CYMEMZERO
  83              		.section	.psocinit,"ax",%progbits
  84              		.align	2
  85              		.code	16
  86              		.thumb_func
  87              		.type	ClockSetup, %function
  88              	ClockSetup:
  89              	.LFB4:
 171:Generated_Source\PSoC4/cyfitter_cfg.c **** 
  90              		.loc 1 171 0
  91              		.cfi_startproc
  92              		@ args = 0, pretend = 0, frame = 0
  93              		@ frame_needed = 0, uses_anonymous_args = 0
  94 0000 10B5     		push	{r4, lr}
  95              		.cfi_def_cfa_offset 8
  96              		.cfi_offset 4, -8
  97              		.cfi_offset 14, -4
 174:Generated_Source\PSoC4/cyfitter_cfg.c **** 	/* Setup and trim IMO based on desired frequency. */
  98              		.loc 1 174 0
  99 0002 1222     		movs	r2, #18
 100 0004 164B     		ldr	r3, .L6
 101 0006 1A60     		str	r2, [r3]
 176:Generated_Source\PSoC4/cyfitter_cfg.c **** 	/* CYDEV_CLK_ILO_CONFIG Starting address: CYDEV_CLK_ILO_CONFIG */
 102              		.loc 1 176 0
 103 0008 3020     		movs	r0, #48
 104 000a FFF7FEFF 		bl	CySysClkWriteImoFreq
 105              	.LVL3:
 178:Generated_Source\PSoC4/cyfitter_cfg.c **** 
 106              		.loc 1 178 0
ARM GAS  C:\Users\tsien\AppData\Local\Temp\cc33oFhP.s 			page 7


 107 000e 154A     		ldr	r2, .L6+4
 108 0010 154B     		ldr	r3, .L6+8
 109 0012 1A60     		str	r2, [r3]
 182:Generated_Source\PSoC4/cyfitter_cfg.c **** 	CY_SET_REG32((void *)CYREG_PERI_DIV_CMD, 0x8000FF41u);
 110              		.loc 1 182 0
 111 0014 9C22     		movs	r2, #156
 112 0016 5202     		lsls	r2, r2, #9
 113 0018 144B     		ldr	r3, .L6+12
 114 001a 1A60     		str	r2, [r3]
 183:Generated_Source\PSoC4/cyfitter_cfg.c **** 	CY_SET_REG32((void *)CYREG_PERI_DIV_16_CTL0, 0x00001D00u);
 115              		.loc 1 183 0
 116 001c 144B     		ldr	r3, .L6+16
 117 001e 154A     		ldr	r2, .L6+20
 118 0020 1A60     		str	r2, [r3]
 184:Generated_Source\PSoC4/cyfitter_cfg.c **** 	CY_SET_REG32((void *)CYREG_PERI_DIV_CMD, 0x8000FF40u);
 119              		.loc 1 184 0
 120 0022 E821     		movs	r1, #232
 121 0024 4901     		lsls	r1, r1, #5
 122 0026 144A     		ldr	r2, .L6+24
 123 0028 1160     		str	r1, [r2]
 185:Generated_Source\PSoC4/cyfitter_cfg.c **** 
 124              		.loc 1 185 0
 125 002a 144A     		ldr	r2, .L6+28
 126 002c 1A60     		str	r2, [r3]
 188:Generated_Source\PSoC4/cyfitter_cfg.c **** 
 127              		.loc 1 188 0
 128 002e 8022     		movs	r2, #128
 129 0030 1206     		lsls	r2, r2, #24
 130 0032 134B     		ldr	r3, .L6+32
 131 0034 1A60     		str	r2, [r3]
 191:Generated_Source\PSoC4/cyfitter_cfg.c **** 
 132              		.loc 1 191 0
 133 0036 8022     		movs	r2, #128
 134 0038 D202     		lsls	r2, r2, #11
 135 003a 124B     		ldr	r3, .L6+36
 136 003c 1A60     		str	r2, [r3]
 194:Generated_Source\PSoC4/cyfitter_cfg.c **** 
 137              		.loc 1 194 0
 138 003e 4122     		movs	r2, #65
 139 0040 114B     		ldr	r3, .L6+40
 140 0042 1A60     		str	r2, [r3]
 197:Generated_Source\PSoC4/cyfitter_cfg.c **** 
 141              		.loc 1 197 0
 142 0044 013A     		subs	r2, r2, #1
 143 0046 114B     		ldr	r3, .L6+44
 144 0048 1A60     		str	r2, [r3]
 199:Generated_Source\PSoC4/cyfitter_cfg.c **** 	CyIntEnable(7u);
 145              		.loc 1 199 0
 146 004a 1149     		ldr	r1, .L6+48
 147 004c 0720     		movs	r0, #7
 148 004e FFF7FEFF 		bl	CyIntSetVector
 149              	.LVL4:
 200:Generated_Source\PSoC4/cyfitter_cfg.c **** 	CY_SET_REG32((void *)(CYREG_WDT_CONFIG), 0x00000000u);
 150              		.loc 1 200 0
 151 0052 0720     		movs	r0, #7
 152 0054 FFF7FEFF 		bl	CyIntEnable
 153              	.LVL5:
ARM GAS  C:\Users\tsien\AppData\Local\Temp\cc33oFhP.s 			page 8


 201:Generated_Source\PSoC4/cyfitter_cfg.c **** }
 154              		.loc 1 201 0
 155 0058 0022     		movs	r2, #0
 156 005a 0E4B     		ldr	r3, .L6+52
 157 005c 1A60     		str	r2, [r3]
 202:Generated_Source\PSoC4/cyfitter_cfg.c **** 
 158              		.loc 1 202 0
 159              		@ sp needed
 160 005e 10BD     		pop	{r4, pc}
 161              	.L7:
 162              		.align	2
 163              	.L6:
 164 0060 30001040 		.word	1074790448
 165 0064 06000080 		.word	-2147483642
 166 0068 04010B40 		.word	1074462980
 167 006c 04030140 		.word	1073808132
 168 0070 00000140 		.word	1073807360
 169 0074 41FF0080 		.word	-2147418303
 170 0078 00030140 		.word	1073808128
 171 007c 40FF0080 		.word	-2147418304
 172 0080 08010B40 		.word	1074462984
 173 0084 00010B40 		.word	1074462976
 174 0088 14010140 		.word	1073807636
 175 008c 08010140 		.word	1073807624
 176 0090 00000000 		.word	CySysWdtIsr
 177 0094 0C020B40 		.word	1074463244
 178              		.cfi_endproc
 179              	.LFE4:
 180              		.size	ClockSetup, .-ClockSetup
 181              		.align	2
 182              		.global	cyfitter_cfg
 183              		.code	16
 184              		.thumb_func
 185              		.type	cyfitter_cfg, %function
 186              	cyfitter_cfg:
 187              	.LFB6:
 230:Generated_Source\PSoC4/cyfitter_cfg.c **** 
 231:Generated_Source\PSoC4/cyfitter_cfg.c **** 
 232:Generated_Source\PSoC4/cyfitter_cfg.c **** 
 233:Generated_Source\PSoC4/cyfitter_cfg.c **** 
 234:Generated_Source\PSoC4/cyfitter_cfg.c **** /*******************************************************************************
 235:Generated_Source\PSoC4/cyfitter_cfg.c **** * Function Name: cyfitter_cfg
 236:Generated_Source\PSoC4/cyfitter_cfg.c **** ********************************************************************************
 237:Generated_Source\PSoC4/cyfitter_cfg.c **** * Summary:
 238:Generated_Source\PSoC4/cyfitter_cfg.c **** *  This function is called by the start-up code for the selected device. It
 239:Generated_Source\PSoC4/cyfitter_cfg.c **** *  performs all of the necessary device configuration based on the design
 240:Generated_Source\PSoC4/cyfitter_cfg.c **** *  settings.  This includes settings from the Design Wide Resources (DWR) such
 241:Generated_Source\PSoC4/cyfitter_cfg.c **** *  as Clocks and Pins as well as any component configuration that is necessary.
 242:Generated_Source\PSoC4/cyfitter_cfg.c **** *
 243:Generated_Source\PSoC4/cyfitter_cfg.c **** * Parameters:
 244:Generated_Source\PSoC4/cyfitter_cfg.c **** *   void
 245:Generated_Source\PSoC4/cyfitter_cfg.c **** *
 246:Generated_Source\PSoC4/cyfitter_cfg.c **** * Return:
 247:Generated_Source\PSoC4/cyfitter_cfg.c **** *   void
 248:Generated_Source\PSoC4/cyfitter_cfg.c **** *
 249:Generated_Source\PSoC4/cyfitter_cfg.c **** *******************************************************************************/
 250:Generated_Source\PSoC4/cyfitter_cfg.c **** CY_CFG_SECTION
ARM GAS  C:\Users\tsien\AppData\Local\Temp\cc33oFhP.s 			page 9


 251:Generated_Source\PSoC4/cyfitter_cfg.c **** void cyfitter_cfg(void)
 252:Generated_Source\PSoC4/cyfitter_cfg.c **** {
 188              		.loc 1 252 0
 189              		.cfi_startproc
 190              		@ args = 0, pretend = 0, frame = 0
 191              		@ frame_needed = 0, uses_anonymous_args = 0
 192 0098 10B5     		push	{r4, lr}
 193              		.cfi_def_cfa_offset 8
 194              		.cfi_offset 4, -8
 195              		.cfi_offset 14, -4
 253:Generated_Source\PSoC4/cyfitter_cfg.c **** 	/* Disable interrupts by default. Let user enable if/when they want. */
 254:Generated_Source\PSoC4/cyfitter_cfg.c **** 	CyGlobalIntDisable;
 196              		.loc 1 254 0
 197              		.syntax divided
 198              	@ 254 "Generated_Source\PSoC4\cyfitter_cfg.c" 1
 199 009a 72B6     		CPSID   i
 200              	@ 0 "" 2
 201              	.LVL6:
 202              		.thumb
 203              		.syntax unified
 204              	.LBB2:
 255:Generated_Source\PSoC4/cyfitter_cfg.c **** 
 256:Generated_Source\PSoC4/cyfitter_cfg.c **** 	{
 257:Generated_Source\PSoC4/cyfitter_cfg.c **** 
 258:Generated_Source\PSoC4/cyfitter_cfg.c **** 		CYPACKED typedef struct {
 259:Generated_Source\PSoC4/cyfitter_cfg.c **** 			void CYFAR *address;
 260:Generated_Source\PSoC4/cyfitter_cfg.c **** 			uint16 size;
 261:Generated_Source\PSoC4/cyfitter_cfg.c **** 		} CYPACKED_ATTR cfg_memset_t;
 262:Generated_Source\PSoC4/cyfitter_cfg.c **** 
 263:Generated_Source\PSoC4/cyfitter_cfg.c **** 		static const cfg_memset_t CYCODE cfg_memset_list[] = {
 264:Generated_Source\PSoC4/cyfitter_cfg.c **** 			/* address, size */
 265:Generated_Source\PSoC4/cyfitter_cfg.c **** 			{(void CYFAR *)(CYDEV_UDB_P0_U0_BASE), 1024u},
 266:Generated_Source\PSoC4/cyfitter_cfg.c **** 			{(void CYFAR *)(CYDEV_UDB_DSI0_BASE), 1024u},
 267:Generated_Source\PSoC4/cyfitter_cfg.c **** 		};
 268:Generated_Source\PSoC4/cyfitter_cfg.c **** 
 269:Generated_Source\PSoC4/cyfitter_cfg.c **** 		uint8 CYDATA i;
 270:Generated_Source\PSoC4/cyfitter_cfg.c **** 
 271:Generated_Source\PSoC4/cyfitter_cfg.c **** 		/* Zero out critical memory blocks before beginning configuration */
 272:Generated_Source\PSoC4/cyfitter_cfg.c **** 		for (i = 0u; i < (sizeof(cfg_memset_list)/sizeof(cfg_memset_list[0])); i++)
 205              		.loc 1 272 0
 206 009c 0024     		movs	r4, #0
 207 009e 0FE0     		b	.L9
 208              	.LVL7:
 209              	.L10:
 210              	.LBB3:
 273:Generated_Source\PSoC4/cyfitter_cfg.c **** 		{
 274:Generated_Source\PSoC4/cyfitter_cfg.c **** 			const cfg_memset_t CYCODE * CYDATA ms = &cfg_memset_list[i];
 275:Generated_Source\PSoC4/cyfitter_cfg.c **** 			CYMEMZERO(ms->address, (size_t)(uint32)(ms->size));
 211              		.loc 1 275 0 discriminator 3
 212 00a0 1F48     		ldr	r0, .L11
 213 00a2 6200     		lsls	r2, r4, #1
 214 00a4 1319     		adds	r3, r2, r4
 215 00a6 5900     		lsls	r1, r3, #1
 216 00a8 0B00     		movs	r3, r1
 217 00aa 4118     		adds	r1, r0, r1
 218 00ac 8988     		ldrh	r1, [r1, #4]
 219 00ae 1A5A     		ldrh	r2, [r3, r0]
ARM GAS  C:\Users\tsien\AppData\Local\Temp\cc33oFhP.s 			page 10


 220 00b0 C318     		adds	r3, r0, r3
 221 00b2 5888     		ldrh	r0, [r3, #2]
 222 00b4 0004     		lsls	r0, r0, #16
 223 00b6 1043     		orrs	r0, r2
 224 00b8 FFF7FEFF 		bl	CYMEMZERO
 225              	.LVL8:
 226              	.LBE3:
 272:Generated_Source\PSoC4/cyfitter_cfg.c **** 		{
 227              		.loc 1 272 0 discriminator 3
 228 00bc 0134     		adds	r4, r4, #1
 229              	.LVL9:
 230 00be E4B2     		uxtb	r4, r4
 231              	.LVL10:
 232              	.L9:
 272:Generated_Source\PSoC4/cyfitter_cfg.c **** 		{
 233              		.loc 1 272 0 is_stmt 0 discriminator 1
 234 00c0 012C     		cmp	r4, #1
 235 00c2 EDD9     		bls	.L10
 276:Generated_Source\PSoC4/cyfitter_cfg.c **** 		}
 277:Generated_Source\PSoC4/cyfitter_cfg.c **** 
 278:Generated_Source\PSoC4/cyfitter_cfg.c **** 		/* HSIOM Starting address: CYDEV_HSIOM_BASE */
 279:Generated_Source\PSoC4/cyfitter_cfg.c **** 		CY_SET_REG32((void *)(CYREG_HSIOM_PORT_SEL1), 0x000000EEu);
 236              		.loc 1 279 0 is_stmt 1
 237 00c4 EE22     		movs	r2, #238
 238 00c6 174B     		ldr	r3, .L11+4
 239 00c8 1A60     		str	r2, [r3]
 280:Generated_Source\PSoC4/cyfitter_cfg.c **** 		CY_SET_REG32((void *)(CYREG_HSIOM_PORT_SEL3), 0x0000EE00u);
 240              		.loc 1 280 0
 241 00ca EE22     		movs	r2, #238
 242 00cc 1202     		lsls	r2, r2, #8
 243 00ce 164B     		ldr	r3, .L11+8
 244 00d0 1A60     		str	r2, [r3]
 281:Generated_Source\PSoC4/cyfitter_cfg.c **** 		CY_SET_REG32((void *)(CYREG_HSIOM_PORT_SEL7), 0x00000099u);
 245              		.loc 1 281 0
 246 00d2 9922     		movs	r2, #153
 247 00d4 154B     		ldr	r3, .L11+12
 248 00d6 1A60     		str	r2, [r3]
 282:Generated_Source\PSoC4/cyfitter_cfg.c **** 
 283:Generated_Source\PSoC4/cyfitter_cfg.c **** 		/* UDB_PA_1 Starting address: CYDEV_UDB_PA1_BASE */
 284:Generated_Source\PSoC4/cyfitter_cfg.c **** 		CY_SET_REG32((void *)(CYDEV_UDB_PA1_BASE), 0x00990000u);
 249              		.loc 1 284 0
 250 00d8 9923     		movs	r3, #153
 251 00da 1B04     		lsls	r3, r3, #16
 252 00dc 144A     		ldr	r2, .L11+16
 253 00de 1360     		str	r3, [r2]
 285:Generated_Source\PSoC4/cyfitter_cfg.c **** 
 286:Generated_Source\PSoC4/cyfitter_cfg.c **** 		/* UDB_PA_3 Starting address: CYDEV_UDB_PA3_BASE */
 287:Generated_Source\PSoC4/cyfitter_cfg.c **** 		CY_SET_REG32((void *)(CYDEV_UDB_PA3_BASE), 0x00990000u);
 254              		.loc 1 287 0
 255 00e0 144A     		ldr	r2, .L11+20
 256 00e2 1360     		str	r3, [r2]
 288:Generated_Source\PSoC4/cyfitter_cfg.c **** 
 289:Generated_Source\PSoC4/cyfitter_cfg.c **** 		/* Enable digital routing */
 290:Generated_Source\PSoC4/cyfitter_cfg.c **** 		CY_SET_XTND_REG8((void *)CYREG_UDB_UDBIF_BANK_CTL, (uint8)(CY_GET_XTND_REG8((void *)CYREG_UDB_UDB
 257              		.loc 1 290 0
 258 00e4 144A     		ldr	r2, .L11+24
 259 00e6 1178     		ldrb	r1, [r2]
ARM GAS  C:\Users\tsien\AppData\Local\Temp\cc33oFhP.s 			page 11


 260 00e8 0623     		movs	r3, #6
 261 00ea 0B43     		orrs	r3, r1
 262 00ec DBB2     		uxtb	r3, r3
 263 00ee 1370     		strb	r3, [r2]
 264              	.LBE2:
 291:Generated_Source\PSoC4/cyfitter_cfg.c **** 	}
 292:Generated_Source\PSoC4/cyfitter_cfg.c **** 
 293:Generated_Source\PSoC4/cyfitter_cfg.c **** 	/* Perform second pass device configuration. These items must be configured in specific order afte
 294:Generated_Source\PSoC4/cyfitter_cfg.c **** 	/* IOPINS0_1 Starting address: CYDEV_GPIO_PRT1_BASE */
 295:Generated_Source\PSoC4/cyfitter_cfg.c **** 	CY_SET_REG32((void *)(CYDEV_GPIO_PRT1_BASE), 0x00000003u);
 265              		.loc 1 295 0
 266 00f0 0322     		movs	r2, #3
 267 00f2 124B     		ldr	r3, .L11+28
 268 00f4 1A60     		str	r2, [r3]
 296:Generated_Source\PSoC4/cyfitter_cfg.c **** 	CY_SET_REG32((void *)(CYREG_GPIO_PRT1_PC), 0x00000024u);
 269              		.loc 1 296 0
 270 00f6 2132     		adds	r2, r2, #33
 271 00f8 114B     		ldr	r3, .L11+32
 272 00fa 1A60     		str	r2, [r3]
 297:Generated_Source\PSoC4/cyfitter_cfg.c **** 
 298:Generated_Source\PSoC4/cyfitter_cfg.c **** 	/* IOPINS0_3 Starting address: CYDEV_GPIO_PRT3_BASE */
 299:Generated_Source\PSoC4/cyfitter_cfg.c **** 	CY_SET_REG32((void *)(CYREG_GPIO_PRT3_PC), 0x00000D80u);
 273              		.loc 1 299 0
 274 00fc D822     		movs	r2, #216
 275 00fe 1201     		lsls	r2, r2, #4
 276 0100 104B     		ldr	r3, .L11+36
 277 0102 1A60     		str	r2, [r3]
 300:Generated_Source\PSoC4/cyfitter_cfg.c **** 
 301:Generated_Source\PSoC4/cyfitter_cfg.c **** 	/* IOPINS0_7 Starting address: CYDEV_GPIO_PRT7_BASE */
 302:Generated_Source\PSoC4/cyfitter_cfg.c **** 	CY_SET_REG32((void *)(CYDEV_GPIO_PRT7_BASE), 0x00000002u);
 278              		.loc 1 302 0
 279 0104 0223     		movs	r3, #2
 280 0106 104A     		ldr	r2, .L11+40
 281 0108 1360     		str	r3, [r2]
 303:Generated_Source\PSoC4/cyfitter_cfg.c **** 	CY_SET_REG32((void *)(CYREG_GPIO_PRT7_PC), 0x00000031u);
 282              		.loc 1 303 0
 283 010a 3121     		movs	r1, #49
 284 010c 0F4A     		ldr	r2, .L11+44
 285 010e 1160     		str	r1, [r2]
 304:Generated_Source\PSoC4/cyfitter_cfg.c **** 	CY_SET_REG32((void *)(CYREG_GPIO_PRT7_PC2), 0x00000002u);
 286              		.loc 1 304 0
 287 0110 0F4A     		ldr	r2, .L11+48
 288 0112 1360     		str	r3, [r2]
 305:Generated_Source\PSoC4/cyfitter_cfg.c **** 
 306:Generated_Source\PSoC4/cyfitter_cfg.c **** 
 307:Generated_Source\PSoC4/cyfitter_cfg.c **** 	/* Setup clocks based on selections from Clock DWR */
 308:Generated_Source\PSoC4/cyfitter_cfg.c **** 	ClockSetup();
 289              		.loc 1 308 0
 290 0114 FFF774FF 		bl	ClockSetup
 291              	.LVL11:
 309:Generated_Source\PSoC4/cyfitter_cfg.c **** 
 310:Generated_Source\PSoC4/cyfitter_cfg.c **** 	/* Perform basic analog initialization to defaults */
 311:Generated_Source\PSoC4/cyfitter_cfg.c **** 	AnalogSetDefault();
 292              		.loc 1 311 0
 293 0118 FFF7FEFF 		bl	AnalogSetDefault
 294              	.LVL12:
 312:Generated_Source\PSoC4/cyfitter_cfg.c **** 
ARM GAS  C:\Users\tsien\AppData\Local\Temp\cc33oFhP.s 			page 12


 313:Generated_Source\PSoC4/cyfitter_cfg.c **** }
 295              		.loc 1 313 0
 296              		@ sp needed
 297              	.LVL13:
 298 011c 10BD     		pop	{r4, pc}
 299              	.L12:
 300 011e C046     		.align	2
 301              	.L11:
 302 0120 00000000 		.word	.LANCHOR0
 303 0124 00010240 		.word	1073873152
 304 0128 00030240 		.word	1073873664
 305 012c 00070240 		.word	1073874688
 306 0130 10500F40 		.word	1074745360
 307 0134 30500F40 		.word	1074745392
 308 0138 00700F40 		.word	1074753536
 309 013c 00010440 		.word	1074004224
 310 0140 08010440 		.word	1074004232
 311 0144 08030440 		.word	1074004744
 312 0148 00070440 		.word	1074005760
 313 014c 08070440 		.word	1074005768
 314 0150 18070440 		.word	1074005784
 315              		.cfi_endproc
 316              	.LFE6:
 317              		.size	cyfitter_cfg, .-cyfitter_cfg
 318              		.section	.rodata
 319              		.align	2
 320              		.set	.LANCHOR0,. + 0
 321              		.type	cfg_memset_list.4888, %object
 322              		.size	cfg_memset_list.4888, 12
 323              	cfg_memset_list.4888:
 324 0000 00300F40 		.word	1074737152
 325 0004 0004     		.short	1024
 326 0006 00400F40 		.4byte	1074741248
 327 000a 0004     		.short	1024
 328              		.text
 329              	.Letext0:
 330              		.file 2 "c:\\program files (x86)\\cypress\\psoc creator\\4.4\\psoc creator\\import\\gnu\\arm\\5.4.
 331              		.file 3 "Generated_Source\\PSoC4\\cytypes.h"
 332              		.file 4 "Generated_Source\\PSoC4\\CyLib.h"
 333              		.section	.debug_info,"",%progbits
 334              	.Ldebug_info0:
 335 0000 94020000 		.4byte	0x294
 336 0004 0400     		.2byte	0x4
 337 0006 00000000 		.4byte	.Ldebug_abbrev0
 338 000a 04       		.byte	0x4
 339 000b 01       		.uleb128 0x1
 340 000c FC000000 		.4byte	.LASF29
 341 0010 0C       		.byte	0xc
 342 0011 57020000 		.4byte	.LASF30
 343 0015 D2010000 		.4byte	.LASF31
 344 0019 00000000 		.4byte	.Ldebug_ranges0+0
 345 001d 00000000 		.4byte	0
 346 0021 00000000 		.4byte	.Ldebug_line0
 347 0025 02       		.uleb128 0x2
 348 0026 04       		.byte	0x4
 349 0027 05       		.byte	0x5
 350 0028 696E7400 		.ascii	"int\000"
ARM GAS  C:\Users\tsien\AppData\Local\Temp\cc33oFhP.s 			page 13


 351 002c 03       		.uleb128 0x3
 352 002d 06000000 		.4byte	.LASF12
 353 0031 02       		.byte	0x2
 354 0032 D8       		.byte	0xd8
 355 0033 37000000 		.4byte	0x37
 356 0037 04       		.uleb128 0x4
 357 0038 04       		.byte	0x4
 358 0039 07       		.byte	0x7
 359 003a C3000000 		.4byte	.LASF0
 360 003e 04       		.uleb128 0x4
 361 003f 08       		.byte	0x8
 362 0040 05       		.byte	0x5
 363 0041 A0010000 		.4byte	.LASF1
 364 0045 04       		.uleb128 0x4
 365 0046 08       		.byte	0x8
 366 0047 04       		.byte	0x4
 367 0048 3F020000 		.4byte	.LASF2
 368 004c 04       		.uleb128 0x4
 369 004d 01       		.byte	0x1
 370 004e 06       		.byte	0x6
 371 004f 4B020000 		.4byte	.LASF3
 372 0053 04       		.uleb128 0x4
 373 0054 01       		.byte	0x1
 374 0055 08       		.byte	0x8
 375 0056 8D000000 		.4byte	.LASF4
 376 005a 04       		.uleb128 0x4
 377 005b 02       		.byte	0x2
 378 005c 05       		.byte	0x5
 379 005d B3010000 		.4byte	.LASF5
 380 0061 04       		.uleb128 0x4
 381 0062 02       		.byte	0x2
 382 0063 07       		.byte	0x7
 383 0064 48000000 		.4byte	.LASF6
 384 0068 04       		.uleb128 0x4
 385 0069 04       		.byte	0x4
 386 006a 05       		.byte	0x5
 387 006b 36020000 		.4byte	.LASF7
 388 006f 04       		.uleb128 0x4
 389 0070 04       		.byte	0x4
 390 0071 07       		.byte	0x7
 391 0072 6B000000 		.4byte	.LASF8
 392 0076 04       		.uleb128 0x4
 393 0077 08       		.byte	0x8
 394 0078 07       		.byte	0x7
 395 0079 E5000000 		.4byte	.LASF9
 396 007d 04       		.uleb128 0x4
 397 007e 04       		.byte	0x4
 398 007f 07       		.byte	0x7
 399 0080 97010000 		.4byte	.LASF10
 400 0084 05       		.uleb128 0x5
 401 0085 04       		.byte	0x4
 402 0086 04       		.uleb128 0x4
 403 0087 01       		.byte	0x1
 404 0088 08       		.byte	0x8
 405 0089 AE010000 		.4byte	.LASF11
 406 008d 06       		.uleb128 0x6
 407 008e 7D000000 		.4byte	.LASF13
ARM GAS  C:\Users\tsien\AppData\Local\Temp\cc33oFhP.s 			page 14


 408 0092 03       		.byte	0x3
 409 0093 FB01     		.2byte	0x1fb
 410 0095 53000000 		.4byte	0x53
 411 0099 06       		.uleb128 0x6
 412 009a B5000000 		.4byte	.LASF14
 413 009e 03       		.byte	0x3
 414 009f FC01     		.2byte	0x1fc
 415 00a1 61000000 		.4byte	0x61
 416 00a5 06       		.uleb128 0x6
 417 00a6 BC000000 		.4byte	.LASF15
 418 00aa 03       		.byte	0x3
 419 00ab FD01     		.2byte	0x1fd
 420 00ad 6F000000 		.4byte	0x6f
 421 00b1 04       		.uleb128 0x4
 422 00b2 04       		.byte	0x4
 423 00b3 04       		.byte	0x4
 424 00b4 5B000000 		.4byte	.LASF16
 425 00b8 04       		.uleb128 0x4
 426 00b9 08       		.byte	0x8
 427 00ba 04       		.byte	0x4
 428 00bb A2000000 		.4byte	.LASF17
 429 00bf 06       		.uleb128 0x6
 430 00c0 66000000 		.4byte	.LASF18
 431 00c4 03       		.byte	0x3
 432 00c5 A502     		.2byte	0x2a5
 433 00c7 CB000000 		.4byte	0xcb
 434 00cb 07       		.uleb128 0x7
 435 00cc 8D000000 		.4byte	0x8d
 436 00d0 06       		.uleb128 0x6
 437 00d1 00000000 		.4byte	.LASF19
 438 00d5 03       		.byte	0x3
 439 00d6 A702     		.2byte	0x2a7
 440 00d8 DC000000 		.4byte	0xdc
 441 00dc 07       		.uleb128 0x7
 442 00dd A5000000 		.4byte	0xa5
 443 00e1 08       		.uleb128 0x8
 444 00e2 0D000000 		.4byte	.LASF32
 445 00e6 01       		.byte	0x1
 446 00e7 E0       		.byte	0xe0
 447 00e8 00000000 		.4byte	.LFB5
 448 00ec 20000000 		.4byte	.LFE5-.LFB5
 449 00f0 01       		.uleb128 0x1
 450 00f1 9C       		.byte	0x9c
 451 00f2 09       		.uleb128 0x9
 452 00f3 83000000 		.4byte	.LASF20
 453 00f7 01       		.byte	0x1
 454 00f8 4C       		.byte	0x4c
 455 00f9 00000000 		.4byte	.LFB1
 456 00fd 0C000000 		.4byte	.LFE1-.LFB1
 457 0101 01       		.uleb128 0x1
 458 0102 9C       		.byte	0x9c
 459 0103 3F010000 		.4byte	0x13f
 460 0107 0A       		.uleb128 0xa
 461 0108 7300     		.ascii	"s\000"
 462 010a 01       		.byte	0x1
 463 010b 4C       		.byte	0x4c
 464 010c 84000000 		.4byte	0x84
ARM GAS  C:\Users\tsien\AppData\Local\Temp\cc33oFhP.s 			page 15


 465 0110 00000000 		.4byte	.LLST0
 466 0114 0A       		.uleb128 0xa
 467 0115 6E00     		.ascii	"n\000"
 468 0117 01       		.byte	0x1
 469 0118 4C       		.byte	0x4c
 470 0119 2C000000 		.4byte	0x2c
 471 011d 21000000 		.4byte	.LLST1
 472 0121 0B       		.uleb128 0xb
 473 0122 0A000000 		.4byte	.LVL2
 474 0126 6D020000 		.4byte	0x26d
 475 012a 0C       		.uleb128 0xc
 476 012b 01       		.uleb128 0x1
 477 012c 50       		.byte	0x50
 478 012d 03       		.uleb128 0x3
 479 012e F3       		.byte	0xf3
 480 012f 01       		.uleb128 0x1
 481 0130 50       		.byte	0x50
 482 0131 0C       		.uleb128 0xc
 483 0132 01       		.uleb128 0x1
 484 0133 51       		.byte	0x51
 485 0134 01       		.uleb128 0x1
 486 0135 30       		.byte	0x30
 487 0136 0C       		.uleb128 0xc
 488 0137 01       		.uleb128 0x1
 489 0138 52       		.byte	0x52
 490 0139 03       		.uleb128 0x3
 491 013a F3       		.byte	0xf3
 492 013b 01       		.uleb128 0x1
 493 013c 51       		.byte	0x51
 494 013d 00       		.byte	0
 495 013e 00       		.byte	0
 496 013f 09       		.uleb128 0x9
 497 0140 3D000000 		.4byte	.LASF21
 498 0144 01       		.byte	0x1
 499 0145 AA       		.byte	0xaa
 500 0146 00000000 		.4byte	.LFB4
 501 014a 98000000 		.4byte	.LFE4-.LFB4
 502 014e 01       		.uleb128 0x1
 503 014f 9C       		.byte	0x9c
 504 0150 8B010000 		.4byte	0x18b
 505 0154 0D       		.uleb128 0xd
 506 0155 0E000000 		.4byte	.LVL3
 507 0159 76020000 		.4byte	0x276
 508 015d 68010000 		.4byte	0x168
 509 0161 0C       		.uleb128 0xc
 510 0162 01       		.uleb128 0x1
 511 0163 50       		.byte	0x50
 512 0164 02       		.uleb128 0x2
 513 0165 08       		.byte	0x8
 514 0166 30       		.byte	0x30
 515 0167 00       		.byte	0
 516 0168 0D       		.uleb128 0xd
 517 0169 52000000 		.4byte	.LVL4
 518 016d 81020000 		.4byte	0x281
 519 0171 7B010000 		.4byte	0x17b
 520 0175 0C       		.uleb128 0xc
 521 0176 01       		.uleb128 0x1
ARM GAS  C:\Users\tsien\AppData\Local\Temp\cc33oFhP.s 			page 16


 522 0177 50       		.byte	0x50
 523 0178 01       		.uleb128 0x1
 524 0179 37       		.byte	0x37
 525 017a 00       		.byte	0
 526 017b 0B       		.uleb128 0xb
 527 017c 58000000 		.4byte	.LVL5
 528 0180 8C020000 		.4byte	0x28c
 529 0184 0C       		.uleb128 0xc
 530 0185 01       		.uleb128 0x1
 531 0186 50       		.byte	0x50
 532 0187 01       		.uleb128 0x1
 533 0188 37       		.byte	0x37
 534 0189 00       		.byte	0
 535 018a 00       		.byte	0
 536 018b 0E       		.uleb128 0xe
 537 018c D0000000 		.4byte	.LASF33
 538 0190 01       		.byte	0x1
 539 0191 FB       		.byte	0xfb
 540 0192 98000000 		.4byte	.LFB6
 541 0196 BC000000 		.4byte	.LFE6-.LFB6
 542 019a 01       		.uleb128 0x1
 543 019b 9C       		.byte	0x9c
 544 019c 6D020000 		.4byte	0x26d
 545 01a0 0F       		.uleb128 0xf
 546 01a1 9C000000 		.4byte	.LBB2
 547 01a5 54000000 		.4byte	.LBE2-.LBB2
 548 01a9 5A020000 		.4byte	0x25a
 549 01ad 10       		.uleb128 0x10
 550 01ae 06       		.byte	0x6
 551 01af 01       		.byte	0x1
 552 01b0 0201     		.2byte	0x102
 553 01b2 D1010000 		.4byte	0x1d1
 554 01b6 11       		.uleb128 0x11
 555 01b7 DD000000 		.4byte	.LASF22
 556 01bb 01       		.byte	0x1
 557 01bc 0301     		.2byte	0x103
 558 01be 84000000 		.4byte	0x84
 559 01c2 00       		.byte	0
 560 01c3 11       		.uleb128 0x11
 561 01c4 61000000 		.4byte	.LASF23
 562 01c8 01       		.byte	0x1
 563 01c9 0401     		.2byte	0x104
 564 01cb 99000000 		.4byte	0x99
 565 01cf 04       		.byte	0x4
 566 01d0 00       		.byte	0
 567 01d1 06       		.uleb128 0x6
 568 01d2 8A010000 		.4byte	.LASF24
 569 01d6 01       		.byte	0x1
 570 01d7 0501     		.2byte	0x105
 571 01d9 AD010000 		.4byte	0x1ad
 572 01dd 12       		.uleb128 0x12
 573 01de ED010000 		.4byte	0x1ed
 574 01e2 ED010000 		.4byte	0x1ed
 575 01e6 13       		.uleb128 0x13
 576 01e7 7D000000 		.4byte	0x7d
 577 01eb 01       		.byte	0x1
 578 01ec 00       		.byte	0
ARM GAS  C:\Users\tsien\AppData\Local\Temp\cc33oFhP.s 			page 17


 579 01ed 14       		.uleb128 0x14
 580 01ee D1010000 		.4byte	0x1d1
 581 01f2 15       		.uleb128 0x15
 582 01f3 2D000000 		.4byte	.LASF25
 583 01f7 01       		.byte	0x1
 584 01f8 0701     		.2byte	0x107
 585 01fa 04020000 		.4byte	0x204
 586 01fe 05       		.uleb128 0x5
 587 01ff 03       		.byte	0x3
 588 0200 00000000 		.4byte	cfg_memset_list.4888
 589 0204 14       		.uleb128 0x14
 590 0205 DD010000 		.4byte	0x1dd
 591 0209 16       		.uleb128 0x16
 592 020a 6900     		.ascii	"i\000"
 593 020c 01       		.byte	0x1
 594 020d 0D01     		.2byte	0x10d
 595 020f 8D000000 		.4byte	0x8d
 596 0213 4D000000 		.4byte	.LLST2
 597 0217 17       		.uleb128 0x17
 598 0218 A0000000 		.4byte	.LBB3
 599 021c 1C000000 		.4byte	.LBE3-.LBB3
 600 0220 16       		.uleb128 0x16
 601 0221 6D7300   		.ascii	"ms\000"
 602 0224 01       		.byte	0x1
 603 0225 1201     		.2byte	0x112
 604 0227 2F020000 		.4byte	0x22f
 605 022b 77000000 		.4byte	.LLST3
 606 022f 18       		.uleb128 0x18
 607 0230 04       		.byte	0x4
 608 0231 ED010000 		.4byte	0x1ed
 609 0235 0B       		.uleb128 0xb
 610 0236 BC000000 		.4byte	.LVL8
 611 023a F2000000 		.4byte	0xf2
 612 023e 0C       		.uleb128 0xc
 613 023f 01       		.uleb128 0x1
 614 0240 51       		.byte	0x51
 615 0241 15       		.uleb128 0x15
 616 0242 74       		.byte	0x74
 617 0243 00       		.sleb128 0
 618 0244 31       		.byte	0x31
 619 0245 24       		.byte	0x24
 620 0246 74       		.byte	0x74
 621 0247 00       		.sleb128 0
 622 0248 22       		.byte	0x22
 623 0249 31       		.byte	0x31
 624 024a 24       		.byte	0x24
 625 024b 03       		.byte	0x3
 626 024c 04000000 		.4byte	.LANCHOR0+4
 627 0250 22       		.byte	0x22
 628 0251 94       		.byte	0x94
 629 0252 02       		.byte	0x2
 630 0253 0A       		.byte	0xa
 631 0254 FFFF     		.2byte	0xffff
 632 0256 1A       		.byte	0x1a
 633 0257 00       		.byte	0
 634 0258 00       		.byte	0
 635 0259 00       		.byte	0
ARM GAS  C:\Users\tsien\AppData\Local\Temp\cc33oFhP.s 			page 18


 636 025a 19       		.uleb128 0x19
 637 025b 18010000 		.4byte	.LVL11
 638 025f 3F010000 		.4byte	0x13f
 639 0263 19       		.uleb128 0x19
 640 0264 1C010000 		.4byte	.LVL12
 641 0268 E1000000 		.4byte	0xe1
 642 026c 00       		.byte	0
 643 026d 1A       		.uleb128 0x1a
 644 026e 9B000000 		.4byte	.LASF34
 645 0272 9B000000 		.4byte	.LASF34
 646 0276 1B       		.uleb128 0x1b
 647 0277 BD010000 		.4byte	.LASF26
 648 027b BD010000 		.4byte	.LASF26
 649 027f 04       		.byte	0x4
 650 0280 6C       		.byte	0x6c
 651 0281 1B       		.uleb128 0x1b
 652 0282 1E000000 		.4byte	.LASF27
 653 0286 1E000000 		.4byte	.LASF27
 654 028a 04       		.byte	0x4
 655 028b D0       		.byte	0xd0
 656 028c 1B       		.uleb128 0x1b
 657 028d A9000000 		.4byte	.LASF28
 658 0291 A9000000 		.4byte	.LASF28
 659 0295 04       		.byte	0x4
 660 0296 D6       		.byte	0xd6
 661 0297 00       		.byte	0
 662              		.section	.debug_abbrev,"",%progbits
 663              	.Ldebug_abbrev0:
 664 0000 01       		.uleb128 0x1
 665 0001 11       		.uleb128 0x11
 666 0002 01       		.byte	0x1
 667 0003 25       		.uleb128 0x25
 668 0004 0E       		.uleb128 0xe
 669 0005 13       		.uleb128 0x13
 670 0006 0B       		.uleb128 0xb
 671 0007 03       		.uleb128 0x3
 672 0008 0E       		.uleb128 0xe
 673 0009 1B       		.uleb128 0x1b
 674 000a 0E       		.uleb128 0xe
 675 000b 55       		.uleb128 0x55
 676 000c 17       		.uleb128 0x17
 677 000d 11       		.uleb128 0x11
 678 000e 01       		.uleb128 0x1
 679 000f 10       		.uleb128 0x10
 680 0010 17       		.uleb128 0x17
 681 0011 00       		.byte	0
 682 0012 00       		.byte	0
 683 0013 02       		.uleb128 0x2
 684 0014 24       		.uleb128 0x24
 685 0015 00       		.byte	0
 686 0016 0B       		.uleb128 0xb
 687 0017 0B       		.uleb128 0xb
 688 0018 3E       		.uleb128 0x3e
 689 0019 0B       		.uleb128 0xb
 690 001a 03       		.uleb128 0x3
 691 001b 08       		.uleb128 0x8
 692 001c 00       		.byte	0
ARM GAS  C:\Users\tsien\AppData\Local\Temp\cc33oFhP.s 			page 19


 693 001d 00       		.byte	0
 694 001e 03       		.uleb128 0x3
 695 001f 16       		.uleb128 0x16
 696 0020 00       		.byte	0
 697 0021 03       		.uleb128 0x3
 698 0022 0E       		.uleb128 0xe
 699 0023 3A       		.uleb128 0x3a
 700 0024 0B       		.uleb128 0xb
 701 0025 3B       		.uleb128 0x3b
 702 0026 0B       		.uleb128 0xb
 703 0027 49       		.uleb128 0x49
 704 0028 13       		.uleb128 0x13
 705 0029 00       		.byte	0
 706 002a 00       		.byte	0
 707 002b 04       		.uleb128 0x4
 708 002c 24       		.uleb128 0x24
 709 002d 00       		.byte	0
 710 002e 0B       		.uleb128 0xb
 711 002f 0B       		.uleb128 0xb
 712 0030 3E       		.uleb128 0x3e
 713 0031 0B       		.uleb128 0xb
 714 0032 03       		.uleb128 0x3
 715 0033 0E       		.uleb128 0xe
 716 0034 00       		.byte	0
 717 0035 00       		.byte	0
 718 0036 05       		.uleb128 0x5
 719 0037 0F       		.uleb128 0xf
 720 0038 00       		.byte	0
 721 0039 0B       		.uleb128 0xb
 722 003a 0B       		.uleb128 0xb
 723 003b 00       		.byte	0
 724 003c 00       		.byte	0
 725 003d 06       		.uleb128 0x6
 726 003e 16       		.uleb128 0x16
 727 003f 00       		.byte	0
 728 0040 03       		.uleb128 0x3
 729 0041 0E       		.uleb128 0xe
 730 0042 3A       		.uleb128 0x3a
 731 0043 0B       		.uleb128 0xb
 732 0044 3B       		.uleb128 0x3b
 733 0045 05       		.uleb128 0x5
 734 0046 49       		.uleb128 0x49
 735 0047 13       		.uleb128 0x13
 736 0048 00       		.byte	0
 737 0049 00       		.byte	0
 738 004a 07       		.uleb128 0x7
 739 004b 35       		.uleb128 0x35
 740 004c 00       		.byte	0
 741 004d 49       		.uleb128 0x49
 742 004e 13       		.uleb128 0x13
 743 004f 00       		.byte	0
 744 0050 00       		.byte	0
 745 0051 08       		.uleb128 0x8
 746 0052 2E       		.uleb128 0x2e
 747 0053 00       		.byte	0
 748 0054 03       		.uleb128 0x3
 749 0055 0E       		.uleb128 0xe
ARM GAS  C:\Users\tsien\AppData\Local\Temp\cc33oFhP.s 			page 20


 750 0056 3A       		.uleb128 0x3a
 751 0057 0B       		.uleb128 0xb
 752 0058 3B       		.uleb128 0x3b
 753 0059 0B       		.uleb128 0xb
 754 005a 27       		.uleb128 0x27
 755 005b 19       		.uleb128 0x19
 756 005c 11       		.uleb128 0x11
 757 005d 01       		.uleb128 0x1
 758 005e 12       		.uleb128 0x12
 759 005f 06       		.uleb128 0x6
 760 0060 40       		.uleb128 0x40
 761 0061 18       		.uleb128 0x18
 762 0062 9742     		.uleb128 0x2117
 763 0064 19       		.uleb128 0x19
 764 0065 00       		.byte	0
 765 0066 00       		.byte	0
 766 0067 09       		.uleb128 0x9
 767 0068 2E       		.uleb128 0x2e
 768 0069 01       		.byte	0x1
 769 006a 03       		.uleb128 0x3
 770 006b 0E       		.uleb128 0xe
 771 006c 3A       		.uleb128 0x3a
 772 006d 0B       		.uleb128 0xb
 773 006e 3B       		.uleb128 0x3b
 774 006f 0B       		.uleb128 0xb
 775 0070 27       		.uleb128 0x27
 776 0071 19       		.uleb128 0x19
 777 0072 11       		.uleb128 0x11
 778 0073 01       		.uleb128 0x1
 779 0074 12       		.uleb128 0x12
 780 0075 06       		.uleb128 0x6
 781 0076 40       		.uleb128 0x40
 782 0077 18       		.uleb128 0x18
 783 0078 9742     		.uleb128 0x2117
 784 007a 19       		.uleb128 0x19
 785 007b 01       		.uleb128 0x1
 786 007c 13       		.uleb128 0x13
 787 007d 00       		.byte	0
 788 007e 00       		.byte	0
 789 007f 0A       		.uleb128 0xa
 790 0080 05       		.uleb128 0x5
 791 0081 00       		.byte	0
 792 0082 03       		.uleb128 0x3
 793 0083 08       		.uleb128 0x8
 794 0084 3A       		.uleb128 0x3a
 795 0085 0B       		.uleb128 0xb
 796 0086 3B       		.uleb128 0x3b
 797 0087 0B       		.uleb128 0xb
 798 0088 49       		.uleb128 0x49
 799 0089 13       		.uleb128 0x13
 800 008a 02       		.uleb128 0x2
 801 008b 17       		.uleb128 0x17
 802 008c 00       		.byte	0
 803 008d 00       		.byte	0
 804 008e 0B       		.uleb128 0xb
 805 008f 898201   		.uleb128 0x4109
 806 0092 01       		.byte	0x1
ARM GAS  C:\Users\tsien\AppData\Local\Temp\cc33oFhP.s 			page 21


 807 0093 11       		.uleb128 0x11
 808 0094 01       		.uleb128 0x1
 809 0095 31       		.uleb128 0x31
 810 0096 13       		.uleb128 0x13
 811 0097 00       		.byte	0
 812 0098 00       		.byte	0
 813 0099 0C       		.uleb128 0xc
 814 009a 8A8201   		.uleb128 0x410a
 815 009d 00       		.byte	0
 816 009e 02       		.uleb128 0x2
 817 009f 18       		.uleb128 0x18
 818 00a0 9142     		.uleb128 0x2111
 819 00a2 18       		.uleb128 0x18
 820 00a3 00       		.byte	0
 821 00a4 00       		.byte	0
 822 00a5 0D       		.uleb128 0xd
 823 00a6 898201   		.uleb128 0x4109
 824 00a9 01       		.byte	0x1
 825 00aa 11       		.uleb128 0x11
 826 00ab 01       		.uleb128 0x1
 827 00ac 31       		.uleb128 0x31
 828 00ad 13       		.uleb128 0x13
 829 00ae 01       		.uleb128 0x1
 830 00af 13       		.uleb128 0x13
 831 00b0 00       		.byte	0
 832 00b1 00       		.byte	0
 833 00b2 0E       		.uleb128 0xe
 834 00b3 2E       		.uleb128 0x2e
 835 00b4 01       		.byte	0x1
 836 00b5 3F       		.uleb128 0x3f
 837 00b6 19       		.uleb128 0x19
 838 00b7 03       		.uleb128 0x3
 839 00b8 0E       		.uleb128 0xe
 840 00b9 3A       		.uleb128 0x3a
 841 00ba 0B       		.uleb128 0xb
 842 00bb 3B       		.uleb128 0x3b
 843 00bc 0B       		.uleb128 0xb
 844 00bd 27       		.uleb128 0x27
 845 00be 19       		.uleb128 0x19
 846 00bf 11       		.uleb128 0x11
 847 00c0 01       		.uleb128 0x1
 848 00c1 12       		.uleb128 0x12
 849 00c2 06       		.uleb128 0x6
 850 00c3 40       		.uleb128 0x40
 851 00c4 18       		.uleb128 0x18
 852 00c5 9742     		.uleb128 0x2117
 853 00c7 19       		.uleb128 0x19
 854 00c8 01       		.uleb128 0x1
 855 00c9 13       		.uleb128 0x13
 856 00ca 00       		.byte	0
 857 00cb 00       		.byte	0
 858 00cc 0F       		.uleb128 0xf
 859 00cd 0B       		.uleb128 0xb
 860 00ce 01       		.byte	0x1
 861 00cf 11       		.uleb128 0x11
 862 00d0 01       		.uleb128 0x1
 863 00d1 12       		.uleb128 0x12
ARM GAS  C:\Users\tsien\AppData\Local\Temp\cc33oFhP.s 			page 22


 864 00d2 06       		.uleb128 0x6
 865 00d3 01       		.uleb128 0x1
 866 00d4 13       		.uleb128 0x13
 867 00d5 00       		.byte	0
 868 00d6 00       		.byte	0
 869 00d7 10       		.uleb128 0x10
 870 00d8 13       		.uleb128 0x13
 871 00d9 01       		.byte	0x1
 872 00da 0B       		.uleb128 0xb
 873 00db 0B       		.uleb128 0xb
 874 00dc 3A       		.uleb128 0x3a
 875 00dd 0B       		.uleb128 0xb
 876 00de 3B       		.uleb128 0x3b
 877 00df 05       		.uleb128 0x5
 878 00e0 01       		.uleb128 0x1
 879 00e1 13       		.uleb128 0x13
 880 00e2 00       		.byte	0
 881 00e3 00       		.byte	0
 882 00e4 11       		.uleb128 0x11
 883 00e5 0D       		.uleb128 0xd
 884 00e6 00       		.byte	0
 885 00e7 03       		.uleb128 0x3
 886 00e8 0E       		.uleb128 0xe
 887 00e9 3A       		.uleb128 0x3a
 888 00ea 0B       		.uleb128 0xb
 889 00eb 3B       		.uleb128 0x3b
 890 00ec 05       		.uleb128 0x5
 891 00ed 49       		.uleb128 0x49
 892 00ee 13       		.uleb128 0x13
 893 00ef 38       		.uleb128 0x38
 894 00f0 0B       		.uleb128 0xb
 895 00f1 00       		.byte	0
 896 00f2 00       		.byte	0
 897 00f3 12       		.uleb128 0x12
 898 00f4 01       		.uleb128 0x1
 899 00f5 01       		.byte	0x1
 900 00f6 49       		.uleb128 0x49
 901 00f7 13       		.uleb128 0x13
 902 00f8 01       		.uleb128 0x1
 903 00f9 13       		.uleb128 0x13
 904 00fa 00       		.byte	0
 905 00fb 00       		.byte	0
 906 00fc 13       		.uleb128 0x13
 907 00fd 21       		.uleb128 0x21
 908 00fe 00       		.byte	0
 909 00ff 49       		.uleb128 0x49
 910 0100 13       		.uleb128 0x13
 911 0101 2F       		.uleb128 0x2f
 912 0102 0B       		.uleb128 0xb
 913 0103 00       		.byte	0
 914 0104 00       		.byte	0
 915 0105 14       		.uleb128 0x14
 916 0106 26       		.uleb128 0x26
 917 0107 00       		.byte	0
 918 0108 49       		.uleb128 0x49
 919 0109 13       		.uleb128 0x13
 920 010a 00       		.byte	0
ARM GAS  C:\Users\tsien\AppData\Local\Temp\cc33oFhP.s 			page 23


 921 010b 00       		.byte	0
 922 010c 15       		.uleb128 0x15
 923 010d 34       		.uleb128 0x34
 924 010e 00       		.byte	0
 925 010f 03       		.uleb128 0x3
 926 0110 0E       		.uleb128 0xe
 927 0111 3A       		.uleb128 0x3a
 928 0112 0B       		.uleb128 0xb
 929 0113 3B       		.uleb128 0x3b
 930 0114 05       		.uleb128 0x5
 931 0115 49       		.uleb128 0x49
 932 0116 13       		.uleb128 0x13
 933 0117 02       		.uleb128 0x2
 934 0118 18       		.uleb128 0x18
 935 0119 00       		.byte	0
 936 011a 00       		.byte	0
 937 011b 16       		.uleb128 0x16
 938 011c 34       		.uleb128 0x34
 939 011d 00       		.byte	0
 940 011e 03       		.uleb128 0x3
 941 011f 08       		.uleb128 0x8
 942 0120 3A       		.uleb128 0x3a
 943 0121 0B       		.uleb128 0xb
 944 0122 3B       		.uleb128 0x3b
 945 0123 05       		.uleb128 0x5
 946 0124 49       		.uleb128 0x49
 947 0125 13       		.uleb128 0x13
 948 0126 02       		.uleb128 0x2
 949 0127 17       		.uleb128 0x17
 950 0128 00       		.byte	0
 951 0129 00       		.byte	0
 952 012a 17       		.uleb128 0x17
 953 012b 0B       		.uleb128 0xb
 954 012c 01       		.byte	0x1
 955 012d 11       		.uleb128 0x11
 956 012e 01       		.uleb128 0x1
 957 012f 12       		.uleb128 0x12
 958 0130 06       		.uleb128 0x6
 959 0131 00       		.byte	0
 960 0132 00       		.byte	0
 961 0133 18       		.uleb128 0x18
 962 0134 0F       		.uleb128 0xf
 963 0135 00       		.byte	0
 964 0136 0B       		.uleb128 0xb
 965 0137 0B       		.uleb128 0xb
 966 0138 49       		.uleb128 0x49
 967 0139 13       		.uleb128 0x13
 968 013a 00       		.byte	0
 969 013b 00       		.byte	0
 970 013c 19       		.uleb128 0x19
 971 013d 898201   		.uleb128 0x4109
 972 0140 00       		.byte	0
 973 0141 11       		.uleb128 0x11
 974 0142 01       		.uleb128 0x1
 975 0143 31       		.uleb128 0x31
 976 0144 13       		.uleb128 0x13
 977 0145 00       		.byte	0
ARM GAS  C:\Users\tsien\AppData\Local\Temp\cc33oFhP.s 			page 24


 978 0146 00       		.byte	0
 979 0147 1A       		.uleb128 0x1a
 980 0148 2E       		.uleb128 0x2e
 981 0149 00       		.byte	0
 982 014a 3F       		.uleb128 0x3f
 983 014b 19       		.uleb128 0x19
 984 014c 3C       		.uleb128 0x3c
 985 014d 19       		.uleb128 0x19
 986 014e 6E       		.uleb128 0x6e
 987 014f 0E       		.uleb128 0xe
 988 0150 03       		.uleb128 0x3
 989 0151 0E       		.uleb128 0xe
 990 0152 00       		.byte	0
 991 0153 00       		.byte	0
 992 0154 1B       		.uleb128 0x1b
 993 0155 2E       		.uleb128 0x2e
 994 0156 00       		.byte	0
 995 0157 3F       		.uleb128 0x3f
 996 0158 19       		.uleb128 0x19
 997 0159 3C       		.uleb128 0x3c
 998 015a 19       		.uleb128 0x19
 999 015b 6E       		.uleb128 0x6e
 1000 015c 0E       		.uleb128 0xe
 1001 015d 03       		.uleb128 0x3
 1002 015e 0E       		.uleb128 0xe
 1003 015f 3A       		.uleb128 0x3a
 1004 0160 0B       		.uleb128 0xb
 1005 0161 3B       		.uleb128 0x3b
 1006 0162 0B       		.uleb128 0xb
 1007 0163 00       		.byte	0
 1008 0164 00       		.byte	0
 1009 0165 00       		.byte	0
 1010              		.section	.debug_loc,"",%progbits
 1011              	.Ldebug_loc0:
 1012              	.LLST0:
 1013 0000 00000000 		.4byte	.LVL0
 1014 0004 09000000 		.4byte	.LVL2-1
 1015 0008 0100     		.2byte	0x1
 1016 000a 50       		.byte	0x50
 1017 000b 09000000 		.4byte	.LVL2-1
 1018 000f 0C000000 		.4byte	.LFE1
 1019 0013 0400     		.2byte	0x4
 1020 0015 F3       		.byte	0xf3
 1021 0016 01       		.uleb128 0x1
 1022 0017 50       		.byte	0x50
 1023 0018 9F       		.byte	0x9f
 1024 0019 00000000 		.4byte	0
 1025 001d 00000000 		.4byte	0
 1026              	.LLST1:
 1027 0021 00000000 		.4byte	.LVL0
 1028 0025 06000000 		.4byte	.LVL1
 1029 0029 0100     		.2byte	0x1
 1030 002b 51       		.byte	0x51
 1031 002c 06000000 		.4byte	.LVL1
 1032 0030 09000000 		.4byte	.LVL2-1
 1033 0034 0100     		.2byte	0x1
 1034 0036 52       		.byte	0x52
ARM GAS  C:\Users\tsien\AppData\Local\Temp\cc33oFhP.s 			page 25


 1035 0037 09000000 		.4byte	.LVL2-1
 1036 003b 0C000000 		.4byte	.LFE1
 1037 003f 0400     		.2byte	0x4
 1038 0041 F3       		.byte	0xf3
 1039 0042 01       		.uleb128 0x1
 1040 0043 51       		.byte	0x51
 1041 0044 9F       		.byte	0x9f
 1042 0045 00000000 		.4byte	0
 1043 0049 00000000 		.4byte	0
 1044              	.LLST2:
 1045 004d 9C000000 		.4byte	.LVL6
 1046 0051 A0000000 		.4byte	.LVL7
 1047 0055 0200     		.2byte	0x2
 1048 0057 30       		.byte	0x30
 1049 0058 9F       		.byte	0x9f
 1050 0059 A0000000 		.4byte	.LVL7
 1051 005d BE000000 		.4byte	.LVL9
 1052 0061 0100     		.2byte	0x1
 1053 0063 54       		.byte	0x54
 1054 0064 C0000000 		.4byte	.LVL10
 1055 0068 1C010000 		.4byte	.LVL13
 1056 006c 0100     		.2byte	0x1
 1057 006e 54       		.byte	0x54
 1058 006f 00000000 		.4byte	0
 1059 0073 00000000 		.4byte	0
 1060              	.LLST3:
 1061 0077 A0000000 		.4byte	.LVL7
 1062 007b BE000000 		.4byte	.LVL9
 1063 007f 0B00     		.2byte	0xb
 1064 0081 74       		.byte	0x74
 1065 0082 00       		.sleb128 0
 1066 0083 36       		.byte	0x36
 1067 0084 1E       		.byte	0x1e
 1068 0085 03       		.byte	0x3
 1069 0086 00000000 		.4byte	cfg_memset_list.4888
 1070 008a 22       		.byte	0x22
 1071 008b 9F       		.byte	0x9f
 1072 008c BE000000 		.4byte	.LVL9
 1073 0090 C0000000 		.4byte	.LVL10
 1074 0094 0B00     		.2byte	0xb
 1075 0096 74       		.byte	0x74
 1076 0097 7F       		.sleb128 -1
 1077 0098 36       		.byte	0x36
 1078 0099 1E       		.byte	0x1e
 1079 009a 03       		.byte	0x3
 1080 009b 00000000 		.4byte	cfg_memset_list.4888
 1081 009f 22       		.byte	0x22
 1082 00a0 9F       		.byte	0x9f
 1083 00a1 00000000 		.4byte	0
 1084 00a5 00000000 		.4byte	0
 1085              		.section	.debug_aranges,"",%progbits
 1086 0000 34000000 		.4byte	0x34
 1087 0004 0200     		.2byte	0x2
 1088 0006 00000000 		.4byte	.Ldebug_info0
 1089 000a 04       		.byte	0x4
 1090 000b 00       		.byte	0
 1091 000c 0000     		.2byte	0
ARM GAS  C:\Users\tsien\AppData\Local\Temp\cc33oFhP.s 			page 26


 1092 000e 0000     		.2byte	0
 1093 0010 00000000 		.4byte	.LFB5
 1094 0014 20000000 		.4byte	.LFE5-.LFB5
 1095 0018 00000000 		.4byte	.LFB1
 1096 001c 0C000000 		.4byte	.LFE1-.LFB1
 1097 0020 00000000 		.4byte	.LFB4
 1098 0024 98000000 		.4byte	.LFE4-.LFB4
 1099 0028 98000000 		.4byte	.LFB6
 1100 002c BC000000 		.4byte	.LFE6-.LFB6
 1101 0030 00000000 		.4byte	0
 1102 0034 00000000 		.4byte	0
 1103              		.section	.debug_ranges,"",%progbits
 1104              	.Ldebug_ranges0:
 1105 0000 00000000 		.4byte	.LFB5
 1106 0004 20000000 		.4byte	.LFE5
 1107 0008 00000000 		.4byte	.LFB1
 1108 000c 0C000000 		.4byte	.LFE1
 1109 0010 00000000 		.4byte	.LFB4
 1110 0014 98000000 		.4byte	.LFE4
 1111 0018 98000000 		.4byte	.LFB6
 1112 001c 54010000 		.4byte	.LFE6
 1113 0020 00000000 		.4byte	0
 1114 0024 00000000 		.4byte	0
 1115              		.section	.debug_line,"",%progbits
 1116              	.Ldebug_line0:
 1117 0000 49010000 		.section	.debug_str,"MS",%progbits,1
 1117      0200D600 
 1117      00000201 
 1117      FB0E0D00 
 1117      01010101 
 1118              	.LASF19:
 1119 0000 72656733 		.ascii	"reg32\000"
 1119      3200
 1120              	.LASF12:
 1121 0006 73697A65 		.ascii	"size_t\000"
 1121      5F7400
 1122              	.LASF32:
 1123 000d 416E616C 		.ascii	"AnalogSetDefault\000"
 1123      6F675365 
 1123      74446566 
 1123      61756C74 
 1123      00
 1124              	.LASF27:
 1125 001e 4379496E 		.ascii	"CyIntSetVector\000"
 1125      74536574 
 1125      56656374 
 1125      6F7200
 1126              	.LASF25:
 1127 002d 6366675F 		.ascii	"cfg_memset_list\000"
 1127      6D656D73 
 1127      65745F6C 
 1127      69737400 
 1128              	.LASF21:
 1129 003d 436C6F63 		.ascii	"ClockSetup\000"
 1129      6B536574 
 1129      757000
 1130              	.LASF6:
ARM GAS  C:\Users\tsien\AppData\Local\Temp\cc33oFhP.s 			page 27


 1131 0048 73686F72 		.ascii	"short unsigned int\000"
 1131      7420756E 
 1131      7369676E 
 1131      65642069 
 1131      6E7400
 1132              	.LASF16:
 1133 005b 666C6F61 		.ascii	"float\000"
 1133      7400
 1134              	.LASF23:
 1135 0061 73697A65 		.ascii	"size\000"
 1135      00
 1136              	.LASF18:
 1137 0066 72656738 		.ascii	"reg8\000"
 1137      00
 1138              	.LASF8:
 1139 006b 6C6F6E67 		.ascii	"long unsigned int\000"
 1139      20756E73 
 1139      69676E65 
 1139      6420696E 
 1139      7400
 1140              	.LASF13:
 1141 007d 75696E74 		.ascii	"uint8\000"
 1141      3800
 1142              	.LASF20:
 1143 0083 43594D45 		.ascii	"CYMEMZERO\000"
 1143      4D5A4552 
 1143      4F00
 1144              	.LASF4:
 1145 008d 756E7369 		.ascii	"unsigned char\000"
 1145      676E6564 
 1145      20636861 
 1145      7200
 1146              	.LASF34:
 1147 009b 6D656D73 		.ascii	"memset\000"
 1147      657400
 1148              	.LASF17:
 1149 00a2 646F7562 		.ascii	"double\000"
 1149      6C6500
 1150              	.LASF28:
 1151 00a9 4379496E 		.ascii	"CyIntEnable\000"
 1151      74456E61 
 1151      626C6500 
 1152              	.LASF14:
 1153 00b5 75696E74 		.ascii	"uint16\000"
 1153      313600
 1154              	.LASF15:
 1155 00bc 75696E74 		.ascii	"uint32\000"
 1155      333200
 1156              	.LASF0:
 1157 00c3 756E7369 		.ascii	"unsigned int\000"
 1157      676E6564 
 1157      20696E74 
 1157      00
 1158              	.LASF33:
 1159 00d0 63796669 		.ascii	"cyfitter_cfg\000"
 1159      74746572 
 1159      5F636667 
ARM GAS  C:\Users\tsien\AppData\Local\Temp\cc33oFhP.s 			page 28


 1159      00
 1160              	.LASF22:
 1161 00dd 61646472 		.ascii	"address\000"
 1161      65737300 
 1162              	.LASF9:
 1163 00e5 6C6F6E67 		.ascii	"long long unsigned int\000"
 1163      206C6F6E 
 1163      6720756E 
 1163      7369676E 
 1163      65642069 
 1164              	.LASF29:
 1165 00fc 474E5520 		.ascii	"GNU C11 5.4.1 20160609 (release) [ARM/embedded-5-br"
 1165      43313120 
 1165      352E342E 
 1165      31203230 
 1165      31363036 
 1166 012f 616E6368 		.ascii	"anch revision 237715] -mcpu=cortex-m0 -mthumb -g -O"
 1166      20726576 
 1166      6973696F 
 1166      6E203233 
 1166      37373135 
 1167 0162 67202D66 		.ascii	"g -ffunction-sections -ffat-lto-objects\000"
 1167      66756E63 
 1167      74696F6E 
 1167      2D736563 
 1167      74696F6E 
 1168              	.LASF24:
 1169 018a 6366675F 		.ascii	"cfg_memset_t\000"
 1169      6D656D73 
 1169      65745F74 
 1169      00
 1170              	.LASF10:
 1171 0197 73697A65 		.ascii	"sizetype\000"
 1171      74797065 
 1171      00
 1172              	.LASF1:
 1173 01a0 6C6F6E67 		.ascii	"long long int\000"
 1173      206C6F6E 
 1173      6720696E 
 1173      7400
 1174              	.LASF11:
 1175 01ae 63686172 		.ascii	"char\000"
 1175      00
 1176              	.LASF5:
 1177 01b3 73686F72 		.ascii	"short int\000"
 1177      7420696E 
 1177      7400
 1178              	.LASF26:
 1179 01bd 43795379 		.ascii	"CySysClkWriteImoFreq\000"
 1179      73436C6B 
 1179      57726974 
 1179      65496D6F 
 1179      46726571 
 1180              	.LASF31:
 1181 01d2 433A5C55 		.ascii	"C:\\Users\\tsien\\Documents\\GitHub\\Battery_Manage"
 1181      73657273 
 1181      5C747369 
ARM GAS  C:\Users\tsien\AppData\Local\Temp\cc33oFhP.s 			page 29


 1181      656E5C44 
 1181      6F63756D 
 1182 0200 6D656E74 		.ascii	"ment_Board_PY2023\\BatteryBalance\\BatteryBalance.c"
 1182      5F426F61 
 1182      72645F50 
 1182      59323032 
 1182      335C4261 
 1183 0231 7964736E 		.ascii	"ydsn\000"
 1183      00
 1184              	.LASF7:
 1185 0236 6C6F6E67 		.ascii	"long int\000"
 1185      20696E74 
 1185      00
 1186              	.LASF2:
 1187 023f 6C6F6E67 		.ascii	"long double\000"
 1187      20646F75 
 1187      626C6500 
 1188              	.LASF3:
 1189 024b 7369676E 		.ascii	"signed char\000"
 1189      65642063 
 1189      68617200 
 1190              	.LASF30:
 1191 0257 47656E65 		.ascii	"Generated_Source\\PSoC4\\cyfitter_cfg.c\000"
 1191      72617465 
 1191      645F536F 
 1191      75726365 
 1191      5C50536F 
 1192              		.ident	"GCC: (GNU Tools for ARM Embedded Processors) 5.4.1 20160609 (release) [ARM/embedded-5-bran
